#
# A fatal error has been detected by the Java Runtime Environment:
#
#  SIGSEGV (0xb) at pc=0x0000781f5bd1adff, pid=442319, tid=442376
#
# JRE version: OpenJDK Runtime Environment (21.0.9) (build 21.0.9-internal-adhoc.talzuss.openjdk-mmtk)
# Java VM: OpenJDK 64-Bit Server VM (21.0.9-internal-adhoc.talzuss.openjdk-mmtk, mixed mode, sharing, tiered, compressed oops, compressed class ptrs, third-party gc, linux-amd64)
# Problematic frame:
# v  ~BufferBlob::vtable chunks 0x0000781f5bd1adff
#
# No core dump will be written. Core dumps have been disabled. To enable core dumping, try "ulimit -c unlimited" before starting Java again
#
# If you would like to submit a bug report, please visit:
#   https://bugreport.java.com/bugreport/crash.jsp
#

---------------  S U M M A R Y ------------

Command Line: -XX:+UseThirdPartyHeap -Xms512m -Xmx512m /mydata/dacapo/dacapo-23.11/dacapo-23.11-MR2-chopin.jar xalan -n 3

Host: AMD EPYC 7302P 16-Core Processor, 32 cores, 125G, Ubuntu 24.04.4 LTS
Time: Tue Jul  7 19:56:23 2026 MDT elapsed time: 3.237915 seconds (0d 0h 0m 3s)

---------------  T H R E A D  ---------------

Current thread (0x0000781f6c7bc970):  JavaThread "Thread-12"        [_thread_in_Java, id=442376, stack(0x00006b7234bf6000,0x00006b7234cf6000) (1024K)]

Stack: [0x00006b7234bf6000,0x00006b7234cf6000],  sp=0x00006b7234cf4178,  free space=1016k
Native frames: (J=compiled Java code, j=interpreted, Vv=VM code, C=native code)
v  ~BufferBlob::vtable chunks 0x0000781f5bd1adff

siginfo: si_signo: 11 (SIGSEGV), si_code: 2 (SEGV_ACCERR), si_addr: 0x00006b73b7000599

Registers:
RAX=0x00006b723801ea90, RBX=0x0000000000000000, RCX=0x0000000052ab8ce8, RDX=0x000000004131eaf0
RSP=0x00006b7234cf4178, RBP=0x0000000000000001, RSI=0x0000000042177dd0, RDI=0x00000000413c7178
R8 =0x0000000051e84828, R9 =0x0000000042177dd0, R10=0x00006b7237000001, R11=0x0000000030000078
R12=0x0000000000000000, R13=0x0000000000000000, R14=0x00006b723801ea90, R15=0x0000781f6c7bc970
RIP=0x0000781f5bd1adff, EFLAGS=0x0000000000010202, CSGSFS=0x002b000000000033, ERR=0x0000000000000004
  TRAPNO=0x000000000000000e

XMM[0]=0x0000000000000000 0x0000000052b18d60
XMM[1]=0x0000000000000000 0x0000000000000000
XMM[2]=0x0000000000000000 0x0000000000000001
XMM[3]=0x0000000000000000 0x0000000000000000
XMM[4]=0x0000000000000000 0x0000000000000001
XMM[5]=0x0000000000000000 0x0000000000000037
XMM[6]=0x0000000000000000 0x0000000000000000
XMM[7]=0x0000000000000000 0x0000000000000000
XMM[8]=0xff00ff00ff00ff00 0xff00ff00ff00ff00
XMM[9]=0x0000000000000000 0x0000000000000000
XMM[10]=0x0000000000000000 0x00000000092081c0
XMM[11]=0x0000000000000000 0xefe56f37ed4f5e0b
XMM[12]=0x0000000000000000 0x00000000fd69eed4
XMM[13]=0x0000000000000000 0x0000000000000000
XMM[14]=0x0000000000000000 0x0000000000000000
XMM[15]=0x0000000000000000 0x0000000000000000
  MXCSR=0x00001fa2


Register to memory mapping:

RAX=
[error occurred during error reporting (printing register info), id 0xe0000000, Internal Error (/mydata/mmtk-openjdk/openjdk/share/mmtkHeap.cpp:444)]
RBX=0x0 is null
RCX=
[error occurred during error reporting (printing register info, attempt 2), id 0xe0000000, Internal Error (/mydata/mmtk-openjdk/openjdk/share/mmtkHeap.cpp:444)]
RDX=
[error occurred during error reporting (printing register info, attempt 3), id 0xe0000000, Internal Error (/mydata/mmtk-openjdk/openjdk/share/mmtkHeap.cpp:444)]
Top of Stack: (sp=0x00006b7234cf4178)
0x00006b7234cf4178:   0000781f5c59a9fc 0001000100000001
0x00006b7234cf4188:   0000000040e05ea8 0000000052b19060
0x00006b7234cf4198:   0000000052b81758 0000000052b817b8
0x00006b7234cf41a8:   00000000413d7708 0000000040e7ce68
0x00006b7234cf41b8:   40fe2fb051e849d8 0000000600000000
0x00006b7234cf41c8:   0000000200010000 0000000052ab8e38
0x00006b7234cf41d8:   0000000051e849d8 0000000052b81910
0x00006b7234cf41e8:   0000000051e84560 0000000052b819b0
0x00006b7234cf41f8:   413d770852b85fd8 52b1906000000001
0x00006b7234cf4208:   52b819b052b81910 52b8175852b817b8
0x00006b7234cf4218:   0000000040fe2fb0 0000000052ab8e38
0x00006b7234cf4228:   0000000052b85fd8 0000000052b19060
0x00006b7234cf4238:   51e847d000000000 0000000040e052d0
0x00006b7234cf4248:   0000000051e847d0 0000000052b19290
0x00006b7234cf4258:   0000781f5c4a1728 0000000000010001
0x00006b7234cf4268:   0000000051e849d8 0000000000010000
0x00006b7234cf4278:   0000000a00000000 0000000000000001
0x00006b7234cf4288:   0000781f54da77b4 00006b7234cf42a0
0x00006b7234cf4298:   0000781f5bd13ec4 0000000000000000
0x00006b7234cf42a8:   0000781f5c51d804 0001000040e781b0
0x00006b7234cf42b8:   0000000040e7ce68 0000000100000000
0x00006b7234cf42c8:   0000000051e849d8 400698d851e84980
0x00006b7234cf42d8:   0000000000000000 0000000051e84560
0x00006b7234cf42e8:   0000781f54e3b30c 0000000000000001
0x00006b7234cf42f8:   0000781f40e781b0 402af55800010000
0x00006b7234cf4308:   0000000051e849d8 0000000000000001
0x00006b7234cf4318:   0000781f5c4b089c 0000000051e84560
0x00006b7234cf4328:   51e849d800000001 0000000051e849d8
0x00006b7234cf4338:   0000000040e7ce68 00006b7240e7ce68
0x00006b7234cf4348:   0000000000010000 00006b7200010000
0x00006b7234cf4358:   0000000052b81910 0000000000000001
0x00006b7234cf4368:   0000781f00000200 00006b7234cf4a08 

Instructions: (pc=0x0000781f5bd1adff)
0x0000781f5bd1acff:   00 37 72 6b 00 00 49 03 c2 48 8b 98 70 02 00 00
0x0000781f5bd1ad0f:   ff 63 40 00 00 00 00 00 00 00 00 00 00 00 00 00
0x0000781f5bd1ad1f:   00 03 00 7f 00 07 00 00 00 4c 8b 70 08 48 8b 00
0x0000781f5bd1ad2f:   44 8b 56 08 49 bb 00 00 00 37 72 6b 00 00 4d 03
0x0000781f5bd1ad3f:   d3 45 8b 9a ac 00 00 00 4b 8b 9c da d8 01 00 00
0x0000781f5bd1ad4f:   4f 8d 9c da e8 01 00 00 4d 33 ed 49 3b c6 75 24
0x0000781f5bd1ad5f:   48 85 db 74 46 48 3b c3 74 35 49 8b 1b 49 83 c3
0x0000781f5bd1ad6f:   10 48 3b c3 74 29 48 85 db 75 ef eb 2e 49 8b 1b
0x0000781f5bd1ad7f:   49 83 c3 10 48 3b c3 45 0f 44 6b f8 4c 3b f3 74
0x0000781f5bd1ad8f:   07 48 85 db 75 e7 eb 13 4d 85 ed 74 cd eb 04 45
0x0000781f5bd1ad9f:   8b 6b f8 4b 8b 5c 2a 18 ff 63 40 e9 d1 31 f0 ff
0x0000781f5bd1adaf:   00 00 00 00 00 00 00 00 00 00 00 00 00 00 00 00
0x0000781f5bd1adbf:   00 00 00 00 00 00 00 00 00 00 00 00 00 00 00 00
0x0000781f5bd1adcf:   00 00 00 00 00 00 00 00 00 04 00 7f 00 07 00 00
0x0000781f5bd1addf:   00 4c 8b 70 08 48 8b 00 44 8b 56 08 49 bb 00 00
0x0000781f5bd1adef:   00 37 72 6b 00 00 4d 03 d3 45 8b 9a ac 00 00 00
0x0000781f5bd1adff:   4b 8b 9c da d8 01 00 00 4f 8d 9c da e8 01 00 00
0x0000781f5bd1ae0f:   4d 33 ed 49 3b c6 75 24 48 85 db 74 46 48 3b c3
0x0000781f5bd1ae1f:   74 35 49 8b 1b 49 83 c3 10 48 3b c3 74 29 48 85
0x0000781f5bd1ae2f:   db 75 ef eb 2e 49 8b 1b 49 83 c3 10 48 3b c3 45
0x0000781f5bd1ae3f:   0f 44 6b f8 4c 3b f3 74 07 48 85 db 75 e7 eb 13
0x0000781f5bd1ae4f:   4d 85 ed 74 cd eb 04 45 8b 6b f8 4b 8b 5c 2a 20
0x0000781f5bd1ae5f:   ff 63 40 e9 19 31 f0 ff 00 00 00 00 00 00 00 00
0x0000781f5bd1ae6f:   00 00 00 00 00 00 00 00 00 00 00 00 00 00 00 00
0x0000781f5bd1ae7f:   00 00 00 00 00 00 00 00 00 00 00 00 00 00 00 00
0x0000781f5bd1ae8f:   00 1b 00 17 00 00 00 01 00 8b 46 08 49 ba 00 00
0x0000781f5bd1ae9f:   00 37 72 6b 00 00 49 03 c2 48 8b 98 b0 02 00 00
0x0000781f5bd1aeaf:   ff 63 40 00 00 00 00 00 00 00 00 00 00 00 00 00
0x0000781f5bd1aebf:   00 0c 00 17 00 00 00 01 00 8b 46 08 49 ba 00 00
0x0000781f5bd1aecf:   00 37 72 6b 00 00 49 03 c2 48 8b 98 38 02 00 00
0x0000781f5bd1aedf:   ff 63 40 00 00 00 00 00 00 98 ab d1 5b 1f 78 00
0x0000781f5bd1aeef:   00 05 00 7f 00 07 00 00 00 4c 8b 70 08 48 8b 00 


Stack slot to memory mapping:

stack at sp + 0 slots: 0x0000781f5c59a9fc is at entry_point+4220 in (nmethod*)0x0000781f5c599110
Compiled method (c2) 3240 2316   !   4       org.apache.xalan.templates.ElemApplyTemplates::transformSelectedNodes (979 bytes)
 total in heap  [0x0000781f5c599110,0x0000781f5c5acb30] = 80416
 relocation     [0x0000781f5c599268,0x0000781f5c599968] = 1792
 main code      [0x0000781f5c599980,0x0000781f5c5a4d58] = 46040
 stub code      [0x0000781f5c5a4d58,0x0000781f5c5a4de8] = 144
 oops           [0x0000781f5c5a4de8,0x0000781f5c5a4df8] = 16
 metadata       [0x0000781f5c5a4df8,0x0000781f5c5a5178] = 896
 scopes data    [0x0000781f5c5a5178,0x0000781f5c5aafc0] = 24136
 scopes pcs     [0x0000781f5c5aafc0,0x0000781f5c5ac420] = 5216
 dependencies   [0x0000781f5c5ac420,0x0000781f5c5ac510] = 240
 handler table  [0x0000781f5c5ac510,0x0000781f5c5ac828] = 792
 nul chk table  [0x0000781f5c5ac828,0x0000781f5c5acb30] = 776
stack at sp + 1 slots: 
[error occurred during error reporting (inspecting top of stack), id 0xe0000000, Internal Error (/mydata/mmtk-openjdk/openjdk/share/mmtkHeap.cpp:444)]
stack at sp + 2 slots: 
[error occurred during error reporting (inspecting top of stack, attempt 2), id 0xe0000000, Internal Error (/mydata/mmtk-openjdk/openjdk/share/mmtkHeap.cpp:444)]
stack at sp + 3 slots: 
[error occurred during error reporting (inspecting top of stack, attempt 3), id 0xe0000000, Internal Error (/mydata/mmtk-openjdk/openjdk/share/mmtkHeap.cpp:444)]
--------------------------------------------------------------------------------
Decoding CodeBlob, name: vtable chunks, at  [0x0000781f5bd1a680, 0x0000781f5bd1b088]  2568 bytes
[MachCode]
  0x0000781f5bd1a680: 0000 0000 | 0000 0000 | 0300 1700 | 0000 0149 | 8b46 0849 | ba00 0000 | 3772 6b00 | 0049 03c2 
  0x0000781f5bd1a6a0: 488b 98f0 | 0100 00ff | 6340 49ba | f05e fd71 | 1f78 0000 | 41ff d20f | 1f84 0000 | 0000 004d 
  0x0000781f5bd1a6c0: 89a7 b806 | 0000 4d89 | a7c0 0600 | 0049 8b87 | 0000 0000 | 0000 0000 | 0100 1700 | 0000 0175 
  0x0000781f5bd1a6e0: 8b46 0849 | ba00 0000 | 3772 6b00 | 0049 03c2 | 488b 98e0 | 0100 00ff | 6340 e200 | 0000 0000 
  0x0000781f5bd1a700: 0000 0000 | 0000 0000 | 0000 7e00 | 0700 0000 | 4c8b 7008 | 488b 0044 | 8b56 0849 | bb00 0000 
  0x0000781f5bd1a720: 3772 6b00 | 004d 03d3 | 458b 9aac | 0000 004b | 8b9c dad8 | 0100 004f | 8d9c dae8 | 0100 004d 
  0x0000781f5bd1a740: 33ed 493b | c675 2448 | 85db 7445 | 483b c374 | 3549 8b1b | 4983 c310 | 483b c374 | 2948 85db 
  0x0000781f5bd1a760: 75ef eb2d | 498b 1b49 | 83c3 1048 | 3bc3 450f | 446b f84c | 3bf3 7407 | 4885 db75 | e7eb 124d 
  0x0000781f5bd1a780: 85ed 74cd | eb04 458b | 6bf8 4b8b | 1c2a ff63 | 40e9 ea37 | f0ff 0000 | 0000 0000 | 0000 0000 
  0x0000781f5bd1a7a0: 0000 0000 | 0000 0000 | 0000 0000 | 0000 0000 | 0000 0000 | 0000 0000 | 0000 0000 | 0000 0000 
  0x0000781f5bd1a7c0: 0000 0000 | 0000 0000 | 0000 0000 | 0000 0000 | 0000 0000 | 0000 0000 | 0000 0000 | 0000 0000 
  0x0000781f5bd1a7e0: 0000 0000 | 0000 0000 | 0000 0000 | 0000 0000 | 0000 0000 | 0000 0000 | 0000 0000 | 0000 0000 
  0x0000781f5bd1a800: 0000 0000 | 0000 0000 | 0000 0000 | 0000 0000 | 0000 0000 | 0000 0000 | 0200 7f00 | 0700 0000 
  0x0000781f5bd1a820: 4c8b 7008 | 488b 0044 | 8b56 0849 | bb00 0000 | 3772 6b00 | 004d 03d3 | 458b 9aac | 0000 004b 
  0x0000781f5bd1a840: 8b9c dad8 | 0100 004f | 8d9c dae8 | 0100 004d | 33ed 493b | c675 2448 | 85db 7446 | 483b c374 
  0x0000781f5bd1a860: 3549 8b1b | 4983 c310 | 483b c374 | 2948 85db | 75ef eb2e | 498b 1b49 | 83c3 1048 | 3bc3 450f 
  0x0000781f5bd1a880: 446b f84c | 3bf3 7407 | 4885 db75 | e7eb 134d | 85ed 74cd | eb04 458b | 6bf8 4b8b | 5c2a 10ff 
  0x0000781f5bd1a8a0: 6340 e9d9 | 36f0 ff00 | 0000 0000 | 0000 0000 | 0000 0000 | 0000 0000 | 0000 0000 | 0000 0000 
  0x0000781f5bd1a8c0: 0000 0000 | 0000 0000 | 0000 0000 | 0000 0000 | 1c00 1700 | 0000 0100 | 8b46 0849 | ba00 0000 
  0x0000781f5bd1a8e0: 3772 6b00 | 0049 03c2 | 488b 98b8 | 0200 00ff | 6340 0000 | 0000 0000 | 0000 0000 | 0000 0000 
  0x0000781f5bd1a900: 1e00 1700 | 0000 0100 | 8b46 0849 | ba00 0000 | 3772 6b00 | 0049 03c2 | 488b 98c8 | 0200 00ff 
  0x0000781f5bd1a920: 6340 0000 | 0000 0000 | 0000 0000 | 0000 0000 | 0700 1700 | 0000 0100 | 8b46 0849 | ba00 0000 
  0x0000781f5bd1a940: 3772 6b00 | 0049 03c2 | 488b 9810 | 0200 00ff | 6340 0000 | 0000 0000 | 0000 0000 | 0000 0000 
  0x0000781f5bd1a960: 2800 1700 | 0000 0100 | 8b46 0849 | ba00 0000 | 3772 6b00 | 0049 03c2 | 488b 9818 | 0300 00ff 
  0x0000781f5bd1a980: 6340 0000 | 0000 0000 | 0000 0000 | 0000 0000 | 0600 1700 | 0000 0100 | 8b46 0849 | ba00 0000 
  0x0000781f5bd1a9a0: 3772 6b00 | 0049 03c2 | 488b 9808 | 0200 00ff | 6340 0000 | 0000 0000 | 0000 0000 | 0000 0000 
  0x0000781f5bd1a9c0: 0800 1700 | 0000 0100 | 8b46 0849 | ba00 0000 | 3772 6b00 | 0049 03c2 | 488b 9818 | 0200 00ff 
  0x0000781f5bd1a9e0: 6340 0000 | 0000 0000 | 0000 0000 | 0000 0000 | 0500 1700 | 0000 0100 | 8b46 0849 | ba00 0000 
  0x0000781f5bd1aa00: 3772 6b00 | 0049 03c2 | 488b 9800 | 0200 00ff | 6340 0000 | 0000 0000 | 0000 0000 | 0000 0000 
  0x0000781f5bd1aa20: be00 1700 | 0000 0100 | 8b46 0849 | ba00 0000 | 3772 6b00 | 0049 03c2 | 488b 98c8 | 0700 00ff 
  0x0000781f5bd1aa40: 6340 0000 | 0000 0000 | 0000 0000 | 0000 0000 | 8f00 1700 | 0000 0100 | 8b46 0849 | ba00 0000 
  0x0000781f5bd1aa60: 3772 6b00 | 0049 03c2 | 488b 9850 | 0600 00ff | 6340 0000 | 0000 0000 | 0000 0000 | 0000 0000 
  0x0000781f5bd1aa80: a800 1700 | 0000 0100 | 8b46 0849 | ba00 0000 | 3772 6b00 | 0049 03c2 | 488b 9818 | 0700 00ff 
  0x0000781f5bd1aaa0: 6340 0000 | 0000 0000 | 0000 0000 | 0000 0000 | b500 1700 | 0000 0100 | 8b46 0849 | ba00 0000 
  0x0000781f5bd1aac0: 3772 6b00 | 0049 03c2 | 488b 9880 | 0700 00ff | 6340 0000 | 0000 0000 | 0000 0000 | 0000 0000 
  0x0000781f5bd1aae0: 9600 1700 | 0000 0100 | 8b46 0849 | ba00 0000 | 3772 6b00 | 0049 03c2 | 488b 9888 | 0600 00ff 
  0x0000781f5bd1ab00: 6340 0000 | 0000 0000 | 0000 0000 | 0000 0000 | c300 1700 | 0000 0100 | 8b46 0849 | ba00 0000 
  0x0000781f5bd1ab20: 3772 6b00 | 0049 03c2 | 488b 98f0 | 0700 00ff | 6340 0000 | 0000 0000 | 0000 0000 | 0000 0000 
  0x0000781f5bd1ab40: b600 1700 | 0000 0100 | 8b46 0849 | ba00 0000 | 3772 6b00 | 0049 03c2 | 488b 9888 | 0700 00ff 
  0x0000781f5bd1ab60: 6340 0000 | 0000 0000 | 0000 0000 | 0000 0000 | 2200 1700 | 0000 0100 | 8b46 0849 | ba00 0000 
  0x0000781f5bd1ab80: 3772 6b00 | 0049 03c2 | 488b 98e8 | 0200 00ff | 6340 0000 | 0000 0000 | 0000 0000 | 0000 0000 
  0x0000781f5bd1aba0: 2e00 1700 | 0000 0100 | 8b46 0849 | ba00 0000 | 3772 6b00 | 0049 03c2 | 488b 9848 | 0300 00ff 
  0x0000781f5bd1abc0: 6340 0000 | 0000 0000 | 0000 0000 | 0000 0000 | 7600 1700 | 0000 0100 | 8b46 0849 | ba00 0000 
  0x0000781f5bd1abe0: 3772 6b00 | 0049 03c2 | 488b 9888 | 0500 00ff | 6340 0000 | 0000 0000 | 0000 0000 | 0000 0000 
  0x0000781f5bd1ac00: 8e00 1700 | 0000 0100 | 8b46 0849 | ba00 0000 | 3772 6b00 | 0049 03c2 | 488b 9848 | 0600 00ff 
  0x0000781f5bd1ac20: 6340 0000 | 0000 0000 | 0000 0000 | 0000 0000 | a100 1700 | 0000 0100 | 8b46 0849 | ba00 0000 
  0x0000781f5bd1ac40: 3772 6b00 | 0049 03c2 | 488b 98e0 | 0600 00ff | 6340 0000 | 0000 0000 | 0000 0000 | 0000 0000 
  0x0000781f5bd1ac60: 8b00 1700 | 0000 0100 | 8b46 0849 | ba00 0000 | 3772 6b00 | 0049 03c2 | 488b 9830 | 0600 00ff 
  0x0000781f5bd1ac80: 6340 0000 | 0000 0000 | 0000 0000 | 0000 0000 | a300 1700 | 0000 0100 | 8b46 0849 | ba00 0000 
  0x0000781f5bd1aca0: 3772 6b00 | 0049 03c2 | 488b 98f0 | 0600 00ff | 6340 0000 | 0000 0000 | 0000 0000 | 0000 0000 
  0x0000781f5bd1acc0: 8400 1700 | 0000 0100 | 8b46 0849 | ba00 0000 | 3772 6b00 | 0049 03c2 | 488b 98f8 | 0500 00ff 
  0x0000781f5bd1ace0: 6340 0000 | 0000 0000 | 0000 0000 | 0000 0000 | 1300 1700 | 0000 0100 | 8b46 0849 | ba00 0000 
  0x0000781f5bd1ad00: 3772 6b00 | 0049 03c2 | 488b 9870 | 0200 00ff | 6340 0000 | 0000 0000 | 0000 0000 | 0000 0000 
  0x0000781f5bd1ad20: 0300 7f00 | 0700 0000 | 4c8b 7008 | 488b 0044 | 8b56 0849 | bb00 0000 | 3772 6b00 | 004d 03d3 
  0x0000781f5bd1ad40: 458b 9aac | 0000 004b | 8b9c dad8 | 0100 004f | 8d9c dae8 | 0100 004d | 33ed 493b | c675 2448 
  0x0000781f5bd1ad60: 85db 7446 | 483b c374 | 3549 8b1b | 4983 c310 | 483b c374 | 2948 85db | 75ef eb2e | 498b 1b49 
  0x0000781f5bd1ad80: 83c3 1048 | 3bc3 450f | 446b f84c | 3bf3 7407 | 4885 db75 | e7eb 134d | 85ed 74cd | eb04 458b 
  0x0000781f5bd1ada0: 6bf8 4b8b | 5c2a 18ff | 6340 e9d1 | 31f0 ff00 | 0000 0000 | 0000 0000 | 0000 0000 | 0000 0000 
  0x0000781f5bd1adc0: 0000 0000 | 0000 0000 | 0000 0000 | 0000 0000 | 0000 0000 | 0000 0000 | 0400 7f00 | 0700 0000 
  0x0000781f5bd1ade0: 4c8b 7008 | 488b 0044 | 8b56 0849 | bb00 0000 | 3772 6b00 | 004d 03d3 | 458b 9aac | 0000 004b 
  0x0000781f5bd1ae00: 8b9c dad8 | 0100 004f | 8d9c dae8 | 0100 004d | 33ed 493b | c675 2448 | 85db 7446 | 483b c374 
  0x0000781f5bd1ae20: 3549 8b1b | 4983 c310 | 483b c374 | 2948 85db | 75ef eb2e | 498b 1b49 | 83c3 1048 | 3bc3 450f 
  0x0000781f5bd1ae40: 446b f84c | 3bf3 7407 | 4885 db75 | e7eb 134d | 85ed 74cd | eb04 458b | 6bf8 4b8b | 5c2a 20ff 
  0x0000781f5bd1ae60: 6340 e919 | 31f0 ff00 | 0000 0000 | 0000 0000 | 0000 0000 | 0000 0000 | 0000 0000 | 0000 0000 
  0x0000781f5bd1ae80: 0000 0000 | 0000 0000 | 0000 0000 | 0000 0000 | 1b00 1700 | 0000 0100 | 8b46 0849 | ba00 0000 
  0x0000781f5bd1aea0: 3772 6b00 | 0049 03c2 | 488b 98b0 | 0200 00ff | 6340 0000 | 0000 0000 | 0000 0000 | 0000 0000 
  0x0000781f5bd1aec0: 0c00 1700 | 0000 0100 | 8b46 0849 | ba00 0000 | 3772 6b00 | 0049 03c2 | 488b 9838 | 0200 00ff 
  0x0000781f5bd1aee0: 6340 0000 | 0000 0000 | 98ab d15b | 1f78 0000 | 0500 7f00 | 0700 0000 | 4c8b 7008 | 488b 0044 
  0x0000781f5bd1af00: 8b56 0849 | bb00 0000 | 3772 6b00 | 004d 03d3 | 458b 9aac | 0000 004b | 8b9c dad8 | 0100 004f 
  0x0000781f5bd1af20: 8d9c dae8 | 0100 004d | 33ed 493b | c675 2448 | 85db 7446 | 483b c374 | 3549 8b1b | 4983 c310 
  0x0000781f5bd1af40: 483b c374 | 2948 85db | 75ef eb2e | 498b 1b49 | 83c3 1048 | 3bc3 450f | 446b f84c | 3bf3 7407 
  0x0000781f5bd1af60: 4885 db75 | e7eb 134d | 85ed 74cd | eb04 458b | 6bf8 4b8b | 5c2a 28ff | 6340 e901 | 30f0 ff00 
  0x0000781f5bd1af80: 0000 0000 | 0000 0000 | 0000 0000 | 0000 0000 | 0000 0000 | 0000 0000 | 0000 0000 | 0000 0000 
  0x0000781f5bd1afa0: 0000 0000 | 0000 0000 | 0700 7f00 | 0700 0000 | 4c8b 7008 | 488b 0044 | 8b56 0849 | bb00 0000 
  0x0000781f5bd1afc0: 3772 6b00 | 004d 03d3 | 458b 9aac | 0000 004b | 8b9c dad8 | 0100 004f | 8d9c dae8 | 0100 004d 
  0x0000781f5bd1afe0: 33ed 493b | c675 2448 | 85db 7446 | 483b c374 | 3549 8b1b | 4983 c310 | 483b c374 | 2948 85db 
  0x0000781f5bd1b000: 75ef eb2e | 498b 1b49 | 83c3 1048 | 3bc3 450f | 446b f84c | 3bf3 7407 | 4885 db75 | e7eb 134d 
  0x0000781f5bd1b020: 85ed 74cd | eb04 458b | 6bf8 4b8b | 5c2a 38ff | 6340 e949 | 2ff0 ff00 | 0000 0000 | 0000 0000 
  0x0000781f5bd1b040: 0000 0000 | 0000 0000 | 0000 0000 | 0000 0000 | 0000 0000 | 0000 0000 | 0000 0000 | 0000 0000 
  0x0000781f5bd1b060: 0000 0000 | 0000 0000 | 0000 0000 | 0000 0000 | 0000 0000 | 0000 0000 | 0000 0000 | 0000 0000 
  0x0000781f5bd1b080: 0000 0000 | 0000 0000 
[/MachCode]
--------------------------------------------------------------------------------


---------------  P R O C E S S  ---------------

Threads class SMR info:
_java_thread_list=0x00006b70f4025010, length=56, elements={
0x0000781f6c02b240, 0x0000781f6c524f40, 0x0000781f6c5267d0, 0x0000781f6c5282e0,
0x0000781f6c546b10, 0x0000781f6c548460, 0x0000781f6c549d20, 0x0000781f6c54bb60,
0x0000781f6c555530, 0x00006b71b004d9e0, 0x00006b71a4001600, 0x0000781f6c59c550,
0x0000781f6c59f550, 0x00006b71a801b700, 0x00006b71a8025720, 0x00006b71a8026d90,
0x00006b71ac0a0b00, 0x0000781f6c7ab0c0, 0x0000781f6c7ad730, 0x0000781f6c7ae5f0,
0x0000781f6c7af9c0, 0x0000781f6c7b62f0, 0x0000781f6c7b7530, 0x0000781f6c7b8950,
0x0000781f6c7b1200, 0x0000781f6c7b25d0, 0x0000781f6c7b3a80, 0x0000781f6c7b9f30,
0x0000781f6c7bb4c0, 0x0000781f6c7bc970, 0x0000781f6c7bde20, 0x0000781f6c7bf2d0,
0x0000781f6c7c0a20, 0x0000781f6c7c2000, 0x0000781f6c7c35c0, 0x0000781f6c3df850,
0x0000781f6c3e0990, 0x0000781f6c3e1e30, 0x0000781f6c5cf420, 0x0000781f6c5d08c0,
0x0000781f6c5d1d60, 0x0000781f6c5d3200, 0x0000781f6c5d46a0, 0x0000781f6c5d5b40,
0x0000781f6c5d6fe0, 0x0000781f6c5d8480, 0x0000781f6c5c6410, 0x0000781f6c5c7ca0,
0x0000781f6c5c9530, 0x00006b71a80a1650, 0x00006b7108004f90, 0x00006b71941ae230,
0x00006b7194097ed0, 0x00006b7194099190, 0x00006b70f40225c0, 0x00006b70f4023d40
}

Java Threads: ( => current thread )
  0x0000781f6c02b240 JavaThread "main"                              [_thread_blocked, id=442320, stack(0x0000781f71100000,0x0000781f71200000) (1024K)]
  0x0000781f6c524f40 JavaThread "Reference Handler"          daemon [_thread_blocked, id=442325, stack(0x0000781f344fd000,0x0000781f345fd000) (1024K)]
  0x0000781f6c5267d0 JavaThread "Finalizer"                  daemon [_thread_blocked, id=442326, stack(0x00006b72802fc000,0x00006b72803fc000) (1024K)]
  0x0000781f6c5282e0 JavaThread "MMTk Finalizer Thread"      daemon [_thread_blocked, id=442327, stack(0x00006b727d100000,0x00006b727d200000) (1024K)]
  0x0000781f6c546b10 JavaThread "Signal Dispatcher"          daemon [_thread_blocked, id=442351, stack(0x00006b72364f6000,0x00006b72365f6000) (1024K)]
  0x0000781f6c548460 JavaThread "Service Thread"             daemon [_thread_blocked, id=442352, stack(0x00006b72363f6000,0x00006b72364f6000) (1024K)]
  0x0000781f6c549d20 JavaThread "Monitor Deflation Thread"   daemon [_thread_blocked, id=442353, stack(0x00006b72362f6000,0x00006b72363f6000) (1024K)]
  0x0000781f6c54bb60 JavaThread "C2 CompilerThread0"         daemon [_thread_in_native, id=442354, stack(0x00006b72361f6000,0x00006b72362f6000) (1024K)]
  0x0000781f6c555530 JavaThread "C1 CompilerThread0"         daemon [_thread_blocked, id=442355, stack(0x00006b72360f6000,0x00006b72361f6000) (1024K)]
  0x00006b71b004d9e0 JavaThread "C1 CompilerThread1"         daemon [_thread_blocked, id=442356, stack(0x00006b7235ff6000,0x00006b72360f6000) (1024K)]
  0x00006b71a4001600 JavaThread "C1 CompilerThread2"         daemon [_thread_in_vm, id=442357, stack(0x00006b7235ef6000,0x00006b7235ff6000) (1024K)]
  0x0000781f6c59c550 JavaThread "Notification Thread"        daemon [_thread_blocked, id=442358, stack(0x00006b7235df6000,0x00006b7235ef6000) (1024K)]
  0x0000781f6c59f550 JavaThread "Common-Cleaner"             daemon [_thread_blocked, id=442359, stack(0x00006b7235cf6000,0x00006b7235df6000) (1024K)]
  0x00006b71a801b700 JavaThread "C2 CompilerThread1"         daemon [_thread_in_native, id=442360, stack(0x00006b7235bf6000,0x00006b7235cf6000) (1024K)]
  0x00006b71a8025720 JavaThread "C1 CompilerThread3"         daemon [_thread_blocked, id=442361, stack(0x00006b7235af6000,0x00006b7235bf6000) (1024K)]
  0x00006b71a8026d90 JavaThread "C1 CompilerThread4"         daemon [_thread_blocked, id=442362, stack(0x00006b72359f6000,0x00006b7235af6000) (1024K)]
  0x00006b71ac0a0b00 JavaThread "C2 CompilerThread2"         daemon [_thread_in_native, id=442363, stack(0x00006b72358f6000,0x00006b72359f6000) (1024K)]
  0x0000781f6c7ab0c0 JavaThread "Thread-0"                          [_thread_in_Java, id=442364, stack(0x00006b72357f6000,0x00006b72358f6000) (1024K)]
  0x0000781f6c7ad730 JavaThread "Thread-1"                          [_thread_blocked, id=442365, stack(0x00006b72356f6000,0x00006b72357f6000) (1024K)]
  0x0000781f6c7ae5f0 JavaThread "Thread-2"                          [_thread_in_Java, id=442366, stack(0x00006b72355f6000,0x00006b72356f6000) (1024K)]
  0x0000781f6c7af9c0 JavaThread "Thread-3"                          [_thread_blocked, id=442367, stack(0x00006b72354f6000,0x00006b72355f6000) (1024K)]
  0x0000781f6c7b62f0 JavaThread "Thread-4"                          [_thread_in_Java, id=442368, stack(0x00006b72353f6000,0x00006b72354f6000) (1024K)]
  0x0000781f6c7b7530 JavaThread "Thread-5"                          [_thread_blocked, id=442369, stack(0x00006b72352f6000,0x00006b72353f6000) (1024K)]
  0x0000781f6c7b8950 JavaThread "Thread-6"                          [_thread_blocked, id=442370, stack(0x00006b72351f6000,0x00006b72352f6000) (1024K)]
  0x0000781f6c7b1200 JavaThread "Thread-7"                          [_thread_blocked, id=442371, stack(0x00006b72350f6000,0x00006b72351f6000) (1024K)]
  0x0000781f6c7b25d0 JavaThread "Thread-8"                          [_thread_blocked, id=442372, stack(0x00006b7234ff6000,0x00006b72350f6000) (1024K)]
  0x0000781f6c7b3a80 JavaThread "Thread-9"                          [_thread_in_Java, id=442373, stack(0x00006b7234ef6000,0x00006b7234ff6000) (1024K)]
  0x0000781f6c7b9f30 JavaThread "Thread-10"                         [_thread_in_Java, id=442374, stack(0x00006b7234df6000,0x00006b7234ef6000) (1024K)]
  0x0000781f6c7bb4c0 JavaThread "Thread-11"                         [_thread_blocked, id=442375, stack(0x00006b7234cf6000,0x00006b7234df6000) (1024K)]
=>0x0000781f6c7bc970 JavaThread "Thread-12"                         [_thread_in_Java, id=442376, stack(0x00006b7234bf6000,0x00006b7234cf6000) (1024K)]
  0x0000781f6c7bde20 JavaThread "Thread-13"                         [_thread_blocked, id=442377, stack(0x00006b7234af6000,0x00006b7234bf6000) (1024K)]
  0x0000781f6c7bf2d0 JavaThread "Thread-14"                         [_thread_blocked, id=442378, stack(0x00006b72349f6000,0x00006b7234af6000) (1024K)]
  0x0000781f6c7c0a20 JavaThread "Thread-15"                         [_thread_blocked, id=442379, stack(0x00006b72348f6000,0x00006b72349f6000) (1024K)]
  0x0000781f6c7c2000 JavaThread "Thread-16"                         [_thread_in_Java, id=442380, stack(0x00006b72347f6000,0x00006b72348f6000) (1024K)]
  0x0000781f6c7c35c0 JavaThread "Thread-17"                         [_thread_blocked, id=442381, stack(0x00006b72346f6000,0x00006b72347f6000) (1024K)]
  0x0000781f6c3df850 JavaThread "Thread-18"                         [_thread_in_vm, id=442382, stack(0x00006b72345f6000,0x00006b72346f6000) (1024K)]
  0x0000781f6c3e0990 JavaThread "Thread-19"                         [_thread_blocked, id=442383, stack(0x00006b72344f6000,0x00006b72345f6000) (1024K)]
  0x0000781f6c3e1e30 JavaThread "Thread-20"                         [_thread_blocked, id=442384, stack(0x00006b72343f6000,0x00006b72344f6000) (1024K)]
  0x0000781f6c5cf420 JavaThread "Thread-21"                         [_thread_blocked, id=442385, stack(0x00006b72342f6000,0x00006b72343f6000) (1024K)]
  0x0000781f6c5d08c0 JavaThread "Thread-22"                         [_thread_blocked, id=442386, stack(0x00006b72341f6000,0x00006b72342f6000) (1024K)]
  0x0000781f6c5d1d60 JavaThread "Thread-23"                         [_thread_blocked, id=442387, stack(0x00006b72340f6000,0x00006b72341f6000) (1024K)]
  0x0000781f6c5d3200 JavaThread "Thread-24"                         [_thread_blocked, id=442388, stack(0x00006b712bf00000,0x00006b712c000000) (1024K)]
  0x0000781f6c5d46a0 JavaThread "Thread-25"                         [_thread_blocked, id=442389, stack(0x00006b712be00000,0x00006b712bf00000) (1024K)]
  0x0000781f6c5d5b40 JavaThread "Thread-26"                         [_thread_blocked, id=442390, stack(0x00006b712bd00000,0x00006b712be00000) (1024K)]
  0x0000781f6c5d6fe0 JavaThread "Thread-27"                         [_thread_blocked, id=442391, stack(0x00006b712bc00000,0x00006b712bd00000) (1024K)]
  0x0000781f6c5d8480 JavaThread "Thread-28"                         [_thread_blocked, id=442392, stack(0x00006b712bb00000,0x00006b712bc00000) (1024K)]
  0x0000781f6c5c6410 JavaThread "Thread-29"                         [_thread_in_Java, id=442393, stack(0x00006b712ba00000,0x00006b712bb00000) (1024K)]
  0x0000781f6c5c7ca0 JavaThread "Thread-30"                         [_thread_in_vm, id=442394, stack(0x00006b712b900000,0x00006b712ba00000) (1024K)]
  0x0000781f6c5c9530 JavaThread "Thread-31"                         [_thread_blocked, id=442395, stack(0x00006b712b800000,0x00006b712b900000) (1024K)]
  0x00006b71a80a1650 JavaThread "C2 CompilerThread3"         daemon [_thread_in_native, id=442396, stack(0x00006b712b700000,0x00006b712b800000) (1024K)]
  0x00006b7108004f90 JavaThread "C2 CompilerThread4"         daemon [_thread_in_native, id=442397, stack(0x00006b712b600000,0x00006b712b700000) (1024K)]
  0x00006b71941ae230 JavaThread "C2 CompilerThread5"         daemon [_thread_in_native, id=442398, stack(0x00006b712b500000,0x00006b712b600000) (1024K)]
  0x00006b7194097ed0 JavaThread "C2 CompilerThread6"         daemon [_thread_in_native, id=442399, stack(0x00006b712b400000,0x00006b712b500000) (1024K)]
  0x00006b7194099190 JavaThread "C2 CompilerThread7"         daemon [_thread_in_native, id=442400, stack(0x00006b712b300000,0x00006b712b400000) (1024K)]
  0x00006b70f40225c0 JavaThread "C2 CompilerThread8"         daemon [_thread_in_native, id=442401, stack(0x00006b712b200000,0x00006b712b300000) (1024K)]
  0x00006b70f4023d40 JavaThread "C2 CompilerThread9"         daemon [_thread_in_native, id=442402, stack(0x00006b712b100000,0x00006b712b200000) (1024K)]
Total: 56

Other Threads:
  0x0000781f6c519a80 VMThread "VM Thread"                           [id=442324, stack(0x0000781f345fe000,0x0000781f346fe000) (1024K)]
  0x0000781f6c5076b0 WatcherThread "VM Periodic Task Thread"        [id=442323, stack(0x0000781f346ff000,0x0000781f347ff000) (1024K)]
Total: 2

Threads with active compile tasks:
C2 CompilerThread0  3248 3111       4       org.apache.xalan.templates.ElemNumber::getTargetNode (51 bytes)
C2 CompilerThread1  3248 3156       4       org.apache.xpath.functions.FuncId::execute (202 bytes)
C2 CompilerThread2  3248 3166       4       org.apache.xpath.functions.FuncId::getNodesByID (143 bytes)
C2 CompilerThread3  3248 3076   !   4       org.apache.xalan.transformer.TransformerImpl::transformToString (269 bytes)
C2 CompilerThread4  3248 3073       4       org.apache.xalan.transformer.CountersTable::countNode (300 bytes)
C2 CompilerThread5  3248 3158 % !   4       org.apache.xalan.transformer.TransformerImpl::transformNode @ 108 (489 bytes)
C2 CompilerThread6  3248 2994       4       org.apache.xpath.axes.WalkingIterator::setRoot (31 bytes)
C2 CompilerThread7  3248 3132   !   4       org.apache.xalan.templates.ElemElement::execute (371 bytes)
C2 CompilerThread8  3248 3186       4       java.util.Hashtable$Enumerator::hasMoreElements (53 bytes)
C2 CompilerThread9  3248 3139   !   4       org.apache.xalan.templates.ElemAttribute::constructNode (86 bytes)
Total: 10

VM state: not at safepoint (normal execution)

VM Mutex/Monitor currently owned by a thread: None

Heap address: 0x0000000040000000, size: 3072 MB, Compressed Oops mode: 32-bit

CDS archive(s) mapped at: [0x00006b7237000000-0x00006b7237ca3000-0x00006b7237ca3000), size 13250560, SharedBaseAddress: 0x00006b7237000000, ArchiveRelocationMode: 1.
Compressed class space mapped at: 0x00006b7238000000-0x00006b7278000000, reserved size: 1073741824
Narrow klass base: 0x00006b7237000000, Narrow klass shift: 0, Narrow klass range: 0x100000000

GC Precious Log:
<Empty>

Heap:

[error occurred during error reporting (printing heap information), id 0xe0000000, Internal Error (/mydata/mmtk-openjdk/openjdk/share/mmtkHeap.cpp:424)]
Metaspace:

Usage:
  Non-class:      7.12 MB used.
      Class:    967.56 KB used.
       Both:      8.07 MB used.

Virtual space:
  Non-class space:       64.00 MB reserved,       7.25 MB ( 11%) committed,  1 nodes.
      Class space:        1.00 GB reserved,       1.06 MB ( <1%) committed,  1 nodes.
             Both:        1.06 GB reserved,       8.31 MB ( <1%) committed. 

Chunk freelists:
   Non-Class:  7.26 MB
       Class:  14.99 MB
        Both:  22.25 MB

MaxMetaspaceSize: unlimited
CompressedClassSpaceSize: 1.00 GB
Initial GC threshold: 21.00 MB
Current GC threshold: 21.00 MB
CDS: on
 - commit_granule_bytes: 65536.
 - commit_granule_words: 8192.
 - virtual_space_node_default_size: 8388608.
 - enlarge_chunks_in_place: 1.
 - use_allocation_guard: 0.


Internal statistics:

num_allocs_failed_limit: 0.
num_arena_births: 128.
num_arena_deaths: 0.
num_vsnodes_births: 2.
num_vsnodes_deaths: 0.
num_space_committed: 133.
num_space_uncommitted: 0.
num_chunks_returned_to_freelist: 0.
num_chunks_taken_from_freelist: 378.
num_chunk_merges: 0.
num_chunk_splits: 269.
num_chunks_enlarged: 212.
num_inconsistent_stats: 0.

CodeHeap 'non-profiled nmethods': size=118880Kb used=2058Kb max_used=2058Kb free=116821Kb
 bounds [0x0000781f5c3e8000, 0x0000781f5c658000, 0x0000781f63800000]
CodeHeap 'profiled nmethods': size=118876Kb used=6621Kb max_used=6621Kb free=112254Kb
 bounds [0x0000781f54800000, 0x0000781f54e80000, 0x0000781f5bc17000]
CodeHeap 'non-nmethods': size=8004Kb used=3477Kb max_used=3562Kb free=4526Kb
 bounds [0x0000781f5bc17000, 0x0000781f5bfa7000, 0x0000781f5c3e8000]
CodeCache: size=245760Kb, used=12156Kb, max_used=12241Kb, free=233601Kb
 total_blobs=3624, nmethods=3140, adapters=381, full_count=0
Compilation: enabled, stopped_count=0, restarted_count=0

Compilation events (20 events):
Event: 3.237 Thread 0x00006b71a4001600 3170       3       org.apache.xml.dtm.ref.DTMDefaultBaseIterators$PrecedingSiblingIterator::setStartNode (141 bytes)
Event: 3.237 Thread 0x00006b71a8026d90 nmethod 3169 0x0000781f54e64a90 code [0x0000781f54e64ce0, 0x0000781f54e655c8]
Event: 3.237 Thread 0x00006b71a8025720 3171       3       org.apache.xpath.axes.OneStepIterator::getNextNode (15 bytes)
Event: 3.237 Thread 0x00006b71b004d9e0 3172       3       org.apache.xml.dtm.ref.DTMDefaultBaseIterators$PrecedingSiblingIterator::next (51 bytes)
Event: 3.237 Thread 0x00006b71a8026d90 3173       3       org.apache.xpath.axes.OneStepIterator::detach (25 bytes)
Event: 3.237 Thread 0x00006b71a8025720 nmethod 3171 0x0000781f54e65990 code [0x0000781f54e65b40, 0x0000781f54e65d20]
Event: 3.237 Thread 0x00006b71a8025720 3175       3       org.apache.xpath.objects.XNodeSet::compare (453 bytes)
Event: 3.237 Thread 0x00006b70f40225c0 nmethod 3124 0x0000781f5c5e7010 code [0x0000781f5c5e71a0, 0x0000781f5c5e7440]
Event: 3.237 Thread 0x00006b71a8026d90 nmethod 3173 0x0000781f54e65e10 code [0x0000781f54e65fc0, 0x0000781f54e661f8]
Event: 3.237 Thread 0x0000781f6c555530 3176       3       org.apache.xpath.objects.XNodeSet::iterRaw (2 bytes)
Event: 3.237 Thread 0x00006b70f40225c0 3128       4       org.apache.xml.dtm.ref.DTMDefaultBaseIterators::getAxisIterator (284 bytes)
Event: 3.237 Thread 0x0000781f6c555530 nmethod 3176 0x0000781f54e66310 code [0x0000781f54e664a0, 0x0000781f54e665a8]
Event: 3.237 Thread 0x0000781f6c555530 3177       3       org.apache.xpath.objects.EqualComparator::compareStrings (8 bytes)
Event: 3.237 Thread 0x0000781f6c555530 nmethod 3177 0x0000781f54e66610 code [0x0000781f54e667c0, 0x0000781f54e66960]
Event: 3.237 Thread 0x0000781f6c555530 3178       3       org.apache.xpath.axes.NodeSequence::reset (6 bytes)
Event: 3.237 Thread 0x00006b71a8026d90 3174   !   3       org.apache.xpath.objects.XNodeSet::equals (19 bytes)
Event: 3.237 Thread 0x00006b71b004d9e0 nmethod 3172 0x0000781f54e66a90 code [0x0000781f54e66c60, 0x0000781f54e67030]
Event: 3.237 Thread 0x00006b71b004d9e0 3179       3       org.apache.xpath.axes.OneStepIterator::setRoot (46 bytes)
Event: 3.237 Thread 0x00006b71a8026d90 nmethod 3174 0x0000781f54e67210 code [0x0000781f54e673e0, 0x0000781f54e67690]
Event: 3.237 Thread 0x0000781f6c555530 nmethod 3178 0x0000781f54e67810 code [0x0000781f54e679a0, 0x0000781f54e67aa8]

GC Heap History (0 events):
No events

Dll operation events (7 events):
Event: 0.001 Loaded shared library /mydata/openjdk-mmtk/build/b0test/images/jdk/lib/libjava.so
Event: 2.213 Loaded shared library /mydata/openjdk-mmtk/build/b0test/images/jdk/lib/libjsvml.so
Event: 2.226 Loaded shared library /mydata/openjdk-mmtk/build/b0test/images/jdk/lib/libnio.so
Event: 2.229 Loaded shared library /mydata/openjdk-mmtk/build/b0test/images/jdk/lib/libzip.so
Event: 2.242 Loaded shared library /mydata/openjdk-mmtk/build/b0test/images/jdk/lib/libjimage.so
Event: 2.268 Loaded shared library /mydata/openjdk-mmtk/build/b0test/images/jdk/lib/libnet.so
Event: 2.367 Loaded shared library /mydata/openjdk-mmtk/build/b0test/images/jdk/lib/libverify.so

Deoptimization events (20 events):
Event: 3.185 Thread 0x0000781f6c7ab0c0 Uncommon trap: trap_request=0xffffff45 fr.pc=0x0000781f5c598fe4 relative=0x0000000000000064
Event: 3.185 Thread 0x0000781f6c7ab0c0 Uncommon trap: reason=unstable_if action=reinterpret pc=0x0000781f5c598fe4 method=java.lang.Integer.stringSize(I)I @ 24 c2
Event: 3.185 Thread 0x0000781f6c7ab0c0 DEOPT PACKING pc=0x0000781f5c598fe4 sp=0x00006b72358f4890
Event: 3.185 Thread 0x0000781f6c7ab0c0 DEOPT UNPACKING pc=0x0000781f5bc6a399 sp=0x00006b72358f4830 mode 2
Event: 3.185 Thread 0x0000781f6c7ab0c0 Uncommon trap: trap_request=0xffffff45 fr.pc=0x0000781f5c5ace30 relative=0x0000000000000110
Event: 3.185 Thread 0x0000781f6c7ab0c0 Uncommon trap: reason=unstable_if action=reinterpret pc=0x0000781f5c5ace30 method=java.lang.Integer.getChars(II[B)I @ 88 c2
Event: 3.185 Thread 0x0000781f6c7ab0c0 DEOPT PACKING pc=0x0000781f5c5ace30 sp=0x00006b72358f4880
Event: 3.185 Thread 0x0000781f6c7ab0c0 DEOPT UNPACKING pc=0x0000781f5bc6a399 sp=0x00006b72358f4828 mode 2
Event: 3.185 Thread 0x0000781f6c7ab0c0 Uncommon trap: trap_request=0xffffffde fr.pc=0x0000781f5c4853cc relative=0x000000000000030c
Event: 3.185 Thread 0x0000781f6c7ab0c0 Uncommon trap: reason=class_check action=maybe_recompile pc=0x0000781f5c4853cc method=java.io.Writer.write(Ljava/lang/String;)V @ 7 c2
Event: 3.185 Thread 0x0000781f6c7ab0c0 DEOPT PACKING pc=0x0000781f5c4853cc sp=0x00006b72358f4810
Event: 3.185 Thread 0x0000781f6c7ab0c0 DEOPT UNPACKING pc=0x0000781f5bc6a399 sp=0x00006b72358f47c8 mode 2
Event: 3.185 Thread 0x0000781f6c7ab0c0 Uncommon trap: trap_request=0xffffffde fr.pc=0x0000781f5c477958 relative=0x00000000000006f8
Event: 3.185 Thread 0x0000781f6c7ab0c0 Uncommon trap: reason=class_check action=maybe_recompile pc=0x0000781f5c477958 method=java.nio.charset.CharsetEncoder.encode(Ljava/nio/CharBuffer;Ljava/nio/ByteBuffer;Z)Ljava/nio/charset/CoderResult; @ 57 c2
Event: 3.185 Thread 0x0000781f6c7ab0c0 DEOPT PACKING pc=0x0000781f5c477958 sp=0x00006b72358f46c0
Event: 3.185 Thread 0x0000781f6c7ab0c0 DEOPT UNPACKING pc=0x0000781f5bc6a399 sp=0x00006b72358f4478 mode 2
Event: 3.185 Thread 0x0000781f6c7ab0c0 Uncommon trap: trap_request=0xffffffde fr.pc=0x0000781f5c50eab8 relative=0x00000000000001b8
Event: 3.185 Thread 0x0000781f6c7ab0c0 Uncommon trap: reason=class_check action=maybe_recompile pc=0x0000781f5c50eab8 method=sun.nio.cs.StreamEncoder.writeBytes()V @ 127 c2
Event: 3.185 Thread 0x0000781f6c7ab0c0 DEOPT PACKING pc=0x0000781f5c50eab8 sp=0x00006b72358f46a0
Event: 3.185 Thread 0x0000781f6c7ab0c0 DEOPT UNPACKING pc=0x0000781f5bc6a399 sp=0x00006b72358f4630 mode 2

Classes loaded (20 events):
Event: 2.627 Loading class java/util/ResourceBundle$KeyElementReference
Event: 2.627 Loading class java/util/ResourceBundle$CacheKeyReference
Event: 2.627 Loading class java/util/ResourceBundle$CacheKeyReference done
Event: 2.627 Loading class java/util/ResourceBundle$KeyElementReference done
Event: 2.628 Loading class java/util/ResourceBundle$Control$2
Event: 2.628 Loading class java/util/ResourceBundle$Control$2 done
Event: 2.628 Loading class sun/util/PropertyResourceBundleCharset
Event: 2.628 Loading class sun/util/PropertyResourceBundleCharset done
Event: 2.628 Loading class sun/util/PropertyResourceBundleCharset$PropertiesFileDecoder
Event: 2.628 Loading class sun/util/PropertyResourceBundleCharset$PropertiesFileDecoder done
Event: 2.629 Loading class java/util/ResourceBundle$BundleReference
Event: 2.629 Loading class java/util/ResourceBundle$BundleReference done
Event: 2.630 Loading class sun/util/ResourceBundleEnumeration
Event: 2.630 Loading class sun/util/ResourceBundleEnumeration done
Event: 2.638 Loading class sun/nio/cs/ISO_8859_1$Encoder
Event: 2.638 Loading class sun/nio/cs/ISO_8859_1$Encoder done
Event: 2.669 Loading class java/util/ResourceBundle$Control$1
Event: 2.669 Loading class java/util/ResourceBundle$Control$1 done
Event: 2.689 Loading class java/lang/foreign/MemorySegment
Event: 2.689 Loading class java/lang/foreign/MemorySegment done

Classes unloaded (0 events):
No events

Classes redefined (0 events):
No events

Internal exceptions (13 events):
Event: 2.236 Thread 0x0000781f6c02b240 Exception <a 'java/lang/NoSuchMethodError'{0x0000000040334090}: 'java.lang.Object java.lang.invoke.DirectMethodHandle$Holder.newInvokeSpecial(java.lang.Object, int, java.lang.Object)'> (0x0000000040334090) 
thrown [src/hotspot/share/interpreter/linkResolver.cpp, line 772]
Event: 2.245 Thread 0x0000781f6c02b240 Exception <a 'java/lang/NoSuchMethodError'{0x00000000402f9e28}: 'void java.lang.invoke.DirectMethodHandle$Holder.invokeStatic(java.lang.Object, java.lang.Object)'> (0x00000000402f9e28) 
thrown [src/hotspot/share/interpreter/linkResolver.cpp, line 772]
Event: 2.246 Thread 0x0000781f6c02b240 Exception <a 'java/lang/NoSuchMethodError'{0x00000000402fd820}: 'void java.lang.invoke.DirectMethodHandle$Holder.invokeSpecial(java.lang.Object, java.lang.Object, java.lang.Object)'> (0x00000000402fd820) 
thrown [src/hotspot/share/interpreter/linkResolver.cpp, line 772]
Event: 2.287 Thread 0x0000781f6c02b240 Exception <a 'java/lang/NoSuchMethodError'{0x00000000401b5c58}: 'void java.lang.invoke.DirectMethodHandle$Holder.invokeVirtual(java.lang.Object, java.lang.Object)'> (0x00000000401b5c58) 
thrown [src/hotspot/share/interpreter/linkResolver.cpp, line 772]
Event: 2.294 Thread 0x0000781f6c02b240 Exception <a 'java/io/FileNotFoundException'{0x0000000040178b60}> (0x0000000040178b60) 
thrown [src/hotspot/share/prims/jni.cpp, line 520]
Event: 2.304 Thread 0x0000781f6c02b240 Exception <a 'java/lang/NoSuchMethodError'{0x00000000401198a0}: 'java.lang.Object java.lang.invoke.Invokers$Holder.invokeExact_MT(java.lang.Object, java.lang.Object, java.lang.Object, java.lang.Object, java.lang.Object)'> (0x00000000401198a0) 
thrown [src/hotspot/share/interpreter/linkResolver.cpp, line 772]
Event: 2.486 Thread 0x0000781f6c02b240 Exception <a 'java/lang/NoSuchMethodError'{0x0000000040eb3668}: 'void java.lang.invoke.DirectMethodHandle$Holder.invokeVirtual(java.lang.Object, java.lang.Object, int)'> (0x0000000040eb3668) 
thrown [src/hotspot/share/interpreter/linkResolver.cpp, line 772]
Event: 2.487 Thread 0x0000781f6c02b240 Exception <a 'java/lang/NoSuchMethodError'{0x0000000040eb7d90}: 'int java.lang.invoke.DirectMethodHandle$Holder.invokeSpecial(java.lang.Object, java.lang.Object, java.lang.Object, int)'> (0x0000000040eb7d90) 
thrown [src/hotspot/share/interpreter/linkResolver.cpp, line 772]
Event: 2.488 Thread 0x0000781f6c02b240 Exception <a 'java/lang/NoSuchMethodError'{0x0000000040e9aa40}: 'java.lang.Object java.lang.invoke.DirectMethodHandle$Holder.invokeStatic(java.lang.Object, java.lang.Object, java.lang.Object, java.lang.Object, int)'> (0x0000000040e9aa40) 
thrown [src/hotspot/share/interpreter/linkResolver.cpp, line 772]
Event: 2.489 Thread 0x0000781f6c02b240 Exception <a 'java/lang/NoSuchMethodError'{0x0000000040e95c48}: 'void java.lang.invoke.DelegatingMethodHandle$Holder.reinvoke_L(java.lang.Object, java.lang.Object, int)'> (0x0000000040e95c48) 
thrown [src/hotspot/share/interpreter/linkResolver.cpp, line 772]
Event: 2.490 Thread 0x0000781f6c02b240 Exception <a 'java/lang/NoSuchMethodError'{0x0000000040e8c5a8}: 'int java.lang.invoke.DirectMethodHandle$Holder.invokeSpecial(java.lang.Object, java.lang.Object, java.lang.Object)'> (0x0000000040e8c5a8) 
thrown [src/hotspot/share/interpreter/linkResolver.cpp, line 772]
Event: 2.558 Thread 0x0000781f6c02b240 Exception <a 'java/lang/NoSuchMethodError'{0x00000000413b19f0}: 'void java.lang.invoke.DelegatingMethodHandle$Holder.reinvoke_L(java.lang.Object, java.lang.Object, int, int)'> (0x00000000413b19f0) 
thrown [src/hotspot/share/interpreter/linkResolver.cpp, line 772]
Event: 2.625 Thread 0x0000781f6c3e1e30 Exception <a 'java/lang/NoSuchMethodError'{0x000000004094b928}: 'java.lang.Object java.lang.invoke.DirectMethodHandle$Holder.invokeInterface(java.lang.Object, java.lang.Object)'> (0x000000004094b928) 
thrown [src/hotspot/share/interpreter/linkResolver.cpp, line 772]

ZGC Phase Switch (0 events):
No events

VM Operations (20 events):
Event: 2.818 Executing VM operation: ICBufferFull
Event: 2.818 Executing VM operation: ICBufferFull done
Event: 2.819 Executing VM operation: ICBufferFull
Event: 2.819 Executing VM operation: ICBufferFull done
Event: 2.822 Executing VM operation: ICBufferFull
Event: 2.822 Executing VM operation: ICBufferFull done
Event: 2.826 Executing VM operation: ICBufferFull
Event: 2.827 Executing VM operation: ICBufferFull done
Event: 2.969 Executing VM operation: ICBufferFull
Event: 2.970 Executing VM operation: ICBufferFull done
Event: 2.971 Executing VM operation: ICBufferFull
Event: 2.974 Executing VM operation: ICBufferFull done
Event: 3.007 Executing VM operation: ThirdPartyHeapOperation
Event: 3.024 Executing VM operation: ThirdPartyHeapOperation done
Event: 3.027 Executing VM operation: ThirdPartyHeapOperation
Event: 3.060 Executing VM operation: ThirdPartyHeapOperation done
Event: 3.191 Executing VM operation: ThirdPartyHeapOperation
Event: 3.206 Executing VM operation: ThirdPartyHeapOperation done
Event: 3.210 Executing VM operation: ThirdPartyHeapOperation
Event: 3.235 Executing VM operation: ThirdPartyHeapOperation done

Memory protections (20 events):
Event: 2.593 Protecting memory [0x00006b72345f6000,0x00006b72345fa000] with protection modes 0
Event: 2.593 Protecting memory [0x00006b72343f6000,0x00006b72343fa000] with protection modes 0
Event: 2.593 Protecting memory [0x00006b72342f6000,0x00006b72342fa000] with protection modes 0
Event: 2.593 Protecting memory [0x00006b72341f6000,0x00006b72341fa000] with protection modes 0
Event: 2.593 Protecting memory [0x00006b72340f6000,0x00006b72340fa000] with protection modes 0
Event: 2.593 Protecting memory [0x00006b712bf00000,0x00006b712bf04000] with protection modes 0
Event: 2.593 Protecting memory [0x00006b712be00000,0x00006b712be04000] with protection modes 0
Event: 2.593 Protecting memory [0x00006b712bd00000,0x00006b712bd04000] with protection modes 0
Event: 2.594 Protecting memory [0x00006b712bc00000,0x00006b712bc04000] with protection modes 0
Event: 2.594 Protecting memory [0x00006b712bb00000,0x00006b712bb04000] with protection modes 0
Event: 2.594 Protecting memory [0x00006b712ba00000,0x00006b712ba04000] with protection modes 0
Event: 2.594 Protecting memory [0x00006b712b900000,0x00006b712b904000] with protection modes 0
Event: 2.594 Protecting memory [0x00006b712b800000,0x00006b712b804000] with protection modes 0
Event: 2.638 Protecting memory [0x00006b712b700000,0x00006b712b704000] with protection modes 0
Event: 2.686 Protecting memory [0x00006b712b600000,0x00006b712b604000] with protection modes 0
Event: 2.695 Protecting memory [0x00006b712b400000,0x00006b712b404000] with protection modes 0
Event: 2.695 Protecting memory [0x00006b712b500000,0x00006b712b504000] with protection modes 0
Event: 2.698 Protecting memory [0x00006b712b300000,0x00006b712b304000] with protection modes 0
Event: 2.700 Protecting memory [0x00006b712b200000,0x00006b712b204000] with protection modes 0
Event: 2.709 Protecting memory [0x00006b712b100000,0x00006b712b104000] with protection modes 0

Nmethod flushes (0 events):
No events

Events (20 events):
Event: 2.593 Thread 0x0000781f6c02b240 Thread added: 0x0000781f6c3e0990
Event: 2.593 Thread 0x0000781f6c02b240 Thread added: 0x0000781f6c3e1e30
Event: 2.593 Thread 0x0000781f6c02b240 Thread added: 0x0000781f6c5cf420
Event: 2.593 Thread 0x0000781f6c02b240 Thread added: 0x0000781f6c5d08c0
Event: 2.593 Thread 0x0000781f6c02b240 Thread added: 0x0000781f6c5d1d60
Event: 2.593 Thread 0x0000781f6c02b240 Thread added: 0x0000781f6c5d3200
Event: 2.593 Thread 0x0000781f6c02b240 Thread added: 0x0000781f6c5d46a0
Event: 2.593 Thread 0x0000781f6c02b240 Thread added: 0x0000781f6c5d5b40
Event: 2.594 Thread 0x0000781f6c02b240 Thread added: 0x0000781f6c5d6fe0
Event: 2.594 Thread 0x0000781f6c02b240 Thread added: 0x0000781f6c5d8480
Event: 2.594 Thread 0x0000781f6c02b240 Thread added: 0x0000781f6c5c6410
Event: 2.594 Thread 0x0000781f6c02b240 Thread added: 0x0000781f6c5c7ca0
Event: 2.594 Thread 0x0000781f6c02b240 Thread added: 0x0000781f6c5c9530
Event: 2.638 Thread 0x00006b71a4001600 Thread added: 0x00006b71a80a1650
Event: 2.686 Thread 0x00006b71a80a1650 Thread added: 0x00006b7108004f90
Event: 2.693 Thread 0x00006b71a801b700 Thread added: 0x00006b71941ae230
Event: 2.695 Thread 0x00006b71a801b700 Thread added: 0x00006b7194097ed0
Event: 2.698 Thread 0x00006b71a801b700 Thread added: 0x00006b7194099190
Event: 2.699 Thread 0x00006b7194097ed0 Thread added: 0x00006b70f40225c0
Event: 2.702 Thread 0x00006b7194097ed0 Thread added: 0x00006b70f4023d40


Dynamic libraries:
40000000-40400000 rw-p 00000000 00:00 0                                  [anon:mmtk:space:immix]
40400000-40800000 rw-p 00000000 00:00 0                                  [anon:mmtk:space:los]
40800000-41400000 rw-p 00000000 00:00 0                                  [anon:mmtk:space:immix]
41400000-41c00000 rw-p 00000000 00:00 0                                  [anon:mmtk:space:los]
41c00000-42400000 rw-p 00000000 00:00 0                                  [anon:mmtk:space:immix]
42400000-42800000 rw-p 00000000 00:00 0                                  [anon:mmtk:space:los]
42800000-43000000 rw-p 00000000 00:00 0                                  [anon:mmtk:space:immix]
43000000-43400000 rw-p 00000000 00:00 0                                  [anon:mmtk:space:los]
43400000-43800000 rw-p 00000000 00:00 0                                  [anon:mmtk:space:immix]
43800000-43c00000 rw-p 00000000 00:00 0                                  [anon:mmtk:space:los]
43c00000-44400000 rw-p 00000000 00:00 0                                  [anon:mmtk:space:immix]
44400000-44800000 rw-p 00000000 00:00 0                                  [anon:mmtk:space:los]
44800000-45000000 rw-p 00000000 00:00 0                                  [anon:mmtk:space:immix]
45000000-45400000 rw-p 00000000 00:00 0                                  [anon:mmtk:space:los]
45400000-45c00000 rw-p 00000000 00:00 0                                  [anon:mmtk:space:immix]
45c00000-46000000 rw-p 00000000 00:00 0                                  [anon:mmtk:space:los]
46000000-46400000 rw-p 00000000 00:00 0                                  [anon:mmtk:space:immix]
46400000-46800000 rw-p 00000000 00:00 0                                  [anon:mmtk:space:los]
46800000-46c00000 rw-p 00000000 00:00 0                                  [anon:mmtk:space:immix]
46c00000-47000000 rw-p 00000000 00:00 0                                  [anon:mmtk:space:los]
47000000-47800000 rw-p 00000000 00:00 0                                  [anon:mmtk:space:immix]
47800000-47c00000 rw-p 00000000 00:00 0                                  [anon:mmtk:space:los]
47c00000-48000000 rw-p 00000000 00:00 0                                  [anon:mmtk:space:immix]
48000000-48400000 rw-p 00000000 00:00 0                                  [anon:mmtk:space:los]
48400000-48c00000 rw-p 00000000 00:00 0                                  [anon:mmtk:space:immix]
48c00000-49000000 rw-p 00000000 00:00 0                                  [anon:mmtk:space:los]
49000000-49400000 rw-p 00000000 00:00 0                                  [anon:mmtk:space:immix]
49400000-49800000 rw-p 00000000 00:00 0                                  [anon:mmtk:space:los]
49800000-4a000000 rw-p 00000000 00:00 0                                  [anon:mmtk:space:immix]
4a000000-4a400000 rw-p 00000000 00:00 0                                  [anon:mmtk:space:los]
4a400000-4a800000 rw-p 00000000 00:00 0                                  [anon:mmtk:space:immix]
4a800000-4ac00000 rw-p 00000000 00:00 0                                  [anon:mmtk:space:los]
4ac00000-4b800000 rw-p 00000000 00:00 0                                  [anon:mmtk:space:immix]
4b800000-4bc00000 rw-p 00000000 00:00 0                                  [anon:mmtk:space:los]
4bc00000-4c000000 rw-p 00000000 00:00 0                                  [anon:mmtk:space:immix]
4c000000-4c400000 rw-p 00000000 00:00 0                                  [anon:mmtk:space:los]
4c400000-4c800000 rw-p 00000000 00:00 0                                  [anon:mmtk:space:immix]
4c800000-4cc00000 rw-p 00000000 00:00 0                                  [anon:mmtk:space:los]
4cc00000-4d400000 rw-p 00000000 00:00 0                                  [anon:mmtk:space:immix]
4d400000-4d800000 rw-p 00000000 00:00 0                                  [anon:mmtk:space:los]
4d800000-4e000000 rw-p 00000000 00:00 0                                  [anon:mmtk:space:immix]
4e000000-4e400000 rw-p 00000000 00:00 0                                  [anon:mmtk:space:los]
4e400000-4e800000 rw-p 00000000 00:00 0                                  [anon:mmtk:space:immix]
4e800000-4ec00000 rw-p 00000000 00:00 0                                  [anon:mmtk:space:los]
4ec00000-4f400000 rw-p 00000000 00:00 0                                  [anon:mmtk:space:immix]
4f400000-4f800000 rw-p 00000000 00:00 0                                  [anon:mmtk:space:los]
4f800000-50000000 rw-p 00000000 00:00 0                                  [anon:mmtk:space:immix]
50000000-50400000 rw-p 00000000 00:00 0                                  [anon:mmtk:space:los]
50400000-50800000 rw-p 00000000 00:00 0                                  [anon:mmtk:space:immix]
50800000-51000000 rw-p 00000000 00:00 0                                  [anon:mmtk:space:los]
51000000-51800000 rw-p 00000000 00:00 0                                  [anon:mmtk:space:immix]
51800000-51c00000 rw-p 00000000 00:00 0                                  [anon:mmtk:space:los]
51c00000-52000000 rw-p 00000000 00:00 0                                  [anon:mmtk:space:immix]
52000000-52400000 rw-p 00000000 00:00 0                                  [anon:mmtk:space:los]
52400000-52c00000 rw-p 00000000 00:00 0                                  [anon:mmtk:space:immix]
52c00000-53000000 rw-p 00000000 00:00 0                                  [anon:mmtk:space:los]
200000000000-2000c00c0000 rw-s 00000000 00:10 68                         anon_inode:bpf-map
5d77065f6000-5d77065f7000 r--p 00000000 fc:00 49676352                   /mydata/openjdk-mmtk/build/b0test/images/jdk/bin/java
5d77065f7000-5d77065f8000 r-xp 00001000 fc:00 49676352                   /mydata/openjdk-mmtk/build/b0test/images/jdk/bin/java
5d77065f8000-5d77065f9000 r--p 00002000 fc:00 49676352                   /mydata/openjdk-mmtk/build/b0test/images/jdk/bin/java
5d77065f9000-5d77065fa000 r--p 00002000 fc:00 49676352                   /mydata/openjdk-mmtk/build/b0test/images/jdk/bin/java
5d77065fa000-5d77065fb000 rw-p 00003000 fc:00 49676352                   /mydata/openjdk-mmtk/build/b0test/images/jdk/bin/java
5d770e570000-5d770e5b8000 rw-p 00000000 00:00 0                          [heap]
6b70ec000000-6b70ec500000 rw-p 00000000 00:00 0 
6b70ec500000-6b70f0000000 ---p 00000000 00:00 0 
6b70f0000000-6b70f0a12000 rw-p 00000000 00:00 0 
6b70f0a12000-6b70f4000000 ---p 00000000 00:00 0 
6b70f4000000-6b70f47bf000 rw-p 00000000 00:00 0 
6b70f47bf000-6b70f8000000 ---p 00000000 00:00 0 
6b70f8000000-6b70f8848000 rw-p 00000000 00:00 0 
6b70f8848000-6b70fc000000 ---p 00000000 00:00 0 
6b70fc000000-6b70fc9a0000 rw-p 00000000 00:00 0 
6b70fc9a0000-6b7100000000 ---p 00000000 00:00 0 
6b7100000000-6b71006b0000 rw-p 00000000 00:00 0 
6b71006b0000-6b7104000000 ---p 00000000 00:00 0 
6b7104000000-6b7104021000 rw-p 00000000 00:00 0 
6b7104021000-6b7108000000 ---p 00000000 00:00 0 
6b7108000000-6b71087b7000 rw-p 00000000 00:00 0 
6b71087b7000-6b710c000000 ---p 00000000 00:00 0 
6b710c000000-6b710c021000 rw-p 00000000 00:00 0 
6b710c021000-6b7110000000 ---p 00000000 00:00 0 
6b7110000000-6b711002b000 rw-p 00000000 00:00 0 
6b711002b000-6b7114000000 ---p 00000000 00:00 0 
6b7114000000-6b7114021000 rw-p 00000000 00:00 0 
6b7114021000-6b7118000000 ---p 00000000 00:00 0 
6b7118000000-6b7118021000 rw-p 00000000 00:00 0 
6b7118021000-6b711c000000 ---p 00000000 00:00 0 
6b711c000000-6b711c028000 rw-p 00000000 00:00 0 
6b711c028000-6b7120000000 ---p 00000000 00:00 0 
6b7120000000-6b7120025000 rw-p 00000000 00:00 0 
6b7120025000-6b7124000000 ---p 00000000 00:00 0 
6b7124000000-6b7124063000 rw-p 00000000 00:00 0 
6b7124063000-6b7128000000 ---p 00000000 00:00 0 
6b712b100000-6b712b104000 ---p 00000000 00:00 0 
6b712b104000-6b712b200000 rw-p 00000000 00:00 0 
6b712b200000-6b712b204000 ---p 00000000 00:00 0 
6b712b204000-6b712b300000 rw-p 00000000 00:00 0 
6b712b300000-6b712b304000 ---p 00000000 00:00 0 
6b712b304000-6b712b400000 rw-p 00000000 00:00 0 
6b712b400000-6b712b404000 ---p 00000000 00:00 0 
6b712b404000-6b712b500000 rw-p 00000000 00:00 0 
6b712b500000-6b712b504000 ---p 00000000 00:00 0 
6b712b504000-6b712b600000 rw-p 00000000 00:00 0 
6b712b600000-6b712b604000 ---p 00000000 00:00 0 
6b712b604000-6b712b700000 rw-p 00000000 00:00 0 
6b712b700000-6b712b704000 ---p 00000000 00:00 0 
6b712b704000-6b712b800000 rw-p 00000000 00:00 0 
6b712b800000-6b712b804000 ---p 00000000 00:00 0 
6b712b804000-6b712b900000 rw-p 00000000 00:00 0 
6b712b900000-6b712b904000 ---p 00000000 00:00 0 
6b712b904000-6b712ba00000 rw-p 00000000 00:00 0 
6b712ba00000-6b712ba04000 ---p 00000000 00:00 0 
6b712ba04000-6b712bb00000 rw-p 00000000 00:00 0 
6b712bb00000-6b712bb04000 ---p 00000000 00:00 0 
6b712bb04000-6b712bc00000 rw-p 00000000 00:00 0 
6b712bc00000-6b712bc04000 ---p 00000000 00:00 0 
6b712bc04000-6b712bd00000 rw-p 00000000 00:00 0 
6b712bd00000-6b712bd04000 ---p 00000000 00:00 0 
6b712bd04000-6b712be00000 rw-p 00000000 00:00 0 
6b712be00000-6b712be04000 ---p 00000000 00:00 0 
6b712be04000-6b712bf00000 rw-p 00000000 00:00 0 
6b712bf00000-6b712bf04000 ---p 00000000 00:00 0 
6b712bf04000-6b712c000000 rw-p 00000000 00:00 0 
6b712c000000-6b712c021000 rw-p 00000000 00:00 0 
6b712c021000-6b7130000000 ---p 00000000 00:00 0 
6b7130000000-6b7130021000 rw-p 00000000 00:00 0 
6b7130021000-6b7134000000 ---p 00000000 00:00 0 
6b7134000000-6b713405b000 rw-p 00000000 00:00 0 
6b713405b000-6b7138000000 ---p 00000000 00:00 0 
6b7138000000-6b7138021000 rw-p 00000000 00:00 0 
6b7138021000-6b713c000000 ---p 00000000 00:00 0 
6b713c000000-6b713c021000 rw-p 00000000 00:00 0 
6b713c021000-6b7140000000 ---p 00000000 00:00 0 
6b7140000000-6b7140021000 rw-p 00000000 00:00 0 
6b7140021000-6b7144000000 ---p 00000000 00:00 0 
6b7144000000-6b714402d000 rw-p 00000000 00:00 0 
6b714402d000-6b7148000000 ---p 00000000 00:00 0 
6b7148000000-6b7148021000 rw-p 00000000 00:00 0 
6b7148021000-6b714c000000 ---p 00000000 00:00 0 
6b714c000000-6b714c021000 rw-p 00000000 00:00 0 
6b714c021000-6b7150000000 ---p 00000000 00:00 0 
6b7150000000-6b7150021000 rw-p 00000000 00:00 0 
6b7150021000-6b7154000000 ---p 00000000 00:00 0 
6b7154000000-6b7154024000 rw-p 00000000 00:00 0 
6b7154024000-6b7158000000 ---p 00000000 00:00 0 
6b7158000000-6b7158021000 rw-p 00000000 00:00 0 
6b7158021000-6b715c000000 ---p 00000000 00:00 0 
6b715c000000-6b715c021000 rw-p 00000000 00:00 0 
6b715c021000-6b7160000000 ---p 00000000 00:00 0 
6b7160000000-6b7160021000 rw-p 00000000 00:00 0 
6b7160021000-6b7164000000 ---p 00000000 00:00 0 
6b7164000000-6b7164028000 rw-p 00000000 00:00 0 
6b7164028000-6b7168000000 ---p 00000000 00:00 0 
6b7168000000-6b716805a000 rw-p 00000000 00:00 0 
6b716805a000-6b716c000000 ---p 00000000 00:00 0 
6b716c000000-6b716c021000 rw-p 00000000 00:00 0 
6b716c021000-6b7170000000 ---p 00000000 00:00 0 
6b7170000000-6b7170025000 rw-p 00000000 00:00 0 
6b7170025000-6b7174000000 ---p 00000000 00:00 0 
6b7174000000-6b7174021000 rw-p 00000000 00:00 0 
6b7174021000-6b7178000000 ---p 00000000 00:00 0 
6b7178000000-6b7178021000 rw-p 00000000 00:00 0 
6b7178021000-6b717c000000 ---p 00000000 00:00 0 
6b717c000000-6b717c021000 rw-p 00000000 00:00 0 
6b717c021000-6b7180000000 ---p 00000000 00:00 0 
6b7180000000-6b7180026000 rw-p 00000000 00:00 0 
6b7180026000-6b7184000000 ---p 00000000 00:00 0 
6b7184000000-6b7184021000 rw-p 00000000 00:00 0 
6b7184021000-6b7188000000 ---p 00000000 00:00 0 
6b7188000000-6b7188021000 rw-p 00000000 00:00 0 
6b7188021000-6b718c000000 ---p 00000000 00:00 0 
6b718c000000-6b718c291000 rw-p 00000000 00:00 0 
6b718c291000-6b7190000000 ---p 00000000 00:00 0 
6b7190000000-6b7190a69000 rw-p 00000000 00:00 0 
6b7190a69000-6b7194000000 ---p 00000000 00:00 0 
6b7194000000-6b7194d32000 rw-p 00000000 00:00 0 
6b7194d32000-6b7198000000 ---p 00000000 00:00 0 
6b7198000000-6b719829a000 rw-p 00000000 00:00 0 
6b719829a000-6b719c000000 ---p 00000000 00:00 0 
6b719c000000-6b719c021000 rw-p 00000000 00:00 0 
6b719c021000-6b71a0000000 ---p 00000000 00:00 0 
6b71a0000000-6b71a0021000 rw-p 00000000 00:00 0 
6b71a0021000-6b71a4000000 ---p 00000000 00:00 0 
6b71a4000000-6b71a424d000 rw-p 00000000 00:00 0 
6b71a424d000-6b71a8000000 ---p 00000000 00:00 0 
6b71a8000000-6b71a8328000 rw-p 00000000 00:00 0 
6b71a8328000-6b71ac000000 ---p 00000000 00:00 0 
6b71ac000000-6b71ac7ce000 rw-p 00000000 00:00 0 
6b71ac7ce000-6b71b0000000 ---p 00000000 00:00 0 
6b71b0000000-6b71b025c000 rw-p 00000000 00:00 0 
6b71b025c000-6b71b4000000 ---p 00000000 00:00 0 
6b71b4000000-6b71b4021000 rw-p 00000000 00:00 0 
6b71b4021000-6b71b8000000 ---p 00000000 00:00 0 
6b71b8000000-6b71b8021000 rw-p 00000000 00:00 0 
6b71b8021000-6b71bc000000 ---p 00000000 00:00 0 
6b71bc000000-6b71bc022000 rw-p 00000000 00:00 0 
6b71bc022000-6b71c0000000 ---p 00000000 00:00 0 
6b71c0000000-6b71c0021000 rw-p 00000000 00:00 0 
6b71c0021000-6b71c4000000 ---p 00000000 00:00 0 
6b71c4000000-6b71c4033000 rw-p 00000000 00:00 0 
6b71c4033000-6b71c8000000 ---p 00000000 00:00 0 
6b71c8000000-6b71c804a000 rw-p 00000000 00:00 0 
6b71c804a000-6b71cc000000 ---p 00000000 00:00 0 
6b71cc000000-6b71cc033000 rw-p 00000000 00:00 0 
6b71cc033000-6b71d0000000 ---p 00000000 00:00 0 
6b71d0000000-6b71d0021000 rw-p 00000000 00:00 0 
6b71d0021000-6b71d4000000 ---p 00000000 00:00 0 
6b71d4000000-6b71d4052000 rw-p 00000000 00:00 0 
6b71d4052000-6b71d8000000 ---p 00000000 00:00 0 
6b71d8000000-6b71d8044000 rw-p 00000000 00:00 0 
6b71d8044000-6b71dc000000 ---p 00000000 00:00 0 
6b71dc000000-6b71dc03b000 rw-p 00000000 00:00 0 
6b71dc03b000-6b71e0000000 ---p 00000000 00:00 0 
6b71e0000000-6b71e0032000 rw-p 00000000 00:00 0 
6b71e0032000-6b71e4000000 ---p 00000000 00:00 0 
6b71e4000000-6b71e4022000 rw-p 00000000 00:00 0 
6b71e4022000-6b71e8000000 ---p 00000000 00:00 0 
6b71e8000000-6b71e8021000 rw-p 00000000 00:00 0 
6b71e8021000-6b71ec000000 ---p 00000000 00:00 0 
6b71ec000000-6b71ec03a000 rw-p 00000000 00:00 0 
6b71ec03a000-6b71f0000000 ---p 00000000 00:00 0 
6b71f0000000-6b71f0023000 rw-p 00000000 00:00 0 
6b71f0023000-6b71f4000000 ---p 00000000 00:00 0 
6b71f4000000-6b71f402b000 rw-p 00000000 00:00 0 
6b71f402b000-6b71f8000000 ---p 00000000 00:00 0 
6b71f8000000-6b71f802b000 rw-p 00000000 00:00 0 
6b71f802b000-6b71fc000000 ---p 00000000 00:00 0 
6b71fc000000-6b71fc03a000 rw-p 00000000 00:00 0 
6b71fc03a000-6b7200000000 ---p 00000000 00:00 0 
6b7200000000-6b7200023000 rw-p 00000000 00:00 0 
6b7200023000-6b7204000000 ---p 00000000 00:00 0 
6b7204000000-6b7204032000 rw-p 00000000 00:00 0 
6b7204032000-6b7208000000 ---p 00000000 00:00 0 
6b7208000000-6b720815b000 rw-p 00000000 00:00 0 
6b720815b000-6b720c000000 ---p 00000000 00:00 0 
6b720c000000-6b720c03d000 rw-p 00000000 00:00 0 
6b720c03d000-6b7210000000 ---p 00000000 00:00 0 
6b7210000000-6b721003b000 rw-p 00000000 00:00 0 
6b721003b000-6b7214000000 ---p 00000000 00:00 0 
6b7214000000-6b721402b000 rw-p 00000000 00:00 0 
6b721402b000-6b7218000000 ---p 00000000 00:00 0 
6b7218000000-6b721818e000 rw-p 00000000 00:00 0 
6b721818e000-6b721c000000 ---p 00000000 00:00 0 
6b721c000000-6b721c021000 rw-p 00000000 00:00 0 
6b721c021000-6b7220000000 ---p 00000000 00:00 0 
6b7220000000-6b7220021000 rw-p 00000000 00:00 0 
6b7220021000-6b7224000000 ---p 00000000 00:00 0 
6b7224000000-6b7224021000 rw-p 00000000 00:00 0 
6b7224021000-6b7228000000 ---p 00000000 00:00 0 
6b7228000000-6b7228021000 rw-p 00000000 00:00 0 
6b7228021000-6b722c000000 ---p 00000000 00:00 0 
6b722c000000-6b722c280000 rw-p 00000000 00:00 0 
6b722c280000-6b722c400000 ---p 00000000 00:00 0 
6b722c400000-6b722c8c0000 rw-p 00000000 00:00 0 
6b722c8c0000-6b7230000000 ---p 00000000 00:00 0 
6b7230000000-6b7230021000 rw-p 00000000 00:00 0 
6b7230021000-6b7234000000 ---p 00000000 00:00 0 
6b72340f6000-6b72340fa000 ---p 00000000 00:00 0 
6b72340fa000-6b72341f6000 rw-p 00000000 00:00 0 
6b72341f6000-6b72341fa000 ---p 00000000 00:00 0 
6b72341fa000-6b72342f6000 rw-p 00000000 00:00 0 
6b72342f6000-6b72342fa000 ---p 00000000 00:00 0 
6b72342fa000-6b72343f6000 rw-p 00000000 00:00 0 
6b72343f6000-6b72343fa000 ---p 00000000 00:00 0 
6b72343fa000-6b72344f6000 rw-p 00000000 00:00 0 
6b72344f6000-6b72344fa000 ---p 00000000 00:00 0 
6b72344fa000-6b72345f6000 rw-p 00000000 00:00 0 
6b72345f6000-6b72345fa000 ---p 00000000 00:00 0 
6b72345fa000-6b72346f6000 rw-p 00000000 00:00 0 
6b72346f6000-6b72346fa000 ---p 00000000 00:00 0 
6b72346fa000-6b72347f6000 rw-p 00000000 00:00 0 
6b72347f6000-6b72347fa000 ---p 00000000 00:00 0 
6b72347fa000-6b72348f6000 rw-p 00000000 00:00 0 
6b72348f6000-6b72348fa000 ---p 00000000 00:00 0 
6b72348fa000-6b72349f6000 rw-p 00000000 00:00 0 
6b72349f6000-6b72349fa000 ---p 00000000 00:00 0 
6b72349fa000-6b7234af6000 rw-p 00000000 00:00 0 
6b7234af6000-6b7234afa000 ---p 00000000 00:00 0 
6b7234afa000-6b7234bf6000 rw-p 00000000 00:00 0 
6b7234bf6000-6b7234bfa000 ---p 00000000 00:00 0 
6b7234bfa000-6b7234cf6000 rw-p 00000000 00:00 0 
6b7234cf6000-6b7234cfa000 ---p 00000000 00:00 0 
6b7234cfa000-6b7234df6000 rw-p 00000000 00:00 0 
6b7234df6000-6b7234dfa000 ---p 00000000 00:00 0 
6b7234dfa000-6b7234ef6000 rw-p 00000000 00:00 0 
6b7234ef6000-6b7234efa000 ---p 00000000 00:00 0 
6b7234efa000-6b7234ff6000 rw-p 00000000 00:00 0 
6b7234ff6000-6b7234ffa000 ---p 00000000 00:00 0 
6b7234ffa000-6b72350f6000 rw-p 00000000 00:00 0 
6b72350f6000-6b72350fa000 ---p 00000000 00:00 0 
6b72350fa000-6b72351f6000 rw-p 00000000 00:00 0 
6b72351f6000-6b72351fa000 ---p 00000000 00:00 0 
6b72351fa000-6b72352f6000 rw-p 00000000 00:00 0 
6b72352f6000-6b72352fa000 ---p 00000000 00:00 0 
6b72352fa000-6b72353f6000 rw-p 00000000 00:00 0 
6b72353f6000-6b72353fa000 ---p 00000000 00:00 0 
6b72353fa000-6b72354f6000 rw-p 00000000 00:00 0 
6b72354f6000-6b72354fa000 ---p 00000000 00:00 0 
6b72354fa000-6b72355f6000 rw-p 00000000 00:00 0 
6b72355f6000-6b72355fa000 ---p 00000000 00:00 0 
6b72355fa000-6b72356f6000 rw-p 00000000 00:00 0 
6b72356f6000-6b72356fa000 ---p 00000000 00:00 0 
6b72356fa000-6b72357f6000 rw-p 00000000 00:00 0 
6b72357f6000-6b72357fa000 ---p 00000000 00:00 0 
6b72357fa000-6b72358f6000 rw-p 00000000 00:00 0 
6b72358f6000-6b72358fa000 ---p 00000000 00:00 0 
6b72358fa000-6b72359f6000 rw-p 00000000 00:00 0 
6b72359f6000-6b72359fa000 ---p 00000000 00:00 0 
6b72359fa000-6b7235af6000 rw-p 00000000 00:00 0 
6b7235af6000-6b7235afa000 ---p 00000000 00:00 0 
6b7235afa000-6b7235bf6000 rw-p 00000000 00:00 0 
6b7235bf6000-6b7235bfa000 ---p 00000000 00:00 0 
6b7235bfa000-6b7235cf6000 rw-p 00000000 00:00 0 
6b7235cf6000-6b7235cfa000 ---p 00000000 00:00 0 
6b7235cfa000-6b7235df6000 rw-p 00000000 00:00 0 
6b7235df6000-6b7235dfa000 ---p 00000000 00:00 0 
6b7235dfa000-6b7235ef6000 rw-p 00000000 00:00 0 
6b7235ef6000-6b7235efa000 ---p 00000000 00:00 0 
6b7235efa000-6b7235ff6000 rw-p 00000000 00:00 0 
6b7235ff6000-6b7235ffa000 ---p 00000000 00:00 0 
6b7235ffa000-6b72360f6000 rw-p 00000000 00:00 0 
6b72360f6000-6b72360fa000 ---p 00000000 00:00 0 
6b72360fa000-6b72361f6000 rw-p 00000000 00:00 0 
6b72361f6000-6b72361fa000 ---p 00000000 00:00 0 
6b72361fa000-6b72362f6000 rw-p 00000000 00:00 0 
6b72362f6000-6b72362fa000 ---p 00000000 00:00 0 
6b72362fa000-6b72363f6000 rw-p 00000000 00:00 0 
6b72363f6000-6b72363fa000 ---p 00000000 00:00 0 
6b72363fa000-6b72364f6000 rw-p 00000000 00:00 0 
6b72364f6000-6b72364fa000 ---p 00000000 00:00 0 
6b72364fa000-6b72365f6000 rw-p 00000000 00:00 0 
6b72365f6000-6b72365f7000 ---p 00000000 00:00 0 
6b72365f7000-6b72366f7000 rw-p 00000000 00:00 0 
6b72366f7000-6b72366f8000 ---p 00000000 00:00 0 
6b72366f8000-6b72367f8000 rw-p 00000000 00:00 0 
6b72367f8000-6b72367f9000 ---p 00000000 00:00 0 
6b72367f9000-6b72368f9000 rw-p 00000000 00:00 0 
6b72368f9000-6b72368fa000 ---p 00000000 00:00 0 
6b72368fa000-6b72369fa000 rw-p 00000000 00:00 0 
6b72369fa000-6b72369fb000 ---p 00000000 00:00 0 
6b72369fb000-6b7236afb000 rw-p 00000000 00:00 0 
6b7236afb000-6b7236afc000 ---p 00000000 00:00 0 
6b7236afc000-6b7236bfc000 rw-p 00000000 00:00 0 
6b7236bfc000-6b7236bfd000 ---p 00000000 00:00 0 
6b7236bfd000-6b7236cfd000 rw-p 00000000 00:00 0 
6b7236cfd000-6b7236cfe000 ---p 00000000 00:00 0 
6b7236cfe000-6b7236dfe000 rw-p 00000000 00:00 0 
6b7236dfe000-6b7236dff000 ---p 00000000 00:00 0 
6b7236dff000-6b7236eff000 rw-p 00000000 00:00 0 
6b7236eff000-6b7236f00000 ---p 00000000 00:00 0 
6b7236f00000-6b7237000000 rw-p 00000000 00:00 0 
6b7237000000-6b7237ca3000 rw-p 00001000 fc:00 49677059                   /mydata/openjdk-mmtk/build/b0test/images/jdk/lib/server/classes.jsa
6b7237ca3000-6b7238000000 ---p 00000000 00:00 0 
6b7238000000-6b7238040000 rw-p 00000000 00:00 0 
6b7238040000-6b7238110000 rw-p 00000000 00:00 0 
6b7238110000-6b7278000000 ---p 00000000 00:00 0 
6b7278000000-6b7278021000 rw-p 00000000 00:00 0 
6b7278021000-6b727c000000 ---p 00000000 00:00 0 
6b727c0f3000-6b727c0f4000 ---p 00000000 00:00 0 
6b727c0f4000-6b727c1f4000 rw-p 00000000 00:00 0 
6b727c1f4000-6b727c1f5000 ---p 00000000 00:00 0 
6b727c1f5000-6b727c2f5000 rw-p 00000000 00:00 0 
6b727c2f5000-6b727c2f6000 ---p 00000000 00:00 0 
6b727c2f6000-6b727c3f6000 rw-p 00000000 00:00 0 
6b727c3f6000-6b727c3f7000 ---p 00000000 00:00 0 
6b727c3f7000-6b727c4f7000 rw-p 00000000 00:00 0 
6b727c4f7000-6b727c4f8000 ---p 00000000 00:00 0 
6b727c4f8000-6b727c5f8000 rw-p 00000000 00:00 0 
6b727c5f8000-6b727c5f9000 ---p 00000000 00:00 0 
6b727c5f9000-6b727c6f9000 rw-p 00000000 00:00 0 
6b727c6f9000-6b727c6fa000 ---p 00000000 00:00 0 
6b727c6fa000-6b727c7fa000 rw-p 00000000 00:00 0 
6b727c7fa000-6b727c7fb000 ---p 00000000 00:00 0 
6b727c7fb000-6b727c8fb000 rw-p 00000000 00:00 0 
6b727c8fb000-6b727c8fc000 ---p 00000000 00:00 0 
6b727c8fc000-6b727c9fc000 rw-p 00000000 00:00 0 
6b727c9fc000-6b727c9fd000 ---p 00000000 00:00 0 
6b727c9fd000-6b727cafd000 rw-p 00000000 00:00 0 
6b727cafd000-6b727cafe000 ---p 00000000 00:00 0 
6b727cafe000-6b727cbfe000 rw-p 00000000 00:00 0 
6b727cbfe000-6b727cbff000 ---p 00000000 00:00 0 
6b727cbff000-6b727ccff000 rw-p 00000000 00:00 0 
6b727ccff000-6b727cd00000 ---p 00000000 00:00 0 
6b727cd00000-6b727ce00000 rw-p 00000000 00:00 0 
6b727ce00000-6b727d0eb000 r--p 00000000 08:03 1410552                    /usr/lib/locale/locale-archive
6b727d100000-6b727d104000 ---p 00000000 00:00 0 
6b727d104000-6b727d200000 rw-p 00000000 00:00 0 
6b727d200000-6b7280200000 rw-p 00000000 00:00 0 
6b72802fc000-6b7280300000 ---p 00000000 00:00 0 
6b7280300000-6b72803fc000 rw-p 00000000 00:00 0 
6b72803fc000-6b72b0400000 rw-p 00000000 00:00 0 
6b72b0400000-6b72b1400000 ---p 00000000 00:00 0                          [anon:mmtk:sidemeta:all:all-quarantined]
6b72b1400000-6b72b1800000 rw-p 00000000 00:00 0                          [anon:mmtk:sidemeta:immix:VO_BIT]
6b72b1800000-6b72b1c00000 rw-p 00000000 00:00 0                          [anon:mmtk:sidemeta:los:VO_BIT]
6b72b1c00000-6d72b2400000 ---p 00000000 00:00 0                          [anon:mmtk:sidemeta:all:all-quarantined]
6d72b2400000-6d72b2800000 rw-p 00000000 00:00 0                          [anon:mmtk:sidemeta:immix:CHUNK_MARK]
6d72b2800000-6d72b5400000 ---p 00000000 00:00 0                          [anon:mmtk:sidemeta:all:all-quarantined]
6d72b5400000-6d72b5800000 rw-p 00000000 00:00 0                          [anon:mmtk:sidemeta:immix:VMGlobalLogBitSpec]
6d72b5800000-6d72b5c00000 rw-p 00000000 00:00 0                          [anon:mmtk:sidemeta:los:VMGlobalLogBitSpec]
6d72b5c00000-6f7ab4800000 ---p 00000000 00:00 0                          [anon:mmtk:sidemeta:all:all-quarantined]
6f7ab4800000-6f7ab4c00000 rw-p 00000000 00:00 0                          [anon:mmtk:sidemeta:immix:IX_LINE_MARK]
6f7ab4c00000-6ffab4400000 ---p 00000000 00:00 0                          [anon:mmtk:sidemeta:all:all-quarantined]
6ffab4400000-6ffab4800000 rw-p 00000000 00:00 0                          [anon:mmtk:sidemeta:immix:IX_BLOCK_DEFRAG]
6ffab4800000-6ffbb4400000 ---p 00000000 00:00 0                          [anon:mmtk:sidemeta:all:all-quarantined]
6ffbb4400000-6ffbb4800000 rw-p 00000000 00:00 0                          [anon:mmtk:sidemeta:immix:IX_BLOCK_MARK]
6ffbb4800000-761d34400000 ---p 00000000 00:00 0                          [anon:mmtk:sidemeta:all:all-quarantined]
761d34400000-761d34800000 rw-p 00000000 00:00 0                          [anon:mmtk:sidemeta:los:VMLocalLOSMarkNurserySpec]
761d34800000-761f35400000 ---p 00000000 00:00 0                          [anon:mmtk:sidemeta:all:all-quarantined]
761f35400000-761f35c00000 rw-p 00000000 00:00 0                          [anon:mmtk:sidemeta:immix:VMLocalMarkBitSpec]
761f35c00000-781f34400000 ---p 00000000 00:00 0                          [anon:mmtk:sidemeta:all:all-quarantined]
781f3442c000-781f34431000 r--p 00000000 fc:00 49676433                   /mydata/openjdk-mmtk/build/b0test/images/jdk/lib/libjsvml.so
781f34431000-781f34472000 r-xp 00005000 fc:00 49676433                   /mydata/openjdk-mmtk/build/b0test/images/jdk/lib/libjsvml.so
781f34472000-781f344fb000 r--p 00046000 fc:00 49676433                   /mydata/openjdk-mmtk/build/b0test/images/jdk/lib/libjsvml.so
781f344fb000-781f344fc000 r--p 000ce000 fc:00 49676433                   /mydata/openjdk-mmtk/build/b0test/images/jdk/lib/libjsvml.so
781f344fc000-781f344fd000 rw-p 000cf000 fc:00 49676433                   /mydata/openjdk-mmtk/build/b0test/images/jdk/lib/libjsvml.so
781f344fd000-781f34501000 ---p 00000000 00:00 0 
781f34501000-781f345fd000 rw-p 00000000 00:00 0 
781f345fd000-781f345fe000 ---p 00000000 00:00 0 
781f345fe000-781f346fe000 rw-p 00000000 00:00 0 
781f346fe000-781f346ff000 ---p 00000000 00:00 0 
781f346ff000-781f347ff000 rw-p 00000000 00:00 0 
781f347ff000-781f54800000 rw-p 00000000 00:00 0 
781f54800000-781f54e80000 rwxp 00000000 00:00 0 
781f54e80000-781f5bc17000 ---p 00000000 00:00 0 
781f5bc17000-781f5bfa7000 rwxp 00000000 00:00 0 
781f5bfa7000-781f5c3e8000 ---p 00000000 00:00 0 
781f5c3e8000-781f5c658000 rwxp 00000000 00:00 0 
781f5c658000-781f63800000 ---p 00000000 00:00 0 
781f63800000-781f6bfa0000 r--s 00000000 fc:00 49676300                   /mydata/openjdk-mmtk/build/b0test/images/jdk/lib/modules
781f6c000000-781f6c7e1000 rw-p 00000000 00:00 0 
781f6c7e1000-781f70000000 ---p 00000000 00:00 0 
781f7001a000-781f7001e000 r--p 00000000 fc:00 49676379                   /mydata/openjdk-mmtk/build/b0test/images/jdk/lib/libverify.so
781f7001e000-781f70025000 r-xp 00004000 fc:00 49676379                   /mydata/openjdk-mmtk/build/b0test/images/jdk/lib/libverify.so
781f70025000-781f70027000 r--p 0000b000 fc:00 49676379                   /mydata/openjdk-mmtk/build/b0test/images/jdk/lib/libverify.so
781f70027000-781f70029000 r--p 0000c000 fc:00 49676379                   /mydata/openjdk-mmtk/build/b0test/images/jdk/lib/libverify.so
781f70029000-781f7002a000 rw-p 0000e000 fc:00 49676379                   /mydata/openjdk-mmtk/build/b0test/images/jdk/lib/libverify.so
781f7002a000-781f7002c000 r--p 00000000 fc:00 49676380                   /mydata/openjdk-mmtk/build/b0test/images/jdk/lib/libzip.so
781f7002c000-781f70031000 r-xp 00002000 fc:00 49676380                   /mydata/openjdk-mmtk/build/b0test/images/jdk/lib/libzip.so
781f70031000-781f70033000 r--p 00007000 fc:00 49676380                   /mydata/openjdk-mmtk/build/b0test/images/jdk/lib/libzip.so
781f70033000-781f70034000 r--p 00008000 fc:00 49676380                   /mydata/openjdk-mmtk/build/b0test/images/jdk/lib/libzip.so
781f70034000-781f70035000 rw-p 00009000 fc:00 49676380                   /mydata/openjdk-mmtk/build/b0test/images/jdk/lib/libzip.so
781f70035000-781f70038000 r--p 00000000 fc:00 49676376                   /mydata/openjdk-mmtk/build/b0test/images/jdk/lib/libnet.so
781f70038000-781f70040000 r-xp 00003000 fc:00 49676376                   /mydata/openjdk-mmtk/build/b0test/images/jdk/lib/libnet.so
781f70040000-781f70042000 r--p 0000b000 fc:00 49676376                   /mydata/openjdk-mmtk/build/b0test/images/jdk/lib/libnet.so
781f70042000-781f70043000 r--p 0000c000 fc:00 49676376                   /mydata/openjdk-mmtk/build/b0test/images/jdk/lib/libnet.so
781f70043000-781f70044000 rw-p 0000d000 fc:00 49676376                   /mydata/openjdk-mmtk/build/b0test/images/jdk/lib/libnet.so
781f70044000-781f70045000 ---p 00000000 00:00 0 
781f70045000-781f70145000 rw-p 00000000 00:00 0 
781f70145000-781f70746000 rw-p 00000000 00:00 0 
781f70746000-781f7074a000 r--p 00000000 08:03 1410107                    /usr/lib/x86_64-linux-gnu/libzstd.so.1.5.5
781f7074a000-781f707f1000 r-xp 00004000 08:03 1410107                    /usr/lib/x86_64-linux-gnu/libzstd.so.1.5.5
781f707f1000-781f707fe000 r--p 000ab000 08:03 1410107                    /usr/lib/x86_64-linux-gnu/libzstd.so.1.5.5
781f707fe000-781f707ff000 r--p 000b7000 08:03 1410107                    /usr/lib/x86_64-linux-gnu/libzstd.so.1.5.5
781f707ff000-781f70800000 rw-p 000b8000 08:03 1410107                    /usr/lib/x86_64-linux-gnu/libzstd.so.1.5.5
781f70800000-781f7080c000 r--p 00000000 fc:00 13107796                   /mydata/gc-bpf-fault/shim/libgcbpf.so
781f7080c000-781f7086e000 r-xp 0000c000 fc:00 13107796                   /mydata/gc-bpf-fault/shim/libgcbpf.so
781f7086e000-781f70ade000 r--p 0006e000 fc:00 13107796                   /mydata/gc-bpf-fault/shim/libgcbpf.so
781f70ade000-781f70ae0000 r--p 002de000 fc:00 13107796                   /mydata/gc-bpf-fault/shim/libgcbpf.so
781f70ae0000-781f70ae1000 rw-p 002e0000 fc:00 13107796                   /mydata/gc-bpf-fault/shim/libgcbpf.so
781f70ae1000-781f70ae2000 rw-p 00000000 00:00 0 
781f70ae2000-781f70ae9000 r--p 00000000 fc:00 49676377                   /mydata/openjdk-mmtk/build/b0test/images/jdk/lib/libnio.so
781f70ae9000-781f70af2000 r-xp 00007000 fc:00 49676377                   /mydata/openjdk-mmtk/build/b0test/images/jdk/lib/libnio.so
781f70af2000-781f70af6000 r--p 00010000 fc:00 49676377                   /mydata/openjdk-mmtk/build/b0test/images/jdk/lib/libnio.so
781f70af6000-781f70af7000 r--p 00014000 fc:00 49676377                   /mydata/openjdk-mmtk/build/b0test/images/jdk/lib/libnio.so
781f70af7000-781f70af8000 rw-p 00015000 fc:00 49676377                   /mydata/openjdk-mmtk/build/b0test/images/jdk/lib/libnio.so
781f70af8000-781f70afb000 r--p 00000000 08:03 1410420                    /usr/lib/x86_64-linux-gnu/libelf-0.190.so
781f70afb000-781f70b11000 r-xp 00003000 08:03 1410420                    /usr/lib/x86_64-linux-gnu/libelf-0.190.so
781f70b11000-781f70b15000 r--p 00019000 08:03 1410420                    /usr/lib/x86_64-linux-gnu/libelf-0.190.so
781f70b15000-781f70b16000 r--p 0001c000 08:03 1410420                    /usr/lib/x86_64-linux-gnu/libelf-0.190.so
781f70b16000-781f70b17000 rw-p 0001d000 08:03 1410420                    /usr/lib/x86_64-linux-gnu/libelf-0.190.so
781f70b17000-781f70b1c000 rw-p 00000000 00:00 0 
781f70b1c000-781f70c00000 ---p 00000000 00:00 0 
781f70c00000-781f70d48000 r--p 00000000 fc:00 49676390                   /mydata/openjdk-mmtk/build/b0test/images/jdk/lib/server/libmmtk_openjdk.so
781f70d48000-781f70fcd000 r-xp 00147000 fc:00 49676390                   /mydata/openjdk-mmtk/build/b0test/images/jdk/lib/server/libmmtk_openjdk.so
781f70fcd000-781f7100e000 r--p 003cb000 fc:00 49676390                   /mydata/openjdk-mmtk/build/b0test/images/jdk/lib/server/libmmtk_openjdk.so
781f7100e000-781f71010000 rw-p 0040b000 fc:00 49676390                   /mydata/openjdk-mmtk/build/b0test/images/jdk/lib/server/libmmtk_openjdk.so
781f71010000-781f71012000 rw-p 00000000 00:00 0 
781f71017000-781f71024000 rw-p 00000000 00:00 0 
781f71024000-781f71100000 ---p 00000000 00:00 0 
781f71100000-781f71104000 ---p 00000000 00:00 0 
781f71104000-781f71200000 rw-p 00000000 00:00 0 
781f71200000-781f714a9000 r--p 00000000 fc:00 49676389                   /mydata/openjdk-mmtk/build/b0test/images/jdk/lib/server/libjvm.so
781f714a9000-781f7233c000 r-xp 002a9000 fc:00 49676389                   /mydata/openjdk-mmtk/build/b0test/images/jdk/lib/server/libjvm.so
781f7233c000-781f72620000 r--p 0113c000 fc:00 49676389                   /mydata/openjdk-mmtk/build/b0test/images/jdk/lib/server/libjvm.so
781f72620000-781f726f6000 r--p 0141f000 fc:00 49676389                   /mydata/openjdk-mmtk/build/b0test/images/jdk/lib/server/libjvm.so
781f726f6000-781f72726000 rw-p 014f5000 fc:00 49676389                   /mydata/openjdk-mmtk/build/b0test/images/jdk/lib/server/libjvm.so
781f72726000-781f7278c000 rw-p 00000000 00:00 0 
781f7278f000-781f72796000 r--s 00000000 08:03 1436340                    /usr/lib/x86_64-linux-gnu/gconv/gconv-modules.cache
781f72796000-781f7279e000 rw-p 00000000 00:00 0 
781f7279e000-781f727a6000 ---p 00000000 00:00 0 
781f727a6000-781f727b3000 r--p 00000000 fc:00 49676369                   /mydata/openjdk-mmtk/build/b0test/images/jdk/lib/libjava.so
781f727b3000-781f727c2000 r-xp 0000d000 fc:00 49676369                   /mydata/openjdk-mmtk/build/b0test/images/jdk/lib/libjava.so
781f727c2000-781f727c7000 r--p 0001c000 fc:00 49676369                   /mydata/openjdk-mmtk/build/b0test/images/jdk/lib/libjava.so
781f727c7000-781f727c8000 r--p 00021000 fc:00 49676369                   /mydata/openjdk-mmtk/build/b0test/images/jdk/lib/libjava.so
781f727c8000-781f727c9000 rw-p 00022000 fc:00 49676369                   /mydata/openjdk-mmtk/build/b0test/images/jdk/lib/libjava.so
781f727c9000-781f727ca000 rw-p 00000000 00:00 0 
781f727ca000-781f727d2000 rw-s 00000000 08:03 237602                     /tmp/hsperfdata_root/442319
781f727d2000-781f727d6000 r--p 00000000 08:03 1410148                    /usr/lib/x86_64-linux-gnu/libgcc_s.so.1
781f727d6000-781f727fa000 r-xp 00004000 08:03 1410148                    /usr/lib/x86_64-linux-gnu/libgcc_s.so.1
781f727fa000-781f727fe000 r--p 00028000 08:03 1410148                    /usr/lib/x86_64-linux-gnu/libgcc_s.so.1
781f727fe000-781f727ff000 r--p 0002b000 08:03 1410148                    /usr/lib/x86_64-linux-gnu/libgcc_s.so.1
781f727ff000-781f72800000 rw-p 0002c000 08:03 1410148                    /usr/lib/x86_64-linux-gnu/libgcc_s.so.1
781f72800000-781f72828000 r--p 00000000 08:03 1410238                    /usr/lib/x86_64-linux-gnu/libc.so.6
781f72828000-781f729b0000 r-xp 00028000 08:03 1410238                    /usr/lib/x86_64-linux-gnu/libc.so.6
781f729b0000-781f729ff000 r--p 001b0000 08:03 1410238                    /usr/lib/x86_64-linux-gnu/libc.so.6
781f729ff000-781f72a03000 r--p 001fe000 08:03 1410238                    /usr/lib/x86_64-linux-gnu/libc.so.6
781f72a03000-781f72a05000 rw-p 00202000 08:03 1410238                    /usr/lib/x86_64-linux-gnu/libc.so.6
781f72a05000-781f72a12000 rw-p 00000000 00:00 0 
781f72a12000-781f72a16000 r--p 00000000 fc:00 49676370                   /mydata/openjdk-mmtk/build/b0test/images/jdk/lib/libjimage.so
781f72a16000-781f72a2d000 r-xp 00004000 fc:00 49676370                   /mydata/openjdk-mmtk/build/b0test/images/jdk/lib/libjimage.so
781f72a2d000-781f72a32000 r--p 0001b000 fc:00 49676370                   /mydata/openjdk-mmtk/build/b0test/images/jdk/lib/libjimage.so
781f72a32000-781f72a34000 r--p 00020000 fc:00 49676370                   /mydata/openjdk-mmtk/build/b0test/images/jdk/lib/libjimage.so
781f72a34000-781f72a35000 rw-p 00022000 fc:00 49676370                   /mydata/openjdk-mmtk/build/b0test/images/jdk/lib/libjimage.so
781f72a35000-781f72a45000 r--p 00000000 08:03 1411099                    /usr/lib/x86_64-linux-gnu/libm.so.6
781f72a45000-781f72ac4000 r-xp 00010000 08:03 1411099                    /usr/lib/x86_64-linux-gnu/libm.so.6
781f72ac4000-781f72b1c000 r--p 0008f000 08:03 1411099                    /usr/lib/x86_64-linux-gnu/libm.so.6
781f72b1c000-781f72b1d000 r--p 000e7000 08:03 1411099                    /usr/lib/x86_64-linux-gnu/libm.so.6
781f72b1d000-781f72b1e000 rw-p 000e8000 08:03 1411099                    /usr/lib/x86_64-linux-gnu/libm.so.6
781f72b1e000-781f72b20000 rw-p 00000000 00:00 0 
781f72b20000-781f72b22000 r--p 00000000 08:03 1409104                    /usr/lib/x86_64-linux-gnu/libz.so.1.3
781f72b22000-781f72b34000 r-xp 00002000 08:03 1409104                    /usr/lib/x86_64-linux-gnu/libz.so.1.3
781f72b34000-781f72b3a000 r--p 00014000 08:03 1409104                    /usr/lib/x86_64-linux-gnu/libz.so.1.3
781f72b3a000-781f72b3b000 r--p 0001a000 08:03 1409104                    /usr/lib/x86_64-linux-gnu/libz.so.1.3
781f72b3b000-781f72b3c000 rw-p 0001b000 08:03 1409104                    /usr/lib/x86_64-linux-gnu/libz.so.1.3
781f72b41000-781f72b42000 rw-s 00000000 00:10 68                         anon_inode:bpf-map
781f72b42000-781f72b43000 r--s 00000000 00:10 68                         anon_inode:bpf-map
781f72b43000-781f72b44000 ---p 00000000 00:00 0 
781f72b44000-781f72b45000 r--p 00000000 00:00 0 
781f72b45000-781f72b46000 ---p 00000000 00:00 0 
781f72b46000-781f72b48000 r--p 00000000 fc:00 49676372                   /mydata/openjdk-mmtk/build/b0test/images/jdk/lib/libjli.so
781f72b48000-781f72b52000 r-xp 00002000 fc:00 49676372                   /mydata/openjdk-mmtk/build/b0test/images/jdk/lib/libjli.so
781f72b52000-781f72b55000 r--p 0000c000 fc:00 49676372                   /mydata/openjdk-mmtk/build/b0test/images/jdk/lib/libjli.so
781f72b55000-781f72b56000 r--p 0000f000 fc:00 49676372                   /mydata/openjdk-mmtk/build/b0test/images/jdk/lib/libjli.so
781f72b56000-781f72b57000 rw-p 00010000 fc:00 49676372                   /mydata/openjdk-mmtk/build/b0test/images/jdk/lib/libjli.so
781f72b57000-781f72b59000 rw-p 00000000 00:00 0 
781f72b59000-781f72b5d000 r--p 00000000 00:00 0                          [vvar]
781f72b5d000-781f72b5f000 r--p 00000000 00:00 0                          [vvar_vclock]
781f72b5f000-781f72b61000 r-xp 00000000 00:00 0                          [vdso]
781f72b61000-781f72b62000 r--p 00000000 08:03 1409763                    /usr/lib/x86_64-linux-gnu/ld-linux-x86-64.so.2
781f72b62000-781f72b8d000 r-xp 00001000 08:03 1409763                    /usr/lib/x86_64-linux-gnu/ld-linux-x86-64.so.2
781f72b8d000-781f72b97000 r--p 0002c000 08:03 1409763                    /usr/lib/x86_64-linux-gnu/ld-linux-x86-64.so.2
781f72b97000-781f72b99000 r--p 00036000 08:03 1409763                    /usr/lib/x86_64-linux-gnu/ld-linux-x86-64.so.2
781f72b99000-781f72b9b000 rw-p 00038000 08:03 1409763                    /usr/lib/x86_64-linux-gnu/ld-linux-x86-64.so.2
7fffd78cd000-7fffd78ee000 rw-p 00000000 00:00 0                          [stack]
ffffffffff600000-ffffffffff601000 --xp 00000000 00:00 0                  [vsyscall]
Total number of mappings: 545

JVMTI agents: none


VM Arguments:
jvm_args: -XX:+UseThirdPartyHeap -Xms512m -Xmx512m 
java_command: /mydata/dacapo/dacapo-23.11/dacapo-23.11-MR2-chopin.jar xalan -n 3
java_class_path (initial): /mydata/dacapo/dacapo-23.11/dacapo-23.11-MR2-chopin.jar
Launcher Type: SUN_STANDARD

[Global flags]
     intx CICompilerCount                          = 15                                        {product} {ergonomic}
   size_t InitialHeapSize                          = 536870912                                 {product} {command line}
   size_t MaxHeapSize                              = 536870912                                 {product} {command line}
   size_t MinHeapDeltaBytes                        = 524288                                    {product} {ergonomic}
   size_t MinHeapSize                              = 536870912                                 {product} {command line}
    uintx NonNMethodCodeHeapSize                   = 8192380                                {pd product} {ergonomic}
    uintx NonProfiledCodeHeapSize                  = 121732930                              {pd product} {ergonomic}
    uintx ProfiledCodeHeapSize                     = 121732930                              {pd product} {ergonomic}
    uintx ReservedCodeCacheSize                    = 251658240                              {pd product} {ergonomic}
     bool SegmentedCodeCache                       = true                                      {product} {ergonomic}
   size_t SoftMaxHeapSize                          = 536870912                              {manageable} {ergonomic}
     bool UseCompressedOops                        = true                           {product lp64_product} {ergonomic}

Logging:
Log output configuration:
 #0: stdout all=warning uptime,level,tags foldmultilines=false
 #1: stderr all=off uptime,level,tags foldmultilines=false

Release file:
IMPLEMENTOR="N/A"
JAVA_RUNTIME_VERSION="21.0.9-internal-adhoc.talzuss.openjdk-mmtk"
JAVA_VERSION="21.0.9"
JAVA_VERSION_DATE="2025-10-21"
LIBC="gnu"
MODULES="java.base java.compiler java.datatransfer java.xml java.prefs java.desktop java.instrument java.logging java.management java.security.sasl java.naming java.rmi java.management.rmi java.net.http java.scripting java.security.jgss java.transaction.xa java.sql java.sql.rowset java.xml.crypto java.se java.smartcardio jdk.accessibility jdk.internal.jvmstat jdk.attach jdk.charsets jdk.internal.opt jdk.zipfs jdk.compiler jdk.crypto.ec jdk.crypto.cryptoki jdk.dynalink jdk.internal.ed jdk.editpad jdk.hotspot.agent jdk.httpserver jdk.incubator.vector jdk.internal.le jdk.internal.vm.ci jdk.internal.vm.compiler jdk.internal.vm.compiler.management jdk.jartool jdk.javadoc jdk.jcmd jdk.management jdk.management.agent jdk.jconsole jdk.jdeps jdk.jdwp.agent jdk.jdi jdk.jfr jdk.jlink jdk.jpackage jdk.jshell jdk.jsobject jdk.jstatd jdk.localedata jdk.management.jfr jdk.naming.dns jdk.naming.rmi jdk.net jdk.nio.mapmode jdk.random jdk.sctp jdk.security.auth jdk.security.jgss jdk.unsupported jdk.unsupported.desktop jdk.xml.dom"
OS_ARCH="x86_64"
OS_NAME="Linux"
SOURCE=".:git:b557520f04b3+"

Environment Variables:
PATH=/usr/local/sbin:/usr/local/bin:/usr/sbin:/usr/bin:/sbin:/bin:/snap/bin
SHELL=/bin/bash
LANG=en_US.UTF-8
TERM=tmux-256color

Active Locale:
LC_ALL=en_US.UTF-8
LC_COLLATE=en_US.UTF-8
LC_CTYPE=en_US.UTF-8
LC_MESSAGES=en_US.UTF-8
LC_MONETARY=en_US.UTF-8
LC_NUMERIC=en_US.UTF-8
LC_TIME=en_US.UTF-8

Signal Handlers:
   SIGSEGV: crash_handler in libjvm.so, mask=11100100010111111101111111111110, flags=SA_RESTART|SA_SIGINFO, unblocked
    SIGBUS: crash_handler in libjvm.so, mask=11100100010111111101111111111110, flags=SA_RESTART|SA_SIGINFO, unblocked
    SIGFPE: crash_handler in libjvm.so, mask=11100100010111111101111111111110, flags=SA_RESTART|SA_SIGINFO, unblocked
   SIGPIPE: javaSignalHandler in libjvm.so, mask=11100100010111111101111111111110, flags=SA_RESTART|SA_SIGINFO, blocked
   SIGXFSZ: javaSignalHandler in libjvm.so, mask=11100100010111111101111111111110, flags=SA_RESTART|SA_SIGINFO, blocked
    SIGILL: crash_handler in libjvm.so, mask=11100100010111111101111111111110, flags=SA_RESTART|SA_SIGINFO, unblocked
   SIGUSR2: SR_handler in libjvm.so, mask=00000000000000000000000000000000, flags=SA_RESTART|SA_SIGINFO, blocked
    SIGHUP: UserHandler in libjvm.so, mask=11100100010111111101111111111110, flags=SA_RESTART|SA_SIGINFO, blocked
    SIGINT: UserHandler in libjvm.so, mask=11100100010111111101111111111110, flags=SA_RESTART|SA_SIGINFO, blocked
   SIGTERM: UserHandler in libjvm.so, mask=11100100010111111101111111111110, flags=SA_RESTART|SA_SIGINFO, blocked
   SIGQUIT: UserHandler in libjvm.so, mask=11100100010111111101111111111110, flags=SA_RESTART|SA_SIGINFO, blocked
   SIGTRAP: crash_handler in libjvm.so, mask=11100100010111111101111111111110, flags=SA_RESTART|SA_SIGINFO, unblocked


Periodic native trim disabled

---------------  S Y S T E M  ---------------

OS:
DISTRIB_ID=Ubuntu
DISTRIB_RELEASE=24.04
DISTRIB_CODENAME=noble
DISTRIB_DESCRIPTION="Ubuntu 24.04.4 LTS"
uname: Linux 6.17.0-bpf-fault+ #1 SMP PREEMPT_DYNAMIC Mon Jul  6 16:43:12 MDT 2026 x86_64
OS uptime: 1 days 2:59 hours
libc: glibc 2.39 NPTL 2.39 
rlimit (soft/hard): STACK 8192k/infinity , CORE 0k/0k , NPROC 513205/513205 , NOFILE 1048576/1048576 , AS infinity/infinity , CPU infinity/infinity , DATA infinity/infinity , FSIZE infinity/infinity , MEMLOCK 16436528k/16436528k
load average: 1.63 0.88 0.74

/proc/meminfo:
MemTotal:       131492232 kB
MemFree:        64880036 kB
MemAvailable:   112149896 kB
Buffers:          563732 kB
Cached:         45964060 kB
SwapCached:            0 kB
Active:          4416164 kB
Inactive:       45704420 kB
Active(anon):    3609676 kB
Inactive(anon):        0 kB
Active(file):     806488 kB
Inactive(file): 45704420 kB
Unevictable:       41912 kB
Mlocked:           38840 kB
SwapTotal:       8388604 kB
SwapFree:        8388604 kB
Zswap:                 0 kB
Zswapped:              0 kB
Dirty:             15444 kB
Writeback:             0 kB
AnonPages:       3636532 kB
Mapped:         12928884 kB
Shmem:              5320 kB
KReclaimable:    2010636 kB
Slab:            2553000 kB
SReclaimable:    2010636 kB
SUnreclaim:       542364 kB
KernelStack:       13008 kB
PageTables:        72968 kB
SecPageTables:      9412 kB
NFS_Unstable:          0 kB
Bounce:                0 kB
WritebackTmp:          0 kB
CommitLimit:    74134720 kB
Committed_AS:   165169776 kB
VmallocTotal:   34359738367 kB
VmallocUsed:       39056 kB
VmallocChunk:          0 kB
Percpu:            51072 kB
HardwareCorrupted:     0 kB
AnonHugePages:         0 kB
ShmemHugePages:        0 kB
ShmemPmdMapped:        0 kB
FileHugePages:   2177024 kB
FilePmdMapped:         0 kB
Unaccepted:            0 kB
Balloon:               0 kB
HugePages_Total:       0
HugePages_Free:        0
HugePages_Rsvd:        0
HugePages_Surp:        0
Hugepagesize:       2048 kB
Hugetlb:               0 kB
DirectMap4k:     1067840 kB
DirectMap2M:    29976576 kB
DirectMap1G:    102760448 kB

/sys/kernel/mm/transparent_hugepage/enabled: always [madvise] never
/sys/kernel/mm/transparent_hugepage/hpage_pmd_size: 2097152
/sys/kernel/mm/transparent_hugepage/defrag (defrag/compaction efforts parameter): always defer defer+madvise [madvise] never

Process Memory:
Virtual Size: 13620325424K (peak: 13620325424K)
Resident Set Size: 4212572K (peak: 4212572K) (anon: 1039436K, file: 3173136K, shmem: 0K)
Swapped out: 0K
C-Heap outstanding allocations: 1397664K, retained: 32991K
glibc malloc tunables: (default)

/proc/sys/kernel/threads-max (system-wide limit on the number of threads): 1026411
/proc/sys/vm/max_map_count (maximum number of memory map areas a process may have): 1048576
/proc/sys/vm/swappiness (control to define how aggressively the kernel swaps out anonymous memory): 60
/proc/sys/kernel/pid_max (system-wide limit on number of process identifiers): 4194304

container information not found.
Steal ticks since vm start: 0
Steal ticks percentage since vm start:  0.000

CPU: total 32 (initial active 32) (32 cores per cpu, 2 threads per core) family 23 model 49 stepping 0 microcode 0x830107c, cx8, cmov, fxsr, ht, mmx, 3dnowpref, sse, sse2, sse3, ssse3, sse4a, sse4.1, sse4.2, popcnt, lzcnt, tsc, tscinvbit, avx, avx2, aes, clmul, bmi1, bmi2, adx, sha, fma, vzeroupper, clflush, clflushopt, rdtscp, rdpid, f16c
CPU Model and flags from /proc/cpuinfo:
model name	: AMD EPYC 7302P 16-Core Processor
flags		: fpu vme de pse tsc msr pae mce cx8 apic sep mtrr pge mca cmov pat pse36 clflush mmx fxsr sse sse2 ht syscall nx mmxext fxsr_opt pdpe1gb rdtscp lm constant_tsc rep_good nopl xtopology nonstop_tsc cpuid extd_apicid aperfmperf rapl pni pclmulqdq monitor ssse3 fma cx16 sse4_1 sse4_2 movbe popcnt aes xsave avx f16c rdrand lahf_lm cmp_legacy svm extapic cr8_legacy abm sse4a misalignsse 3dnowprefetch osvw ibs skinit wdt tce topoext perfctr_core perfctr_nb bpext perfctr_llc mwaitx cpb cat_l3 cdp_l3 hw_pstate ssbd mba ibrs ibpb stibp vmmcall fsgsbase bmi1 avx2 smep bmi2 cqm rdt_a rdseed adx smap clflushopt clwb sha_ni xsaveopt xsavec xgetbv1 xsaves cqm_llc cqm_occup_llc cqm_mbm_total cqm_mbm_local clzero irperf xsaveerptr rdpru wbnoinvd amd_ppin arat npt lbrv svm_lock nrip_save tsc_scale vmcb_clean flushbyasid decodeassists pausefilter pfthreshold avic v_vmsave_vmload vgif v_spec_ctrl umip rdpid overflow_recov succor smca sev sev_es

Online cpus: 0-31
Offline cpus: 
BIOS frequency limitation: <Not Available>
Frequency switch latency (ns): <Not Available>
Available cpu frequencies: <Not Available>
Current governor: <Not Available>
Core performance/turbo boost: <Not Available>

Memory: 4k page, physical 131492232k(112149896k free), swap 8388604k(8388604k free)
Page Sizes: 4k

vm_info: OpenJDK 64-Bit Server VM (21.0.9-internal-adhoc.talzuss.openjdk-mmtk) for linux-amd64 JRE (21.0.9-internal-adhoc.talzuss.openjdk-mmtk), built on 2026-07-06T23:13:08Z by "talzuss" with gcc 13.3.0
heap_info: MMTk OpenJDK 0.32.0 (f59b93a-dirty), using MMTk 0.32.0 (3ecdf08-dirty, BUILTIN_ENV_LOGGER, DEFAULT, EAGER_SWEEPING, VO_BIT)

END.
