#
# A fatal error has been detected by the Java Runtime Environment:
#
#  SIGSEGV (0xb) at pc=0x000075c9a5ca5270, pid=481304, tid=481313
#
# JRE version: OpenJDK Runtime Environment (21.0.9) (build 21.0.9-internal-adhoc.talzuss.openjdk-mmtk)
# Java VM: OpenJDK 64-Bit Server VM (21.0.9-internal-adhoc.talzuss.openjdk-mmtk, mixed mode, sharing, tiered, compressed oops, compressed class ptrs, third-party gc, linux-amd64)
# Problematic frame:
# C  [libmmtk_openjdk.so+0xa5270]
#
# No core dump will be written. Core dumps have been disabled. To enable core dumping, try "ulimit -c unlimited" before starting Java again
#
# If you would like to submit a bug report, please visit:
#   https://bugreport.java.com/bugreport/crash.jsp
#

---------------  S U M M A R Y ------------

Command Line: -XX:+UseThirdPartyHeap -Xms512m -Xmx512m /mydata/dacapo/dacapo-23.11/dacapo-23.11-MR2-chopin.jar xalan -n 3

Host: AMD EPYC 7302P 16-Core Processor, 32 cores, 125G, Ubuntu 24.04.4 LTS
Time: Tue Jul  7 20:44:12 2026 MDT elapsed time: 7.394951 seconds (0d 0h 0m 7s)

---------------  T H R E A D  ---------------

Current thread (0x000075c9a052e730):  NamedThread "MMTk Collector Thread" [id=481313, stack(0x000075c9a4600000,0x000075c9a4700000) (1024K)]

Stack: [0x000075c9a4600000,0x000075c9a4700000],  sp=0x000075c9a46fe900,  free space=1018k
Native frames: (J=compiled Java code, j=interpreted, Vv=VM code, C=native code)
C  [libmmtk_openjdk.so+0xa5270]

siginfo: si_signo: 11 (SIGSEGV), si_code: 2 (SEGV_ACCERR), si_addr: 0x000075c9a5ca5270

Registers:
RAX=0x000075c9a5ca5270, RBX=0x000075c9a03e0610, RCX=0x000075c9a5c7c16c, RDX=0x0000691c6b000000
RSP=0x000075c9a46fe900, RBP=0x0000000000000008, RSI=0x0000691c6b740028, RDI=0x0000000051f0b200
R8 =0x0000691c480008e0, R9 =0x0000000000000007, R10=0x0000691c4801ac40, R11=0x0c71f356f004c8ee
R12=0x0000000000000000, R13=0x0000000051f0a968, R14=0x0000000000000018, R15=0x7fffffffffffffff
RIP=0x000075c9a5ca5270, EFLAGS=0x0000000000010212, CSGSFS=0x002b000000000033, ERR=0x0000000000000015
  TRAPNO=0x000000000000000e

XMM[0]=0x0000000000000000 0x0000000000000000
XMM[1]=0x0000000000000000 0x0000691c48000090
XMM[2]=0x0000000041d40ac0 0x0000000041d40020
XMM[3]=0x0000000051f3cff8 0x0000000041da7c00
XMM[4]=0x0000000000000000 0x0000691c48000090
XMM[5]=0x000000004b945000 0x0000000043d90000
XMM[6]=0x000000004d442000 0x0000000045f69000
XMM[7]=0x000000005664d000 0x000000005080e000
XMM[8]=0x0000000051391000 0x000000004813f000
XMM[9]=0x0000000000000000 0x0000000000000000
XMM[10]=0x3f3f3f3f3f3f3f3f 0x3f3f3f3f3f3f3f3f
XMM[11]=0x9999999999999999 0x9999999999999999
XMM[12]=0x2020202020202020 0x2020202020202020
XMM[13]=0x0000000000000000 0x0000000000000000
XMM[14]=0x0000000000000000 0x0000000000000000
XMM[15]=0x0000000000000000 0x0000000000000000
  MXCSR=0x00001fa2


Register to memory mapping:

RAX=
[error occurred during error reporting (printing register info), id 0xe0000000, Internal Error (/mydata/mmtk-openjdk/openjdk/share/mmtkHeap.cpp:444)]
RBX=
[error occurred during error reporting (printing register info, attempt 2), id 0xe0000000, Internal Error (/mydata/mmtk-openjdk/openjdk/share/mmtkHeap.cpp:444)]
RCX=
[error occurred during error reporting (printing register info, attempt 3), id 0xe0000000, Internal Error (/mydata/mmtk-openjdk/openjdk/share/mmtkHeap.cpp:444)]
Top of Stack: (sp=0x000075c9a46fe900)
0x000075c9a46fe900:   0000000000000000 0000000051c0f460
0x000075c9a46fe910:   0000000000000000 0000000000000008
0x000075c9a46fe920:   0000000000000000 0000691c6c0fa3b8
0x000075c9a46fe930:   000075c9a600d404 0000691c4801b140
0x000075c9a46fe940:   00000000000002df 8000000000000000
0x000075c9a46fe950:   0000000051f0f1f8 000075c9a5fe8ea0
0x000075c9a46fe960:   0000691c20061310 0000691c000220c8
0x000075c9a46fe970:   000075c9a052c1c0 0000000000000040
0x000075c9a46fe980:   000075c9a5fe75a0 000075c9a46fe950
0x000075c9a46fe990:   000075c9a46fe930 000075c9a03e0950
0x000075c9a46fe9a0:   0000000000000000 000000000000000f
0x000075c9a46fe9b0:   0000000000000001 000075c9a5fceec0
0x000075c9a46fe9c0:   0000000000000000 0000000000000000
0x000075c9a46fe9d0:   000075c9a052c1c0 0000000000000000
0x000075c9a46fe9e0:   000075c9a006d200 8000000000000000
0x000075c9a46fe9f0:   8000000000000000 0000691c6b03f4b0
0x000075c9a46fea00:   000075c9a03e0610 0000000000000000
0x000075c9a46fea10:   0000000000010000 0000691c4801fde0
0x000075c9a46fea20:   0000000000006a1b 000075c9a46fe950
0x000075c9a46fea30:   0000000000001000 0000691c4800ac50
0x000075c9a46fea40:   00000000000008ae 000075c9a0070800
0x000075c9a46fea50:   0000000051c0f460 0000000000080000
0x000075c9a46fea60:   0000691c4801fde0 0000000000071f45
0x000075c9a46fea70:   0000000000040000 0000691c4841fdf0
0x000075c9a46fea80:   00000000000259de 00000000000258c4
0x000075c9a46fea90:   0000000000000000 0000000000000000
0x000075c9a46feaa0:   0000000000000000 000000000000011a
0x000075c9a46feab0:   000075c9a46fe980 000075c9a46fe930
0x000075c9a46feac0:   000075c9a46fe930 000075c9a46fe910
0x000075c9a46fead0:   000075c9a006d500 000075c9a0046210
0x000075c9a46feae0:   000075c9a006ce80 0000000000000001
0x000075c9a46feaf0:   000075c9a5fceec0 000000000000000c 

Instructions: (pc=0x000075c9a5ca5270)
0x000075c9a5ca5170:   6e 4a 44 4b 3c 74 72 75 65 3e 2c 20 6d 6d 74 6b
0x000075c9a5ca5180:   3a 3a 73 63 68 65 64 75 6c 65 72 3a 3a 67 63 5f
0x000075c9a5ca5190:   77 6f 72 6b 3a 3a 50 72 6f 63 65 73 73 45 64 67
0x000075c9a5ca51a0:   65 73 57 6f 72 6b 52 6f 6f 74 73 57 6f 72 6b 46
0x000075c9a5ca51b0:   61 63 74 6f 72 79 3c 6d 6d 74 6b 5f 6f 70 65 6e
0x000075c9a5ca51c0:   6a 64 6b 3a 3a 4f 70 65 6e 4a 44 4b 3c 74 72 75
0x000075c9a5ca51d0:   65 3e 2c 20 6d 6d 74 6b 3a 3a 73 63 68 65 64 75
0x000075c9a5ca51e0:   6c 65 72 3a 3a 67 63 5f 77 6f 72 6b 3a 3a 50 6c
0x000075c9a5ca51f0:   61 6e 50 72 6f 63 65 73 73 45 64 67 65 73 3c 6d
0x000075c9a5ca5200:   6d 74 6b 5f 6f 70 65 6e 6a 64 6b 3a 3a 4f 70 65
0x000075c9a5ca5210:   6e 4a 44 4b 3c 74 72 75 65 3e 2c 20 6d 6d 74 6b
0x000075c9a5ca5220:   3a 3a 70 6c 61 6e 3a 3a 6d 61 72 6b 63 6f 6d 70
0x000075c9a5ca5230:   61 63 74 3a 3a 67 6c 6f 62 61 6c 3a 3a 4d 61 72
0x000075c9a5ca5240:   6b 43 6f 6d 70 61 63 74 3c 6d 6d 74 6b 5f 6f 70
0x000075c9a5ca5250:   65 6e 6a 64 6b 3a 3a 4f 70 65 6e 4a 44 4b 3c 74
0x000075c9a5ca5260:   72 75 65 3e 3e 2c 20 31 3e 2c 20 6d 6d 74 6b 3a
0x000075c9a5ca5270:   3a 73 63 68 65 64 75 6c 65 72 3a 3a 67 63 5f 77
0x000075c9a5ca5280:   6f 72 6b 3a 3a 55 6e 73 75 70 70 6f 72 74 65 64
0x000075c9a5ca5290:   50 72 6f 63 65 73 73 45 64 67 65 73 3c 6d 6d 74
0x000075c9a5ca52a0:   6b 5f 6f 70 65 6e 6a 64 6b 3a 3a 4f 70 65 6e 4a
0x000075c9a5ca52b0:   44 4b 3c 74 72 75 65 3e 3e 3e 3e 6d 6d 74 6b 5f
0x000075c9a5ca52c0:   6f 70 65 6e 6a 64 6b 3a 3a 67 63 5f 77 6f 72 6b
0x000075c9a5ca52d0:   3a 3a 53 63 61 6e 56 4d 54 68 72 65 61 64 52 6f
0x000075c9a5ca52e0:   6f 74 73 3c 6d 6d 74 6b 5f 6f 70 65 6e 6a 64 6b
0x000075c9a5ca52f0:   3a 3a 4f 70 65 6e 4a 44 4b 3c 74 72 75 65 3e 2c
0x000075c9a5ca5300:   20 6d 6d 74 6b 3a 3a 73 63 68 65 64 75 6c 65 72
0x000075c9a5ca5310:   3a 3a 67 63 5f 77 6f 72 6b 3a 3a 50 72 6f 63 65
0x000075c9a5ca5320:   73 73 45 64 67 65 73 57 6f 72 6b 52 6f 6f 74 73
0x000075c9a5ca5330:   57 6f 72 6b 46 61 63 74 6f 72 79 3c 6d 6d 74 6b
0x000075c9a5ca5340:   5f 6f 70 65 6e 6a 64 6b 3a 3a 4f 70 65 6e 4a 44
0x000075c9a5ca5350:   4b 3c 74 72 75 65 3e 2c 20 6d 6d 74 6b 3a 3a 70
0x000075c9a5ca5360:   6c 61 6e 3a 3a 63 6f 6e 63 75 72 72 65 6e 74 3a 


Stack slot to memory mapping:

stack at sp + 0 slots: 0x0 is null
stack at sp + 1 slots: 
[error occurred during error reporting (inspecting top of stack), id 0xe0000000, Internal Error (/mydata/mmtk-openjdk/openjdk/share/mmtkHeap.cpp:444)]
stack at sp + 2 slots: 0x0 is null
stack at sp + 3 slots: 
[error occurred during error reporting (inspecting top of stack, attempt 2), id 0xe0000000, Internal Error (/mydata/mmtk-openjdk/openjdk/share/mmtkHeap.cpp:444)]
stack at sp + 4 slots: 0x0 is null
stack at sp + 5 slots: 
[error occurred during error reporting (inspecting top of stack, attempt 3), id 0xe0000000, Internal Error (/mydata/mmtk-openjdk/openjdk/share/mmtkHeap.cpp:444)]

---------------  P R O C E S S  ---------------

Threads class SMR info:
_java_thread_list=0x0000691b34246800, length=44, elements={
0x000075c9a002b240, 0x000075c9a0527350, 0x000075c9a0528be0, 0x000075c9a052a6f0,
0x000075c9a0548f20, 0x000075c9a054a870, 0x000075c9a054c130, 0x000075c9a054df70,
0x000075c9a0557940, 0x000075c9a05a6850, 0x000075c9a05a9850, 0x000075c9a05dd9b0,
0x000075c9a05d22b0, 0x000075c9a07d1cb0, 0x000075c9a05d6820, 0x000075c9a05d3700,
0x000075c9a07cc940, 0x000075c9a07d4510, 0x000075c9a07ca040, 0x000075c9a07cb4c0,
0x000075c9a05d0df0, 0x000075c9a05e1f30, 0x000075c9a05daf50, 0x000075c9a07cf1b0,
0x000075c9a07d5aa0, 0x000075c9a05df370, 0x000075c9a07cdce0, 0x000075c9a07d0620,
0x000075c9a03e2d30, 0x000075c9a07c8980, 0x000075c9a0065610, 0x000075c9a07c7050,
0x000075c9a07c7a70, 0x000075c9a03d6d70, 0x000075c9a03d7a40, 0x000075c9a03d88f0,
0x000075c9a03d97a0, 0x000075c9a03da650, 0x000075c9a03db500, 0x000075c9a03dc3b0,
0x000075c9a03dd260, 0x000075c9a03de110, 0x000075c9a03defc0, 0x0000691be01b36c0
}

Java Threads: ( => current thread )
  0x000075c9a002b240 JavaThread "main"                              [_thread_blocked, id=481305, stack(0x000075c9a6017000,0x000075c9a6117000) (1024K)]
  0x000075c9a0527350 JavaThread "Reference Handler"          daemon [_thread_blocked, id=481310, stack(0x000075c9a4900000,0x000075c9a4a00000) (1024K)]
  0x000075c9a0528be0 JavaThread "Finalizer"                  daemon [_thread_blocked, id=481311, stack(0x000075c9a4800000,0x000075c9a4900000) (1024K)]
  0x000075c9a052a6f0 JavaThread "MMTk Finalizer Thread"      daemon [_thread_blocked, id=481312, stack(0x000075c9a4700000,0x000075c9a4800000) (1024K)]
  0x000075c9a0548f20 JavaThread "Signal Dispatcher"          daemon [_thread_blocked, id=481336, stack(0x0000691cb03f3000,0x0000691cb04f3000) (1024K)]
  0x000075c9a054a870 JavaThread "Service Thread"             daemon [_thread_blocked, id=481337, stack(0x0000691cb02f3000,0x0000691cb03f3000) (1024K)]
  0x000075c9a054c130 JavaThread "Monitor Deflation Thread"   daemon [_thread_blocked, id=481338, stack(0x0000691cb01f3000,0x0000691cb02f3000) (1024K)]
  0x000075c9a054df70 JavaThread "C2 CompilerThread0"         daemon [_thread_blocked, id=481339, stack(0x0000691cb00f3000,0x0000691cb01f3000) (1024K)]
  0x000075c9a0557940 JavaThread "C1 CompilerThread0"         daemon [_thread_blocked, id=481340, stack(0x0000691c6af00000,0x0000691c6b000000) (1024K)]
  0x000075c9a05a6850 JavaThread "Notification Thread"        daemon [_thread_blocked, id=481343, stack(0x0000691c6ac00000,0x0000691c6ad00000) (1024K)]
  0x000075c9a05a9850 JavaThread "Common-Cleaner"             daemon [_thread_blocked, id=481344, stack(0x0000691c6ab00000,0x0000691c6ac00000) (1024K)]
  0x000075c9a05dd9b0 JavaThread "Thread-32"                         [_thread_blocked, id=481389, stack(0x0000691c69f00000,0x0000691c6a000000) (1024K)]
  0x000075c9a05d22b0 JavaThread "Thread-33"                         [_thread_blocked, id=481390, stack(0x0000691c68e00000,0x0000691c68f00000) (1024K)]
  0x000075c9a07d1cb0 JavaThread "Thread-34"                         [_thread_blocked, id=481391, stack(0x0000691c69300000,0x0000691c69400000) (1024K)]
  0x000075c9a05d6820 JavaThread "Thread-35"                         [_thread_blocked, id=481392, stack(0x0000691c69000000,0x0000691c69100000) (1024K)]
  0x000075c9a05d3700 JavaThread "Thread-36"                         [_thread_blocked, id=481393, stack(0x0000691c69900000,0x0000691c69a00000) (1024K)]
  0x000075c9a07cc940 JavaThread "Thread-37"                         [_thread_blocked, id=481394, stack(0x0000691c6a000000,0x0000691c6a100000) (1024K)]
  0x000075c9a07d4510 JavaThread "Thread-38"                         [_thread_blocked, id=481395, stack(0x0000691c6a300000,0x0000691c6a400000) (1024K)]
  0x000075c9a07ca040 JavaThread "Thread-39"                         [_thread_blocked, id=481396, stack(0x0000691c69d00000,0x0000691c69e00000) (1024K)]
  0x000075c9a07cb4c0 JavaThread "Thread-40"                         [_thread_blocked, id=481397, stack(0x0000691c6a500000,0x0000691c6a600000) (1024K)]
  0x000075c9a05d0df0 JavaThread "Thread-41"                         [_thread_blocked, id=481398, stack(0x0000691c69700000,0x0000691c69800000) (1024K)]
  0x000075c9a05e1f30 JavaThread "Thread-42"                         [_thread_blocked, id=481399, stack(0x0000691c69200000,0x0000691c69300000) (1024K)]
  0x000075c9a05daf50 JavaThread "Thread-43"                         [_thread_blocked, id=481400, stack(0x0000691c6a400000,0x0000691c6a500000) (1024K)]
  0x000075c9a07cf1b0 JavaThread "Thread-44"                         [_thread_blocked, id=481401, stack(0x0000691c69a00000,0x0000691c69b00000) (1024K)]
  0x000075c9a07d5aa0 JavaThread "Thread-45"                         [_thread_blocked, id=481402, stack(0x0000691c6a600000,0x0000691c6a700000) (1024K)]
  0x000075c9a05df370 JavaThread "Thread-46"                         [_thread_blocked, id=481403, stack(0x0000691c68a00000,0x0000691c68b00000) (1024K)]
  0x000075c9a07cdce0 JavaThread "Thread-47"                         [_thread_blocked, id=481404, stack(0x0000691c68900000,0x0000691c68a00000) (1024K)]
  0x000075c9a07d0620 JavaThread "Thread-48"                         [_thread_blocked, id=481405, stack(0x0000691c68700000,0x0000691c68800000) (1024K)]
  0x000075c9a03e2d30 JavaThread "Thread-49"                         [_thread_blocked, id=481406, stack(0x0000691c68600000,0x0000691c68700000) (1024K)]
  0x000075c9a07c8980 JavaThread "Thread-50"                         [_thread_blocked, id=481407, stack(0x0000691c69b00000,0x0000691c69c00000) (1024K)]
  0x000075c9a0065610 JavaThread "Thread-51"                         [_thread_blocked, id=481408, stack(0x0000691c68b00000,0x0000691c68c00000) (1024K)]
  0x000075c9a07c7050 JavaThread "Thread-52"                         [_thread_blocked, id=481409, stack(0x0000691c6a700000,0x0000691c6a800000) (1024K)]
  0x000075c9a07c7a70 JavaThread "Thread-53"                         [_thread_blocked, id=481410, stack(0x0000691c69400000,0x0000691c69500000) (1024K)]
  0x000075c9a03d6d70 JavaThread "Thread-54"                         [_thread_blocked, id=481411, stack(0x0000691c6a800000,0x0000691c6a900000) (1024K)]
  0x000075c9a03d7a40 JavaThread "Thread-55"                         [_thread_blocked, id=481412, stack(0x0000691c68f00000,0x0000691c69000000) (1024K)]
  0x000075c9a03d88f0 JavaThread "Thread-56"                         [_thread_blocked, id=481413, stack(0x0000691c6a200000,0x0000691c6a300000) (1024K)]
  0x000075c9a03d97a0 JavaThread "Thread-57"                         [_thread_blocked, id=481414, stack(0x0000691c69e00000,0x0000691c69f00000) (1024K)]
  0x000075c9a03da650 JavaThread "Thread-58"                         [_thread_blocked, id=481415, stack(0x0000691c68c00000,0x0000691c68d00000) (1024K)]
  0x000075c9a03db500 JavaThread "Thread-59"                         [_thread_blocked, id=481416, stack(0x0000691c68d00000,0x0000691c68e00000) (1024K)]
  0x000075c9a03dc3b0 JavaThread "Thread-60"                         [_thread_blocked, id=481417, stack(0x0000691c68500000,0x0000691c68600000) (1024K)]
  0x000075c9a03dd260 JavaThread "Thread-61"                         [_thread_blocked, id=481418, stack(0x0000691c69100000,0x0000691c69200000) (1024K)]
  0x000075c9a03de110 JavaThread "Thread-62"                         [_thread_blocked, id=481419, stack(0x0000691c69600000,0x0000691c69700000) (1024K)]
  0x000075c9a03defc0 JavaThread "Thread-63"                         [_thread_blocked, id=481420, stack(0x0000691c69800000,0x0000691c69900000) (1024K)]
  0x0000691be01b36c0 JavaThread "C2 CompilerThread1"         daemon [_thread_blocked, id=481422, stack(0x0000691c6a900000,0x0000691c6aa00000) (1024K)]
Total: 44

Other Threads:
  0x000075c9a051be90 VMThread "VM Thread"                           [id=481309, stack(0x000075c9a4cfd000,0x000075c9a4dfd000) (1024K)]
  0x000075c9a0509aa0 WatcherThread "VM Periodic Task Thread"        [id=481308, stack(0x000075c9a4dfe000,0x000075c9a4efe000) (1024K)]

=>0x000075c9a052e730 (exited) NamedThread "MMTk Collector Thread"   [id=481313, stack(0x000075c9a4600000,0x000075c9a4700000) (1024K)]
Total: 3

Threads with active compile tasks:
Total: 0

VM state: at safepoint (normal execution)

VM Mutex/Monitor currently owned by a thread:  ([mutex/lock_event])
[0x000075c9a77580d0] Threads_lock - owner thread: 0x000075c9a051be90
[0x000075c9a7757fd0] Heap_lock - owner thread: 0x000075c9a03e53b0

Heap address: 0x0000000040000000, size: 3072 MB, Compressed Oops mode: 32-bit

CDS archive(s) mapped at: [0x0000691c6b000000-0x0000691c6bca3000-0x0000691c6bca3000), size 13250560, SharedBaseAddress: 0x0000691c6b000000, ArchiveRelocationMode: 1.
Compressed class space mapped at: 0x0000691c6c000000-0x0000691cac000000, reserved size: 1073741824
Narrow klass base: 0x0000691c6b000000, Narrow klass shift: 0, Narrow klass range: 0x100000000

GC Precious Log:
<Empty>

Heap:

[error occurred during error reporting (printing heap information), id 0xe0000000, Internal Error (/mydata/mmtk-openjdk/openjdk/share/mmtkHeap.cpp:424)]
Metaspace:

Usage:
  Non-class:      7.24 MB used.
      Class:    975.59 KB used.
       Both:      8.19 MB used.

Virtual space:
  Non-class space:       64.00 MB reserved,       7.38 MB ( 12%) committed,  1 nodes.
      Class space:        1.00 GB reserved,       1.06 MB ( <1%) committed,  1 nodes.
             Both:        1.06 GB reserved,       8.44 MB ( <1%) committed. 

Chunk freelists:
   Non-Class:  7.17 MB
       Class:  14.98 MB
        Both:  22.15 MB

MaxMetaspaceSize: unlimited
CompressedClassSpaceSize: 1.00 GB
Initial GC threshold: 21.00 MB
Current GC threshold: 21.00 MB
CDS: on
 - commit_granule_bytes: 65536.
 - commit_granule_words: 8192.
 - virtual_space_node_default_size: 8388608.
 - enlarge_chunks_in_place: 1.
 - use_allocation_guard: 0.


Internal statistics:

num_allocs_failed_limit: 0.
num_arena_births: 120.
num_arena_deaths: 0.
num_vsnodes_births: 2.
num_vsnodes_deaths: 0.
num_space_committed: 135.
num_space_uncommitted: 0.
num_chunks_returned_to_freelist: 0.
num_chunks_taken_from_freelist: 376.
num_chunk_merges: 0.
num_chunk_splits: 262.
num_chunks_enlarged: 208.
num_inconsistent_stats: 0.

CodeHeap 'non-profiled nmethods': size=118880Kb used=4980Kb max_used=4980Kb free=113899Kb
 bounds [0x000075c9903e8000, 0x000075c9908c8000, 0x000075c997800000]
CodeHeap 'profiled nmethods': size=118876Kb used=7404Kb max_used=7404Kb free=111471Kb
 bounds [0x000075c988800000, 0x000075c988f40000, 0x000075c98fc17000]
CodeHeap 'non-nmethods': size=8004Kb used=1209Kb max_used=3624Kb free=6794Kb
 bounds [0x000075c98fc17000, 0x000075c98ffa7000, 0x000075c9903e8000]
CodeCache: size=245760Kb, used=13593Kb, max_used=16008Kb, free=232164Kb
 total_blobs=4201, nmethods=3722, adapters=382, full_count=0
Compilation: enabled, stopped_count=0, restarted_count=0

Compilation events (20 events):
Event: 6.703 Thread 0x0000691be01b36c0 3717       4       java.io.FilterInputStream::available (8 bytes)
Event: 6.705 Thread 0x0000691be01b36c0 nmethod 3717 0x000075c9908a4e90 code [0x000075c9908a5040, 0x000075c9908a53d0]
Event: 6.705 Thread 0x0000691be01b36c0 3718   !   4       sun.nio.cs.StreamDecoder::inReady (36 bytes)
Event: 6.706 Thread 0x000075c9a054df70 nmethod 3703 0x000075c9908a5610 code [0x000075c9908a61a0, 0x000075c9908affd8]
Event: 6.708 Thread 0x0000691be01b36c0 nmethod 3718 0x000075c9908b5f90 code [0x000075c9908b61a0, 0x000075c9908b6728]
Event: 6.749 Thread 0x000075c9a054df70 3719  s!   4       org.apache.xml.utils.XMLReaderManager::getXMLReader (222 bytes)
Event: 6.754 Thread 0x0000691be01b4120 nmethod 3716 0x000075c9908b6b90 code [0x000075c9908b72e0, 0x000075c9908bacf0]
Event: 6.788 Thread 0x000075c9a054df70 nmethod 3719 0x000075c9908bdd90 code [0x000075c9908be100, 0x000075c9908bf740]
Event: 6.941 Thread 0x000075c9a054df70 3720   !   4       jdk.internal.math.FloatingDecimal::readJavaFormatString (826 bytes)
Event: 6.952 Thread 0x0000691be01b36c0 3721   !   4       org.apache.xpath.objects.XString::toDouble (86 bytes)
Event: 6.956 Thread 0x000075c9a054df70 nmethod 3720 0x000075c9908c0390 code [0x000075c9908c05e0, 0x000075c9908c12b8]
Event: 6.970 Thread 0x0000691be01b36c0 nmethod 3721 0x000075c9908c1d10 code [0x000075c9908c1f40, 0x000075c9908c2738]
Event: 6.993 Thread 0x000075c9a054df70 3722       4       sun.nio.cs.StreamEncoder::writeBytes (139 bytes)
Event: 6.995 Thread 0x0000691be01b36c0 3723   !   4       org.apache.xerces.impl.XMLScanner::reset (146 bytes)
Event: 6.996 Thread 0x000075c9a054df70 nmethod 3722 0x000075c9908c2f10 code [0x000075c9908c3100, 0x000075c9908c3488]
Event: 6.998 Thread 0x0000691be01b36c0 nmethod 3723 0x000075c9908c3890 code [0x000075c9908c3ac0, 0x000075c9908c3e78]
Event: 7.011 Thread 0x0000691be01b36c0 3724       4       jdk.internal.math.FloatingDecimal$ASCIIToBinaryBuffer::doubleValue (1194 bytes)
Event: 7.012 Thread 0x0000691be01b36c0 nmethod 3724 0x000075c9908c4210 code [0x000075c9908c43a0, 0x000075c9908c4588]
Event: 7.030 Thread 0x0000691be01b36c0 3725       4       org.apache.xerces.util.XMLStringBuffer::append (74 bytes)
Event: 7.049 Thread 0x0000691be01b36c0 nmethod 3725 0x000075c9908c4890 code [0x000075c9908c4a20, 0x000075c9908c4eb8]

GC Heap History (0 events):
No events

Dll operation events (7 events):
Event: 0.001 Loaded shared library /mydata/openjdk-mmtk/build/b0test/images/jdk/lib/libjava.so
Event: 2.206 Loaded shared library /mydata/openjdk-mmtk/build/b0test/images/jdk/lib/libjsvml.so
Event: 2.218 Loaded shared library /mydata/openjdk-mmtk/build/b0test/images/jdk/lib/libnio.so
Event: 2.222 Loaded shared library /mydata/openjdk-mmtk/build/b0test/images/jdk/lib/libzip.so
Event: 2.235 Loaded shared library /mydata/openjdk-mmtk/build/b0test/images/jdk/lib/libjimage.so
Event: 2.263 Loaded shared library /mydata/openjdk-mmtk/build/b0test/images/jdk/lib/libnet.so
Event: 2.400 Loaded shared library /mydata/openjdk-mmtk/build/b0test/images/jdk/lib/libverify.so

Deoptimization events (20 events):
Event: 6.231 Thread 0x000075c9a05dd9b0 Uncommon trap: trap_request=0xffffff45 fr.pc=0x000075c99085c6d4 relative=0x0000000000000a34
Event: 6.231 Thread 0x000075c9a05dd9b0 Uncommon trap: reason=unstable_if action=reinterpret pc=0x000075c99085c6d4 method=org.apache.xerces.impl.dtd.XMLDTDValidator.reset(Lorg/apache/xerces/xni/parser/XMLComponentManager;)V @ 82 c2
Event: 6.231 Thread 0x000075c9a05dd9b0 DEOPT PACKING pc=0x000075c99085c6d4 sp=0x0000691c69ffe450
Event: 6.231 Thread 0x000075c9a05dd9b0 DEOPT UNPACKING pc=0x000075c98fc6a399 sp=0x0000691c69ffe420 mode 2
Event: 6.232 Thread 0x000075c9a03d97a0 Uncommon trap: trap_request=0xffffff45 fr.pc=0x000075c990884cf8 relative=0x0000000000000298
Event: 6.232 Thread 0x000075c9a03d97a0 Uncommon trap: reason=unstable_if action=reinterpret pc=0x000075c990884cf8 method=org.apache.xerces.impl.XMLScanner.reset(Lorg/apache/xerces/xni/parser/XMLComponentManager;)V @ 25 c2
Event: 6.232 Thread 0x000075c9a03d97a0 DEOPT PACKING pc=0x000075c990884cf8 sp=0x0000691c69efe3f0
Event: 6.232 Thread 0x000075c9a03d97a0 DEOPT UNPACKING pc=0x000075c98fc6a399 sp=0x0000691c69efe2f8 mode 2
Event: 6.232 Thread 0x000075c9a03d97a0 Uncommon trap: trap_request=0xffffff45 fr.pc=0x000075c9907ad65c relative=0x00000000000000bc
Event: 6.232 Thread 0x000075c9a03d97a0 Uncommon trap: reason=unstable_if action=reinterpret pc=0x000075c9907ad65c method=org.apache.xerces.impl.XMLScanner.reset(Lorg/apache/xerces/xni/parser/XMLComponentManager;)V @ 25 c2
Event: 6.232 Thread 0x000075c9a03d97a0 DEOPT PACKING pc=0x000075c9907ad65c sp=0x0000691c69efe410
Event: 6.232 Thread 0x000075c9a03d97a0 DEOPT UNPACKING pc=0x000075c98fc6a399 sp=0x0000691c69efe3d8 mode 2
Event: 6.232 Thread 0x000075c9a07c7050 Uncommon trap: trap_request=0xffffff45 fr.pc=0x000075c990860714 relative=0x0000000000000174
Event: 6.232 Thread 0x000075c9a07c7050 Uncommon trap: reason=unstable_if action=reinterpret pc=0x000075c990860714 method=org.apache.xerces.impl.XMLScanner.reset(Lorg/apache/xerces/xni/parser/XMLComponentManager;)V @ 25 c2
Event: 6.232 Thread 0x000075c9a07c7050 DEOPT PACKING pc=0x000075c990860714 sp=0x0000691c6a7fe390
Event: 6.232 Thread 0x000075c9a07c7050 DEOPT UNPACKING pc=0x000075c98fc6a399 sp=0x0000691c6a7fe2f8 mode 2
Event: 6.235 Thread 0x000075c9a05d22b0 Uncommon trap: trap_request=0xfffffff4 fr.pc=0x000075c99082ce14 relative=0x0000000000000c74
Event: 6.235 Thread 0x000075c9a05d22b0 Uncommon trap: reason=null_check action=make_not_entrant pc=0x000075c99082ce14 method=org.apache.xml.utils.XMLReaderManager.getXMLReader()Lorg/xml/sax/XMLReader; @ 43 c2
Event: 6.235 Thread 0x000075c9a05d22b0 DEOPT PACKING pc=0x000075c99082ce14 sp=0x0000691c68efe660
Event: 6.235 Thread 0x000075c9a05d22b0 DEOPT UNPACKING pc=0x000075c98fc6a399 sp=0x0000691c68efe620 mode 2

Classes loaded (20 events):
Event: 2.688 Loading class sun/util/ResourceBundleEnumeration
Event: 2.688 Loading class sun/util/ResourceBundleEnumeration done
Event: 2.707 Loading class sun/nio/cs/ISO_8859_1$Encoder
Event: 2.707 Loading class sun/nio/cs/ISO_8859_1$Encoder done
Event: 2.728 Loading class java/util/ResourceBundle$Control$1
Event: 2.728 Loading class java/util/ResourceBundle$Control$1 done
Event: 2.755 Loading class java/lang/foreign/MemorySegment
Event: 2.756 Loading class java/lang/foreign/MemorySegment done
Event: 3.945 Loading class java/net/Proxy
Event: 3.945 Loading class java/net/Proxy done
Event: 6.107 Loading class java/io/FileOutputStream$1
Event: 6.107 Loading class java/io/FileOutputStream$1 done
Event: 6.108 Loading class java/security/NoSuchAlgorithmException
Event: 6.108 Loading class java/security/GeneralSecurityException
Event: 6.108 Loading class java/security/GeneralSecurityException done
Event: 6.108 Loading class java/security/NoSuchAlgorithmException done
Event: 6.108 Loading class sun/security/provider/SHA
Event: 6.108 Loading class sun/security/provider/SHA done
Event: 6.109 Loading class sun/security/provider/ByteArrayAccess$BE
Event: 6.109 Loading class sun/security/provider/ByteArrayAccess$BE done

Classes unloaded (0 events):
No events

Classes redefined (0 events):
No events

Internal exceptions (20 events):
Event: 2.286 Thread 0x000075c9a002b240 Exception <a 'java/lang/NoSuchMethodError'{0x00000000401be038}: 'void java.lang.invoke.DirectMethodHandle$Holder.invokeVirtual(java.lang.Object, java.lang.Object)'> (0x00000000401be038) 
thrown [src/hotspot/share/interpreter/linkResolver.cpp, line 772]
Event: 2.326 Thread 0x000075c9a002b240 Exception <a 'java/io/FileNotFoundException'{0x0000000040190b60}> (0x0000000040190b60) 
thrown [src/hotspot/share/prims/jni.cpp, line 520]
Event: 2.337 Thread 0x000075c9a002b240 Exception <a 'java/lang/NoSuchMethodError'{0x0000000040129760}: 'java.lang.Object java.lang.invoke.Invokers$Holder.invokeExact_MT(java.lang.Object, java.lang.Object, java.lang.Object, java.lang.Object, java.lang.Object)'> (0x0000000040129760) 
thrown [src/hotspot/share/interpreter/linkResolver.cpp, line 772]
Event: 2.531 Thread 0x000075c9a002b240 Exception <a 'java/lang/NoSuchMethodError'{0x0000000040eca4f8}: 'void java.lang.invoke.DirectMethodHandle$Holder.invokeVirtual(java.lang.Object, java.lang.Object, int)'> (0x0000000040eca4f8) 
thrown [src/hotspot/share/interpreter/linkResolver.cpp, line 772]
Event: 2.532 Thread 0x000075c9a002b240 Exception <a 'java/lang/NoSuchMethodError'{0x0000000040ecec88}: 'int java.lang.invoke.DirectMethodHandle$Holder.invokeSpecial(java.lang.Object, java.lang.Object, java.lang.Object, int)'> (0x0000000040ecec88) 
thrown [src/hotspot/share/interpreter/linkResolver.cpp, line 772]
Event: 2.533 Thread 0x000075c9a002b240 Exception <a 'java/lang/NoSuchMethodError'{0x0000000040ea80a8}: 'java.lang.Object java.lang.invoke.DirectMethodHandle$Holder.invokeStatic(java.lang.Object, java.lang.Object, java.lang.Object, java.lang.Object, int)'> (0x0000000040ea80a8) 
thrown [src/hotspot/share/interpreter/linkResolver.cpp, line 772]
Event: 2.534 Thread 0x000075c9a002b240 Exception <a 'java/lang/NoSuchMethodError'{0x0000000040ea32d0}: 'void java.lang.invoke.DelegatingMethodHandle$Holder.reinvoke_L(java.lang.Object, java.lang.Object, int)'> (0x0000000040ea32d0) 
thrown [src/hotspot/share/interpreter/linkResolver.cpp, line 772]
Event: 2.535 Thread 0x000075c9a002b240 Exception <a 'java/lang/NoSuchMethodError'{0x0000000040e9a048}: 'int java.lang.invoke.DirectMethodHandle$Holder.invokeSpecial(java.lang.Object, java.lang.Object, java.lang.Object)'> (0x0000000040e9a048) 
thrown [src/hotspot/share/interpreter/linkResolver.cpp, line 772]
Event: 2.613 Thread 0x000075c9a002b240 Exception <a 'java/lang/NoSuchMethodError'{0x00000000413cc670}: 'void java.lang.invoke.DelegatingMethodHandle$Holder.reinvoke_L(java.lang.Object, java.lang.Object, int, int)'> (0x00000000413cc670) 
thrown [src/hotspot/share/interpreter/linkResolver.cpp, line 772]
Event: 2.682 Thread 0x000075c9a05cfa10 Exception <a 'java/lang/NoSuchMethodError'{0x0000000040b33390}: 'java.lang.Object java.lang.invoke.DirectMethodHandle$Holder.invokeInterface(java.lang.Object, java.lang.Object)'> (0x0000000040b33390) 
thrown [src/hotspot/share/interpreter/linkResolver.cpp, line 772]
Event: 3.719 Thread 0x000075c9a03e1d50 Implicit null exception at 0x000075c99068530e to 0x000075c990687828
Event: 3.720 Thread 0x000075c9a05e1f50 Implicit null exception at 0x000075c99068530e to 0x000075c990687828
Event: 3.720 Thread 0x000075c9a07d4530 Implicit null exception at 0x000075c99068530e to 0x000075c990687828
Event: 3.720 Thread 0x000075c9a05d97e0 Implicit null exception at 0x000075c99068530e to 0x000075c990687828
Event: 4.758 Thread 0x000075c9a07d3080 Implicit null exception at 0x000075c9907f8ccb to 0x000075c9907f9054
Event: 4.758 Thread 0x000075c9a07d7050 Implicit null exception at 0x000075c9907f8ccb to 0x000075c9907f9054
Event: 4.758 Thread 0x000075c9a07c7050 Implicit null exception at 0x000075c9907f8ccb to 0x000075c9907f9054
Event: 6.231 Thread 0x000075c9a05dd9b0 Implicit null exception at 0x000075c99082c2cb to 0x000075c99082ce04
Event: 6.231 Thread 0x000075c9a05dd9b0 Implicit null exception at 0x000075c9907cbe1f to 0x000075c9907d03d8
Event: 6.235 Thread 0x000075c9a05d22b0 Implicit null exception at 0x000075c99082c2cb to 0x000075c99082ce04

ZGC Phase Switch (0 events):
No events

VM Operations (20 events):
Event: 6.538 Executing VM operation: ThirdPartyHeapOperation done
Event: 6.543 Executing VM operation: ThirdPartyHeapOperation
Event: 6.697 Executing VM operation: ThirdPartyHeapOperation done
Event: 6.764 Executing VM operation: ThirdPartyHeapOperation
Event: 6.787 Executing VM operation: ThirdPartyHeapOperation done
Event: 6.792 Executing VM operation: ThirdPartyHeapOperation
Event: 6.895 Executing VM operation: ThirdPartyHeapOperation done
Event: 6.961 Executing VM operation: ThirdPartyHeapOperation
Event: 6.969 Executing VM operation: ThirdPartyHeapOperation done
Event: 7.030 Executing VM operation: ThirdPartyHeapOperation
Event: 7.049 Executing VM operation: ThirdPartyHeapOperation done
Event: 7.054 Executing VM operation: ThirdPartyHeapOperation
Event: 7.111 Executing VM operation: ThirdPartyHeapOperation done
Event: 7.174 Executing VM operation: ThirdPartyHeapOperation
Event: 7.195 Executing VM operation: ThirdPartyHeapOperation done
Event: 7.200 Executing VM operation: ThirdPartyHeapOperation
Event: 7.262 Executing VM operation: ThirdPartyHeapOperation done
Event: 7.322 Executing VM operation: ThirdPartyHeapOperation
Event: 7.343 Executing VM operation: ThirdPartyHeapOperation done
Event: 7.348 Executing VM operation: ThirdPartyHeapOperation

Memory protections (20 events):
Event: 6.134 Protecting memory [0x0000691c68900000,0x0000691c68904000] with protection modes 0
Event: 6.134 Protecting memory [0x0000691c68700000,0x0000691c68704000] with protection modes 0
Event: 6.134 Protecting memory [0x0000691c68600000,0x0000691c68604000] with protection modes 0
Event: 6.134 Protecting memory [0x0000691c69b00000,0x0000691c69b04000] with protection modes 0
Event: 6.134 Protecting memory [0x0000691c6a700000,0x0000691c6a704000] with protection modes 0
Event: 6.134 Protecting memory [0x0000691c68b00000,0x0000691c68b04000] with protection modes 0
Event: 6.134 Protecting memory [0x0000691c69400000,0x0000691c69404000] with protection modes 0
Event: 6.134 Protecting memory [0x0000691c6a800000,0x0000691c6a804000] with protection modes 0
Event: 6.134 Protecting memory [0x0000691c68f00000,0x0000691c68f04000] with protection modes 0
Event: 6.134 Protecting memory [0x0000691c6a200000,0x0000691c6a204000] with protection modes 0
Event: 6.135 Protecting memory [0x0000691c69e00000,0x0000691c69e04000] with protection modes 0
Event: 6.135 Protecting memory [0x0000691c68c00000,0x0000691c68c04000] with protection modes 0
Event: 6.135 Protecting memory [0x0000691c68d00000,0x0000691c68d04000] with protection modes 0
Event: 6.135 Protecting memory [0x0000691c68500000,0x0000691c68504000] with protection modes 0
Event: 6.135 Protecting memory [0x0000691c69100000,0x0000691c69104000] with protection modes 0
Event: 6.135 Protecting memory [0x0000691c69600000,0x0000691c69604000] with protection modes 0
Event: 6.135 Protecting memory [0x0000691c69800000,0x0000691c69804000] with protection modes 0
Event: 6.233 Protecting memory [0x0000691c6aa00000,0x0000691c6aa04000] with protection modes 0
Event: 6.288 Protecting memory [0x0000691c6a900000,0x0000691c6a904000] with protection modes 0
Event: 6.288 Protecting memory [0x0000691c68300000,0x0000691c68304000] with protection modes 0

Nmethod flushes (0 events):
No events

Events (20 events):
Event: 6.134 Thread 0x000075c9a002b240 Thread added: 0x000075c9a0065610
Event: 6.134 Thread 0x000075c9a002b240 Thread added: 0x000075c9a07c7050
Event: 6.134 Thread 0x000075c9a002b240 Thread added: 0x000075c9a07c7a70
Event: 6.134 Thread 0x000075c9a002b240 Thread added: 0x000075c9a03d6d70
Event: 6.134 Thread 0x000075c9a002b240 Thread added: 0x000075c9a03d7a40
Event: 6.134 Thread 0x000075c9a002b240 Thread added: 0x000075c9a03d88f0
Event: 6.135 Thread 0x000075c9a002b240 Thread added: 0x000075c9a03d97a0
Event: 6.135 Thread 0x000075c9a002b240 Thread added: 0x000075c9a03da650
Event: 6.135 Thread 0x000075c9a002b240 Thread added: 0x000075c9a03db500
Event: 6.135 Thread 0x000075c9a002b240 Thread added: 0x000075c9a03dc3b0
Event: 6.135 Thread 0x000075c9a002b240 Thread added: 0x000075c9a03dd260
Event: 6.135 Thread 0x000075c9a002b240 Thread added: 0x000075c9a03de110
Event: 6.135 Thread 0x000075c9a002b240 Thread added: 0x000075c9a03defc0
Event: 6.231 Thread 0x0000691be00d0f00 Thread exited: 0x0000691be00d0f00
Event: 6.231 Thread 0x0000691be405bd40 Thread exited: 0x0000691be405bd40
Event: 6.233 Thread 0x000075c9a0557940 Thread added: 0x0000691be4276230
Event: 6.288 Thread 0x000075c9a054df70 Thread added: 0x0000691be01b36c0
Event: 6.288 Thread 0x000075c9a054df70 Thread added: 0x0000691be01b4120
Event: 6.941 Thread 0x0000691be4276230 Thread exited: 0x0000691be4276230
Event: 6.941 Thread 0x0000691be01b4120 Thread exited: 0x0000691be01b4120


Dynamic libraries:
40000000-40400000 rw-p 00000000 00:00 0                                  [anon:mmtk:space:immix]
40400000-40800000 rw-p 00000000 00:00 0                                  [anon:mmtk:space:los]
40800000-41400000 rw-p 00000000 00:00 0                                  [anon:mmtk:space:immix]
41400000-41c00000 rw-p 00000000 00:00 0                                  [anon:mmtk:space:los]
41c00000-42800000 rw-p 00000000 00:00 0                                  [anon:mmtk:space:immix]
42800000-42c00000 rw-p 00000000 00:00 0                                  [anon:mmtk:space:los]
42c00000-43000000 rw-p 00000000 00:00 0                                  [anon:mmtk:space:immix]
43000000-43400000 rw-p 00000000 00:00 0                                  [anon:mmtk:space:los]
43400000-43c00000 rw-p 00000000 00:00 0                                  [anon:mmtk:space:immix]
43c00000-44000000 rw-p 00000000 00:00 0                                  [anon:mmtk:space:los]
44000000-44800000 rw-p 00000000 00:00 0                                  [anon:mmtk:space:immix]
44800000-44c00000 rw-p 00000000 00:00 0                                  [anon:mmtk:space:los]
44c00000-45000000 rw-p 00000000 00:00 0                                  [anon:mmtk:space:immix]
45000000-45400000 rw-p 00000000 00:00 0                                  [anon:mmtk:space:los]
45400000-45c00000 rw-p 00000000 00:00 0                                  [anon:mmtk:space:immix]
45c00000-46000000 rw-p 00000000 00:00 0                                  [anon:mmtk:space:los]
46000000-46800000 rw-p 00000000 00:00 0                                  [anon:mmtk:space:immix]
46800000-46c00000 rw-p 00000000 00:00 0                                  [anon:mmtk:space:los]
46c00000-47000000 rw-p 00000000 00:00 0                                  [anon:mmtk:space:immix]
47000000-47400000 rw-p 00000000 00:00 0                                  [anon:mmtk:space:los]
47400000-47800000 rw-p 00000000 00:00 0                                  [anon:mmtk:space:immix]
47800000-47c00000 rw-p 00000000 00:00 0                                  [anon:mmtk:space:los]
47c00000-48000000 rw-p 00000000 00:00 0                                  [anon:mmtk:space:immix]
48000000-48400000 rw-p 00000000 00:00 0                                  [anon:mmtk:space:los]
48400000-49000000 rw-p 00000000 00:00 0                                  [anon:mmtk:space:immix]
49000000-49400000 rw-p 00000000 00:00 0                                  [anon:mmtk:space:los]
49400000-49800000 rw-p 00000000 00:00 0                                  [anon:mmtk:space:immix]
49800000-49c00000 rw-p 00000000 00:00 0                                  [anon:mmtk:space:los]
49c00000-4a400000 rw-p 00000000 00:00 0                                  [anon:mmtk:space:immix]
4a400000-4a800000 rw-p 00000000 00:00 0                                  [anon:mmtk:space:los]
4a800000-4ac00000 rw-p 00000000 00:00 0                                  [anon:mmtk:space:immix]
4ac00000-4b000000 rw-p 00000000 00:00 0                                  [anon:mmtk:space:los]
4b000000-4b800000 rw-p 00000000 00:00 0                                  [anon:mmtk:space:immix]
4b800000-4bc00000 rw-p 00000000 00:00 0                                  [anon:mmtk:space:los]
4bc00000-4c000000 rw-p 00000000 00:00 0                                  [anon:mmtk:space:immix]
4c000000-4c400000 rw-p 00000000 00:00 0                                  [anon:mmtk:space:los]
4c400000-4c800000 rw-p 00000000 00:00 0                                  [anon:mmtk:space:immix]
4c800000-4cc00000 rw-p 00000000 00:00 0                                  [anon:mmtk:space:los]
4cc00000-4d400000 rw-p 00000000 00:00 0                                  [anon:mmtk:space:immix]
4d400000-4d800000 rw-p 00000000 00:00 0                                  [anon:mmtk:space:los]
4d800000-4e000000 rw-p 00000000 00:00 0                                  [anon:mmtk:space:immix]
4e000000-4e400000 rw-p 00000000 00:00 0                                  [anon:mmtk:space:los]
4e400000-4ec00000 rw-p 00000000 00:00 0                                  [anon:mmtk:space:immix]
4ec00000-4f000000 rw-p 00000000 00:00 0                                  [anon:mmtk:space:los]
4f000000-4f400000 rw-p 00000000 00:00 0                                  [anon:mmtk:space:immix]
4f400000-4f800000 rw-p 00000000 00:00 0                                  [anon:mmtk:space:los]
4f800000-50000000 rw-p 00000000 00:00 0                                  [anon:mmtk:space:immix]
50000000-50400000 rw-p 00000000 00:00 0                                  [anon:mmtk:space:los]
50400000-50800000 rw-p 00000000 00:00 0                                  [anon:mmtk:space:immix]
50800000-51400000 rw-p 00000000 00:00 0                                  [anon:mmtk:space:los]
51400000-51800000 rw-p 00000000 00:00 0                                  [anon:mmtk:space:immix]
51800000-51c00000 rw-p 00000000 00:00 0                                  [anon:mmtk:space:los]
51c00000-52000000 rw-p 00000000 00:00 0                                  [anon:mmtk:space:immix]
52000000-52400000 rw-p 00000000 00:00 0                                  [anon:mmtk:space:los]
52400000-52c00000 rw-p 00000000 00:00 0                                  [anon:mmtk:space:immix]
52c00000-53000000 rw-p 00000000 00:00 0                                  [anon:mmtk:space:los]
53000000-53800000 rw-p 00000000 00:00 0                                  [anon:mmtk:space:immix]
53800000-53c00000 rw-p 00000000 00:00 0                                  [anon:mmtk:space:los]
53c00000-54000000 rw-p 00000000 00:00 0                                  [anon:mmtk:space:immix]
54000000-54800000 rw-p 00000000 00:00 0                                  [anon:mmtk:space:los]
54800000-54c00000 rw-p 00000000 00:00 0                                  [anon:mmtk:space:immix]
54c00000-55400000 rw-p 00000000 00:00 0                                  [anon:mmtk:space:los]
55400000-55800000 rw-p 00000000 00:00 0                                  [anon:mmtk:space:immix]
55800000-55c00000 rw-p 00000000 00:00 0                                  [anon:mmtk:space:los]
55c00000-56000000 rw-p 00000000 00:00 0                                  [anon:mmtk:space:immix]
56000000-56400000 rw-p 00000000 00:00 0                                  [anon:mmtk:space:immix]
56400000-57000000 rw-p 00000000 00:00 0                                  [anon:mmtk:space:los]
57000000-57400000 rw-p 00000000 00:00 0                                  [anon:mmtk:space:immix]
57400000-57800000 rw-p 00000000 00:00 0                                  [anon:mmtk:space:los]
57800000-58000000 rw-p 00000000 00:00 0                                  [anon:mmtk:space:immix]
58000000-58c00000 rw-p 00000000 00:00 0                                  [anon:mmtk:space:los]
58c00000-59000000 rw-p 00000000 00:00 0                                  [anon:mmtk:space:immix]
59000000-59400000 rw-p 00000000 00:00 0                                  [anon:mmtk:space:immix]
59400000-59c00000 rw-p 00000000 00:00 0                                  [anon:mmtk:space:los]
59c00000-5a000000 rw-p 00000000 00:00 0                                  [anon:mmtk:space:immix]
5a000000-5a400000 rw-p 00000000 00:00 0                                  [anon:mmtk:space:los]
5a400000-5a800000 rw-p 00000000 00:00 0                                  [anon:mmtk:space:immix]
5a800000-5b400000 rw-p 00000000 00:00 0                                  [anon:mmtk:space:los]
5b400000-5b800000 rw-p 00000000 00:00 0                                  [anon:mmtk:space:immix]
5b800000-5bc00000 rw-p 00000000 00:00 0                                  [anon:mmtk:space:immix]
5bc00000-5c400000 rw-p 00000000 00:00 0                                  [anon:mmtk:space:los]
5c400000-5c800000 rw-p 00000000 00:00 0                                  [anon:mmtk:space:immix]
5c800000-5d000000 rw-p 00000000 00:00 0                                  [anon:mmtk:space:los]
5d000000-5d400000 rw-p 00000000 00:00 0                                  [anon:mmtk:space:immix]
5d400000-5d800000 rw-p 00000000 00:00 0                                  [anon:mmtk:space:los]
5d800000-5dc00000 rw-p 00000000 00:00 0                                  [anon:mmtk:space:immix]
5dc00000-5e000000 rw-p 00000000 00:00 0                                  [anon:mmtk:space:immix]
5e000000-5ec00000 rw-p 00000000 00:00 0                                  [anon:mmtk:space:los]
5ec00000-5f000000 rw-p 00000000 00:00 0                                  [anon:mmtk:space:immix]
5f000000-5f800000 rw-p 00000000 00:00 0                                  [anon:mmtk:space:los]
200000000000-2000c00c0000 rw-s 00000000 00:10 68                         anon_inode:bpf-map
6056f46ef000-6056f46f0000 r--p 00000000 fc:00 49676352                   /mydata/openjdk-mmtk/build/b0test/images/jdk/bin/java
6056f46f0000-6056f46f1000 r-xp 00001000 fc:00 49676352                   /mydata/openjdk-mmtk/build/b0test/images/jdk/bin/java
6056f46f1000-6056f46f2000 r--p 00002000 fc:00 49676352                   /mydata/openjdk-mmtk/build/b0test/images/jdk/bin/java
6056f46f2000-6056f46f3000 r--p 00002000 fc:00 49676352                   /mydata/openjdk-mmtk/build/b0test/images/jdk/bin/java
6056f46f3000-6056f46f4000 rw-p 00003000 fc:00 49676352                   /mydata/openjdk-mmtk/build/b0test/images/jdk/bin/java
6056fe05d000-6056fe0a5000 rw-p 00000000 00:00 0                          [heap]
691b20000000-691b20d79000 rw-p 00000000 00:00 0 
691b20d79000-691b24000000 ---p 00000000 00:00 0 
691b28000000-691b28e4d000 rw-p 00000000 00:00 0 
691b28e4d000-691b2c000000 ---p 00000000 00:00 0 
691b2c000000-691b2d0cb000 rw-p 00000000 00:00 0 
691b2d0cb000-691b30000000 ---p 00000000 00:00 0 
691b30000000-691b301a3000 rw-p 00000000 00:00 0 
691b301a3000-691b34000000 ---p 00000000 00:00 0 
691b34000000-691b34934000 rw-p 00000000 00:00 0 
691b34934000-691b38000000 ---p 00000000 00:00 0 
691b38000000-691b38baa000 rw-p 00000000 00:00 0 
691b38baa000-691b3c000000 ---p 00000000 00:00 0 
691b3c000000-691b3ccbe000 rw-p 00000000 00:00 0 
691b3ccbe000-691b40000000 ---p 00000000 00:00 0 
691b40000000-691b40268000 rw-p 00000000 00:00 0 
691b40268000-691b44000000 ---p 00000000 00:00 0 
691b44000000-691b4545b000 rw-p 00000000 00:00 0 
691b4545b000-691b48000000 ---p 00000000 00:00 0 
691b48000000-691b4802d000 rw-p 00000000 00:00 0 
691b4802d000-691b4c000000 ---p 00000000 00:00 0 
691b4c000000-691b4c021000 rw-p 00000000 00:00 0 
691b4c021000-691b50000000 ---p 00000000 00:00 0 
691b50000000-691b5002d000 rw-p 00000000 00:00 0 
691b5002d000-691b54000000 ---p 00000000 00:00 0 
691b54000000-691b54026000 rw-p 00000000 00:00 0 
691b54026000-691b58000000 ---p 00000000 00:00 0 
691b58000000-691b58021000 rw-p 00000000 00:00 0 
691b58021000-691b5c000000 ---p 00000000 00:00 0 
691b5c000000-691b5c05a000 rw-p 00000000 00:00 0 
691b5c05a000-691b60000000 ---p 00000000 00:00 0 
691b60000000-691b60051000 rw-p 00000000 00:00 0 
691b60051000-691b64000000 ---p 00000000 00:00 0 
691b64000000-691b64021000 rw-p 00000000 00:00 0 
691b64021000-691b68000000 ---p 00000000 00:00 0 
691b68000000-691b68021000 rw-p 00000000 00:00 0 
691b68021000-691b6c000000 ---p 00000000 00:00 0 
691b6c000000-691b6c021000 rw-p 00000000 00:00 0 
691b6c021000-691b70000000 ---p 00000000 00:00 0 
691b70000000-691b70053000 rw-p 00000000 00:00 0 
691b70053000-691b74000000 ---p 00000000 00:00 0 
691b74000000-691b74027000 rw-p 00000000 00:00 0 
691b74027000-691b78000000 ---p 00000000 00:00 0 
691b78000000-691b78024000 rw-p 00000000 00:00 0 
691b78024000-691b7c000000 ---p 00000000 00:00 0 
691b7c000000-691b7c026000 rw-p 00000000 00:00 0 
691b7c026000-691b80000000 ---p 00000000 00:00 0 
691b80000000-691b8003e000 rw-p 00000000 00:00 0 
691b8003e000-691b84000000 ---p 00000000 00:00 0 
691b84000000-691b84025000 rw-p 00000000 00:00 0 
691b84025000-691b88000000 ---p 00000000 00:00 0 
691b88000000-691b88044000 rw-p 00000000 00:00 0 
691b88044000-691b8c000000 ---p 00000000 00:00 0 
691b8c000000-691b8c022000 rw-p 00000000 00:00 0 
691b8c022000-691b90000000 ---p 00000000 00:00 0 
691b90000000-691b90021000 rw-p 00000000 00:00 0 
691b90021000-691b94000000 ---p 00000000 00:00 0 
691b94000000-691b9403d000 rw-p 00000000 00:00 0 
691b9403d000-691b98000000 ---p 00000000 00:00 0 
691b98000000-691b98021000 rw-p 00000000 00:00 0 
691b98021000-691b9c000000 ---p 00000000 00:00 0 
691b9c000000-691b9c029000 rw-p 00000000 00:00 0 
691b9c029000-691ba0000000 ---p 00000000 00:00 0 
691ba0000000-691ba0021000 rw-p 00000000 00:00 0 
691ba0021000-691ba4000000 ---p 00000000 00:00 0 
691ba4000000-691ba4021000 rw-p 00000000 00:00 0 
691ba4021000-691ba8000000 ---p 00000000 00:00 0 
691ba8000000-691ba8031000 rw-p 00000000 00:00 0 
691ba8031000-691bac000000 ---p 00000000 00:00 0 
691bac000000-691bac035000 rw-p 00000000 00:00 0 
691bac035000-691bb0000000 ---p 00000000 00:00 0 
691bb0000000-691bb0021000 rw-p 00000000 00:00 0 
691bb0021000-691bb4000000 ---p 00000000 00:00 0 
691bb4000000-691bb4025000 rw-p 00000000 00:00 0 
691bb4025000-691bb8000000 ---p 00000000 00:00 0 
691bb8000000-691bb8021000 rw-p 00000000 00:00 0 
691bb8021000-691bbc000000 ---p 00000000 00:00 0 
691bbc000000-691bbc026000 rw-p 00000000 00:00 0 
691bbc026000-691bc0000000 ---p 00000000 00:00 0 
691bc0000000-691bc002b000 rw-p 00000000 00:00 0 
691bc002b000-691bc4000000 ---p 00000000 00:00 0 
691bc4000000-691bc404b000 rw-p 00000000 00:00 0 
691bc404b000-691bc8000000 ---p 00000000 00:00 0 
691bc8000000-691bc9180000 rw-p 00000000 00:00 0 
691bc9180000-691bcc000000 ---p 00000000 00:00 0 
691bcc000000-691bccc6a000 rw-p 00000000 00:00 0 
691bccc6a000-691bd0000000 ---p 00000000 00:00 0 
691bd0000000-691bd0021000 rw-p 00000000 00:00 0 
691bd0021000-691bd4000000 ---p 00000000 00:00 0 
691bd4000000-691bd4021000 rw-p 00000000 00:00 0 
691bd4021000-691bd8000000 ---p 00000000 00:00 0 
691bd8000000-691bd8256000 rw-p 00000000 00:00 0 
691bd8256000-691bdc000000 ---p 00000000 00:00 0 
691bdc000000-691bdc3d6000 rw-p 00000000 00:00 0 
691bdc3d6000-691be0000000 ---p 00000000 00:00 0 
691be0000000-691be1107000 rw-p 00000000 00:00 0 
691be1107000-691be4000000 ---p 00000000 00:00 0 
691be4000000-691be4291000 rw-p 00000000 00:00 0 
691be4291000-691be8000000 ---p 00000000 00:00 0 
691be8000000-691be8021000 rw-p 00000000 00:00 0 
691be8021000-691bec000000 ---p 00000000 00:00 0 
691bec000000-691bec021000 rw-p 00000000 00:00 0 
691bec021000-691bf0000000 ---p 00000000 00:00 0 
691bf0000000-691bf0063000 rw-p 00000000 00:00 0 
691bf0063000-691bf4000000 ---p 00000000 00:00 0 
691bf4000000-691bf4021000 rw-p 00000000 00:00 0 
691bf4021000-691bf8000000 ---p 00000000 00:00 0 
691bf8000000-691bf808a000 rw-p 00000000 00:00 0 
691bf808a000-691bfc000000 ---p 00000000 00:00 0 
691bfc000000-691bfc060000 rw-p 00000000 00:00 0 
691bfc060000-691c00000000 ---p 00000000 00:00 0 
691c00000000-691c0007a000 rw-p 00000000 00:00 0 
691c0007a000-691c04000000 ---p 00000000 00:00 0 
691c04000000-691c0407e000 rw-p 00000000 00:00 0 
691c0407e000-691c08000000 ---p 00000000 00:00 0 
691c08000000-691c0805e000 rw-p 00000000 00:00 0 
691c0805e000-691c0c000000 ---p 00000000 00:00 0 
691c0c000000-691c0c0ce000 rw-p 00000000 00:00 0 
691c0c0ce000-691c10000000 ---p 00000000 00:00 0 
691c10000000-691c1008f000 rw-p 00000000 00:00 0 
691c1008f000-691c14000000 ---p 00000000 00:00 0 
691c14000000-691c1461b000 rw-p 00000000 00:00 0 
691c1461b000-691c18000000 ---p 00000000 00:00 0 
691c18000000-691c1872c000 rw-p 00000000 00:00 0 
691c1872c000-691c1c000000 ---p 00000000 00:00 0 
691c1c000000-691c1c63e000 rw-p 00000000 00:00 0 
691c1c63e000-691c20000000 ---p 00000000 00:00 0 
691c20000000-691c20665000 rw-p 00000000 00:00 0 
691c20665000-691c24000000 ---p 00000000 00:00 0 
691c24000000-691c24066000 rw-p 00000000 00:00 0 
691c24066000-691c28000000 ---p 00000000 00:00 0 
691c28000000-691c28053000 rw-p 00000000 00:00 0 
691c28053000-691c2c000000 ---p 00000000 00:00 0 
691c2c000000-691c2c083000 rw-p 00000000 00:00 0 
691c2c083000-691c30000000 ---p 00000000 00:00 0 
691c30000000-691c3074c000 rw-p 00000000 00:00 0 
691c3074c000-691c34000000 ---p 00000000 00:00 0 
691c34000000-691c3461d000 rw-p 00000000 00:00 0 
691c3461d000-691c38000000 ---p 00000000 00:00 0 
691c38000000-691c380c4000 rw-p 00000000 00:00 0 
691c380c4000-691c3c000000 ---p 00000000 00:00 0 
691c3c000000-691c3c621000 rw-p 00000000 00:00 0 
691c3c621000-691c40000000 ---p 00000000 00:00 0 
691c40000000-691c4072b000 rw-p 00000000 00:00 0 
691c4072b000-691c44000000 ---p 00000000 00:00 0 
691c44000000-691c4407b000 rw-p 00000000 00:00 0 
691c4407b000-691c48000000 ---p 00000000 00:00 0 
691c48000000-691c48620000 rw-p 00000000 00:00 0 
691c48620000-691c4c000000 ---p 00000000 00:00 0 
691c4c000000-691c4c0b2000 rw-p 00000000 00:00 0 
691c4c0b2000-691c50000000 ---p 00000000 00:00 0 
691c50000000-691c50021000 rw-p 00000000 00:00 0 
691c50021000-691c54000000 ---p 00000000 00:00 0 
691c54000000-691c54021000 rw-p 00000000 00:00 0 
691c54021000-691c58000000 ---p 00000000 00:00 0 
691c58000000-691c58021000 rw-p 00000000 00:00 0 
691c58021000-691c5c000000 ---p 00000000 00:00 0 
691c5c000000-691c5c021000 rw-p 00000000 00:00 0 
691c5c021000-691c60000000 ---p 00000000 00:00 0 
691c60000000-691c60280000 rw-p 00000000 00:00 0 
691c60280000-691c60400000 ---p 00000000 00:00 0 
691c60400000-691c608e0000 rw-p 00000000 00:00 0 
691c608e0000-691c64000000 ---p 00000000 00:00 0 
691c64000000-691c64021000 rw-p 00000000 00:00 0 
691c64021000-691c68000000 ---p 00000000 00:00 0 
691c68100000-691c68104000 ---p 00000000 00:00 0 
691c68104000-691c68200000 rw-p 00000000 00:00 0 
691c68200000-691c68204000 ---p 00000000 00:00 0 
691c68204000-691c68300000 rw-p 00000000 00:00 0 
691c68300000-691c68304000 ---p 00000000 00:00 0 
691c68304000-691c68400000 rw-p 00000000 00:00 0 
691c68500000-691c68504000 ---p 00000000 00:00 0 
691c68504000-691c68600000 rw-p 00000000 00:00 0 
691c68600000-691c68604000 ---p 00000000 00:00 0 
691c68604000-691c68700000 rw-p 00000000 00:00 0 
691c68700000-691c68704000 ---p 00000000 00:00 0 
691c68704000-691c68800000 rw-p 00000000 00:00 0 
691c68800000-691c68804000 ---p 00000000 00:00 0 
691c68804000-691c68900000 rw-p 00000000 00:00 0 
691c68900000-691c68904000 ---p 00000000 00:00 0 
691c68904000-691c68a00000 rw-p 00000000 00:00 0 
691c68a00000-691c68a04000 ---p 00000000 00:00 0 
691c68a04000-691c68b00000 rw-p 00000000 00:00 0 
691c68b00000-691c68b04000 ---p 00000000 00:00 0 
691c68b04000-691c68c00000 rw-p 00000000 00:00 0 
691c68c00000-691c68c04000 ---p 00000000 00:00 0 
691c68c04000-691c68d00000 rw-p 00000000 00:00 0 
691c68d00000-691c68d04000 ---p 00000000 00:00 0 
691c68d04000-691c68e00000 rw-p 00000000 00:00 0 
691c68e00000-691c68e04000 ---p 00000000 00:00 0 
691c68e04000-691c68f00000 rw-p 00000000 00:00 0 
691c68f00000-691c68f04000 ---p 00000000 00:00 0 
691c68f04000-691c69000000 rw-p 00000000 00:00 0 
691c69000000-691c69004000 ---p 00000000 00:00 0 
691c69004000-691c69100000 rw-p 00000000 00:00 0 
691c69100000-691c69104000 ---p 00000000 00:00 0 
691c69104000-691c69200000 rw-p 00000000 00:00 0 
691c69200000-691c69204000 ---p 00000000 00:00 0 
691c69204000-691c69300000 rw-p 00000000 00:00 0 
691c69300000-691c69304000 ---p 00000000 00:00 0 
691c69304000-691c69400000 rw-p 00000000 00:00 0 
691c69400000-691c69404000 ---p 00000000 00:00 0 
691c69404000-691c69500000 rw-p 00000000 00:00 0 
691c69500000-691c69504000 ---p 00000000 00:00 0 
691c69504000-691c69600000 rw-p 00000000 00:00 0 
691c69600000-691c69604000 ---p 00000000 00:00 0 
691c69604000-691c69700000 rw-p 00000000 00:00 0 
691c69700000-691c69704000 ---p 00000000 00:00 0 
691c69704000-691c69800000 rw-p 00000000 00:00 0 
691c69800000-691c69804000 ---p 00000000 00:00 0 
691c69804000-691c69900000 rw-p 00000000 00:00 0 
691c69900000-691c69904000 ---p 00000000 00:00 0 
691c69904000-691c69a00000 rw-p 00000000 00:00 0 
691c69a00000-691c69a04000 ---p 00000000 00:00 0 
691c69a04000-691c69b00000 rw-p 00000000 00:00 0 
691c69b00000-691c69b04000 ---p 00000000 00:00 0 
691c69b04000-691c69c00000 rw-p 00000000 00:00 0 
691c69c00000-691c69c04000 ---p 00000000 00:00 0 
691c69c04000-691c69d00000 rw-p 00000000 00:00 0 
691c69d00000-691c69d04000 ---p 00000000 00:00 0 
691c69d04000-691c69e00000 rw-p 00000000 00:00 0 
691c69e00000-691c69e04000 ---p 00000000 00:00 0 
691c69e04000-691c69f00000 rw-p 00000000 00:00 0 
691c69f00000-691c69f04000 ---p 00000000 00:00 0 
691c69f04000-691c6a000000 rw-p 00000000 00:00 0 
691c6a000000-691c6a004000 ---p 00000000 00:00 0 
691c6a004000-691c6a100000 rw-p 00000000 00:00 0 
691c6a100000-691c6a104000 ---p 00000000 00:00 0 
691c6a104000-691c6a200000 rw-p 00000000 00:00 0 
691c6a200000-691c6a204000 ---p 00000000 00:00 0 
691c6a204000-691c6a300000 rw-p 00000000 00:00 0 
691c6a300000-691c6a304000 ---p 00000000 00:00 0 
691c6a304000-691c6a400000 rw-p 00000000 00:00 0 
691c6a400000-691c6a404000 ---p 00000000 00:00 0 
691c6a404000-691c6a500000 rw-p 00000000 00:00 0 
691c6a500000-691c6a504000 ---p 00000000 00:00 0 
691c6a504000-691c6a600000 rw-p 00000000 00:00 0 
691c6a600000-691c6a604000 ---p 00000000 00:00 0 
691c6a604000-691c6a700000 rw-p 00000000 00:00 0 
691c6a700000-691c6a704000 ---p 00000000 00:00 0 
691c6a704000-691c6a800000 rw-p 00000000 00:00 0 
691c6a800000-691c6a804000 ---p 00000000 00:00 0 
691c6a804000-691c6a900000 rw-p 00000000 00:00 0 
691c6a900000-691c6a904000 ---p 00000000 00:00 0 
691c6a904000-691c6aa00000 rw-p 00000000 00:00 0 
691c6aa00000-691c6aa04000 ---p 00000000 00:00 0 
691c6aa04000-691c6ab00000 rw-p 00000000 00:00 0 
691c6ab00000-691c6ab04000 ---p 00000000 00:00 0 
691c6ab04000-691c6ac00000 rw-p 00000000 00:00 0 
691c6ac00000-691c6ac04000 ---p 00000000 00:00 0 
691c6ac04000-691c6ad00000 rw-p 00000000 00:00 0 
691c6ad00000-691c6ad04000 ---p 00000000 00:00 0 
691c6ad04000-691c6ae00000 rw-p 00000000 00:00 0 
691c6af00000-691c6af04000 ---p 00000000 00:00 0 
691c6af04000-691c6b000000 rw-p 00000000 00:00 0 
691c6b000000-691c6bca3000 rw-p 00001000 fc:00 49677059                   /mydata/openjdk-mmtk/build/b0test/images/jdk/lib/server/classes.jsa
691c6bca3000-691c6c000000 ---p 00000000 00:00 0 
691c6c000000-691c6c040000 rw-p 00000000 00:00 0 
691c6c040000-691c6c110000 rw-p 00000000 00:00 0 
691c6c110000-691cac000000 ---p 00000000 00:00 0 
691cac000000-691cac021000 rw-p 00000000 00:00 0 
691cac021000-691cb0000000 ---p 00000000 00:00 0 
691cb00f3000-691cb00f7000 ---p 00000000 00:00 0 
691cb00f7000-691cb01f3000 rw-p 00000000 00:00 0 
691cb01f3000-691cb01f7000 ---p 00000000 00:00 0 
691cb01f7000-691cb02f3000 rw-p 00000000 00:00 0 
691cb02f3000-691cb02f7000 ---p 00000000 00:00 0 
691cb02f7000-691cb03f3000 rw-p 00000000 00:00 0 
691cb03f3000-691cb03f7000 ---p 00000000 00:00 0 
691cb03f7000-691cb04f3000 rw-p 00000000 00:00 0 
691cb04f3000-691cb04f4000 ---p 00000000 00:00 0 
691cb04f4000-691cb05f4000 rw-p 00000000 00:00 0 
691cb05f4000-691cb05f5000 ---p 00000000 00:00 0 
691cb05f5000-691cb06f5000 rw-p 00000000 00:00 0 
691cb06f5000-691cb06f6000 ---p 00000000 00:00 0 
691cb06f6000-691cb07f6000 rw-p 00000000 00:00 0 
691cb07f6000-691cb07f7000 ---p 00000000 00:00 0 
691cb07f7000-691cb08f7000 rw-p 00000000 00:00 0 
691cb08f7000-691cb08f8000 ---p 00000000 00:00 0 
691cb08f8000-691cb09f8000 rw-p 00000000 00:00 0 
691cb09f8000-691cb09f9000 ---p 00000000 00:00 0 
691cb09f9000-691cb0af9000 rw-p 00000000 00:00 0 
691cb0af9000-691cb0afa000 ---p 00000000 00:00 0 
691cb0afa000-691cb0bfa000 rw-p 00000000 00:00 0 
691cb0bfa000-691cb0bfb000 ---p 00000000 00:00 0 
691cb0bfb000-691cb0cfb000 rw-p 00000000 00:00 0 
691cb0cfb000-691cb0cfc000 ---p 00000000 00:00 0 
691cb0cfc000-691cb0dfc000 rw-p 00000000 00:00 0 
691cb0dfc000-691cb0dfd000 ---p 00000000 00:00 0 
691cb0dfd000-691cb0efd000 rw-p 00000000 00:00 0 
691cb0efd000-691cb0efe000 ---p 00000000 00:00 0 
691cb0efe000-691cb0ffe000 rw-p 00000000 00:00 0 
691cb0ffe000-691cb0fff000 ---p 00000000 00:00 0 
691cb0fff000-691cb10ff000 rw-p 00000000 00:00 0 
691cb10ff000-691cb1100000 ---p 00000000 00:00 0 
691cb1100000-691cb1200000 rw-p 00000000 00:00 0 
691cb1200000-691cb4200000 rw-p 00000000 00:00 0 
691cb42fb000-691cb42fc000 ---p 00000000 00:00 0 
691cb42fc000-691cb43fc000 rw-p 00000000 00:00 0 
691cb43fc000-691ce4400000 rw-p 00000000 00:00 0 
691ce4400000-691ce5400000 ---p 00000000 00:00 0                          [anon:mmtk:sidemeta:all:all-quarantined]
691ce5400000-691ce5800000 rw-p 00000000 00:00 0                          [anon:mmtk:sidemeta:immix:VO_BIT]
691ce5800000-691ce5c00000 rw-p 00000000 00:00 0                          [anon:mmtk:sidemeta:los:VO_BIT]
691ce5c00000-6b1ce6400000 ---p 00000000 00:00 0                          [anon:mmtk:sidemeta:all:all-quarantined]
6b1ce6400000-6b1ce6800000 rw-p 00000000 00:00 0                          [anon:mmtk:sidemeta:immix:CHUNK_MARK]
6b1ce6800000-6b1ce9400000 ---p 00000000 00:00 0                          [anon:mmtk:sidemeta:all:all-quarantined]
6b1ce9400000-6b1ce9800000 rw-p 00000000 00:00 0                          [anon:mmtk:sidemeta:immix:VMGlobalLogBitSpec]
6b1ce9800000-6b1ce9c00000 rw-p 00000000 00:00 0                          [anon:mmtk:sidemeta:los:VMGlobalLogBitSpec]
6b1ce9c00000-6d24e8800000 ---p 00000000 00:00 0                          [anon:mmtk:sidemeta:all:all-quarantined]
6d24e8800000-6d24e8c00000 rw-p 00000000 00:00 0                          [anon:mmtk:sidemeta:immix:IX_LINE_MARK]
6d24e8c00000-6da4e8400000 ---p 00000000 00:00 0                          [anon:mmtk:sidemeta:all:all-quarantined]
6da4e8400000-6da4e8800000 rw-p 00000000 00:00 0                          [anon:mmtk:sidemeta:immix:IX_BLOCK_DEFRAG]
6da4e8800000-6da5e8400000 ---p 00000000 00:00 0                          [anon:mmtk:sidemeta:all:all-quarantined]
6da5e8400000-6da5e8800000 rw-p 00000000 00:00 0                          [anon:mmtk:sidemeta:immix:IX_BLOCK_MARK]
6da5e8800000-73c768400000 ---p 00000000 00:00 0                          [anon:mmtk:sidemeta:all:all-quarantined]
73c768400000-73c768800000 rw-p 00000000 00:00 0                          [anon:mmtk:sidemeta:los:VMLocalLOSMarkNurserySpec]
73c768800000-73c969400000 ---p 00000000 00:00 0                          [anon:mmtk:sidemeta:all:all-quarantined]
73c969400000-73c969c00000 rw-p 00000000 00:00 0                          [anon:mmtk:sidemeta:immix:VMLocalMarkBitSpec]
73c969c00000-75c968400000 ---p 00000000 00:00 0                          [anon:mmtk:sidemeta:all:all-quarantined]
75c9684fc000-75c9684fd000 ---p 00000000 00:00 0 
75c9684fd000-75c9685fd000 rw-p 00000000 00:00 0 
75c9685fd000-75c9685fe000 ---p 00000000 00:00 0 
75c9685fe000-75c9686fe000 rw-p 00000000 00:00 0 
75c9686fe000-75c9686ff000 ---p 00000000 00:00 0 
75c9686ff000-75c9687ff000 rw-p 00000000 00:00 0 
75c9687ff000-75c988800000 rw-p 00000000 00:00 0 
75c988800000-75c988f40000 rwxp 00000000 00:00 0 
75c988f40000-75c98fc17000 ---p 00000000 00:00 0 
75c98fc17000-75c98ffa7000 rwxp 00000000 00:00 0 
75c98ffa7000-75c9903e8000 ---p 00000000 00:00 0 
75c9903e8000-75c9908c8000 rwxp 00000000 00:00 0 
75c9908c8000-75c997800000 ---p 00000000 00:00 0 
75c997800000-75c99ffa0000 r--s 00000000 fc:00 49676300                   /mydata/openjdk-mmtk/build/b0test/images/jdk/lib/modules
75c9a0000000-75c9a07e5000 rw-p 00000000 00:00 0 
75c9a07e5000-75c9a4000000 ---p 00000000 00:00 0 
75c9a4029000-75c9a402e000 r--p 00000000 fc:00 49676433                   /mydata/openjdk-mmtk/build/b0test/images/jdk/lib/libjsvml.so
75c9a402e000-75c9a406f000 r-xp 00005000 fc:00 49676433                   /mydata/openjdk-mmtk/build/b0test/images/jdk/lib/libjsvml.so
75c9a406f000-75c9a40f8000 r--p 00046000 fc:00 49676433                   /mydata/openjdk-mmtk/build/b0test/images/jdk/lib/libjsvml.so
75c9a40f8000-75c9a40f9000 r--p 000ce000 fc:00 49676433                   /mydata/openjdk-mmtk/build/b0test/images/jdk/lib/libjsvml.so
75c9a40f9000-75c9a40fa000 rw-p 000cf000 fc:00 49676433                   /mydata/openjdk-mmtk/build/b0test/images/jdk/lib/libjsvml.so
75c9a40fa000-75c9a40fb000 ---p 00000000 00:00 0 
75c9a40fb000-75c9a41fb000 rw-p 00000000 00:00 0 
75c9a41fb000-75c9a41fc000 ---p 00000000 00:00 0 
75c9a41fc000-75c9a42fc000 rw-p 00000000 00:00 0 
75c9a42fc000-75c9a42fd000 ---p 00000000 00:00 0 
75c9a42fd000-75c9a43fd000 rw-p 00000000 00:00 0 
75c9a43fd000-75c9a43fe000 ---p 00000000 00:00 0 
75c9a43fe000-75c9a44fe000 rw-p 00000000 00:00 0 
75c9a44fe000-75c9a44ff000 ---p 00000000 00:00 0 
75c9a44ff000-75c9a45ff000 rw-p 00000000 00:00 0 
75c9a45ff000-75c9a4600000 ---p 00000000 00:00 0 
75c9a4600000-75c9a4700000 rw-p 00000000 00:00 0 
75c9a4700000-75c9a4704000 ---p 00000000 00:00 0 
75c9a4704000-75c9a4800000 rw-p 00000000 00:00 0 
75c9a4800000-75c9a4804000 ---p 00000000 00:00 0 
75c9a4804000-75c9a4900000 rw-p 00000000 00:00 0 
75c9a4900000-75c9a4904000 ---p 00000000 00:00 0 
75c9a4904000-75c9a4a00000 rw-p 00000000 00:00 0 
75c9a4a00000-75c9a4ceb000 r--p 00000000 08:03 1410552                    /usr/lib/locale/locale-archive
75c9a4cfc000-75c9a4cfd000 ---p 00000000 00:00 0 
75c9a4cfd000-75c9a4dfd000 rw-p 00000000 00:00 0 
75c9a4dfd000-75c9a4dfe000 ---p 00000000 00:00 0 
75c9a4dfe000-75c9a4efe000 rw-p 00000000 00:00 0 
75c9a4efe000-75c9a4eff000 ---p 00000000 00:00 0 
75c9a4eff000-75c9a4fff000 rw-p 00000000 00:00 0 
75c9a4fff000-75c9a5600000 rw-p 00000000 00:00 0 
75c9a5600000-75c9a560c000 r--p 00000000 fc:00 13107820                   /mydata/gc-bpf-fault/shim/libgcbpf.so
75c9a560c000-75c9a566e000 r-xp 0000c000 fc:00 13107820                   /mydata/gc-bpf-fault/shim/libgcbpf.so
75c9a566e000-75c9a58de000 r--p 0006e000 fc:00 13107820                   /mydata/gc-bpf-fault/shim/libgcbpf.so
75c9a58de000-75c9a58e0000 r--p 002de000 fc:00 13107820                   /mydata/gc-bpf-fault/shim/libgcbpf.so
75c9a58e0000-75c9a58e1000 rw-p 002e0000 fc:00 13107820                   /mydata/gc-bpf-fault/shim/libgcbpf.so
75c9a58e1000-75c9a58e2000 rw-p 00000000 00:00 0 
75c9a5974000-75c9a5978000 r--p 00000000 08:03 1410107                    /usr/lib/x86_64-linux-gnu/libzstd.so.1.5.5
75c9a5978000-75c9a5a1f000 r-xp 00004000 08:03 1410107                    /usr/lib/x86_64-linux-gnu/libzstd.so.1.5.5
75c9a5a1f000-75c9a5a2c000 r--p 000ab000 08:03 1410107                    /usr/lib/x86_64-linux-gnu/libzstd.so.1.5.5
75c9a5a2c000-75c9a5a2d000 r--p 000b7000 08:03 1410107                    /usr/lib/x86_64-linux-gnu/libzstd.so.1.5.5
75c9a5a2d000-75c9a5a2e000 rw-p 000b8000 08:03 1410107                    /usr/lib/x86_64-linux-gnu/libzstd.so.1.5.5
75c9a5a2e000-75c9a5a38000 rw-p 00000000 00:00 0 
75c9a5a38000-75c9a5b17000 ---p 00000000 00:00 0 
75c9a5b17000-75c9a5b26000 rw-p 00000000 00:00 0 
75c9a5b26000-75c9a5c00000 ---p 00000000 00:00 0 
75c9a5c00000-75c9a5d48000 r--p 00000000 fc:00 49676390                   /mydata/openjdk-mmtk/build/b0test/images/jdk/lib/server/libmmtk_openjdk.so
75c9a5d48000-75c9a5fcb000 r-xp 00147000 fc:00 49676390                   /mydata/openjdk-mmtk/build/b0test/images/jdk/lib/server/libmmtk_openjdk.so
75c9a5fcb000-75c9a600c000 r--p 003c9000 fc:00 49676390                   /mydata/openjdk-mmtk/build/b0test/images/jdk/lib/server/libmmtk_openjdk.so
75c9a600c000-75c9a600f000 rw-p 00409000 fc:00 49676390                   /mydata/openjdk-mmtk/build/b0test/images/jdk/lib/server/libmmtk_openjdk.so
75c9a600f000-75c9a6011000 rw-p 00000000 00:00 0 
75c9a6017000-75c9a601b000 ---p 00000000 00:00 0 
75c9a601b000-75c9a6117000 rw-p 00000000 00:00 0 
75c9a6117000-75c9a6127000 r--p 00000000 08:03 1411099                    /usr/lib/x86_64-linux-gnu/libm.so.6
75c9a6127000-75c9a61a6000 r-xp 00010000 08:03 1411099                    /usr/lib/x86_64-linux-gnu/libm.so.6
75c9a61a6000-75c9a61fe000 r--p 0008f000 08:03 1411099                    /usr/lib/x86_64-linux-gnu/libm.so.6
75c9a61fe000-75c9a61ff000 r--p 000e7000 08:03 1411099                    /usr/lib/x86_64-linux-gnu/libm.so.6
75c9a61ff000-75c9a6200000 rw-p 000e8000 08:03 1411099                    /usr/lib/x86_64-linux-gnu/libm.so.6
75c9a6200000-75c9a64a9000 r--p 00000000 fc:00 49676389                   /mydata/openjdk-mmtk/build/b0test/images/jdk/lib/server/libjvm.so
75c9a64a9000-75c9a733c000 r-xp 002a9000 fc:00 49676389                   /mydata/openjdk-mmtk/build/b0test/images/jdk/lib/server/libjvm.so
75c9a733c000-75c9a7620000 r--p 0113c000 fc:00 49676389                   /mydata/openjdk-mmtk/build/b0test/images/jdk/lib/server/libjvm.so
75c9a7620000-75c9a76f6000 r--p 0141f000 fc:00 49676389                   /mydata/openjdk-mmtk/build/b0test/images/jdk/lib/server/libjvm.so
75c9a76f6000-75c9a7726000 rw-p 014f5000 fc:00 49676389                   /mydata/openjdk-mmtk/build/b0test/images/jdk/lib/server/libjvm.so
75c9a7726000-75c9a778c000 rw-p 00000000 00:00 0 
75c9a7791000-75c9a7795000 r--p 00000000 fc:00 49676379                   /mydata/openjdk-mmtk/build/b0test/images/jdk/lib/libverify.so
75c9a7795000-75c9a779c000 r-xp 00004000 fc:00 49676379                   /mydata/openjdk-mmtk/build/b0test/images/jdk/lib/libverify.so
75c9a779c000-75c9a779e000 r--p 0000b000 fc:00 49676379                   /mydata/openjdk-mmtk/build/b0test/images/jdk/lib/libverify.so
75c9a779e000-75c9a77a0000 r--p 0000c000 fc:00 49676379                   /mydata/openjdk-mmtk/build/b0test/images/jdk/lib/libverify.so
75c9a77a0000-75c9a77a1000 rw-p 0000e000 fc:00 49676379                   /mydata/openjdk-mmtk/build/b0test/images/jdk/lib/libverify.so
75c9a77a1000-75c9a77a3000 r--p 00000000 fc:00 49676380                   /mydata/openjdk-mmtk/build/b0test/images/jdk/lib/libzip.so
75c9a77a3000-75c9a77a8000 r-xp 00002000 fc:00 49676380                   /mydata/openjdk-mmtk/build/b0test/images/jdk/lib/libzip.so
75c9a77a8000-75c9a77aa000 r--p 00007000 fc:00 49676380                   /mydata/openjdk-mmtk/build/b0test/images/jdk/lib/libzip.so
75c9a77aa000-75c9a77ab000 r--p 00008000 fc:00 49676380                   /mydata/openjdk-mmtk/build/b0test/images/jdk/lib/libzip.so
75c9a77ab000-75c9a77ac000 rw-p 00009000 fc:00 49676380                   /mydata/openjdk-mmtk/build/b0test/images/jdk/lib/libzip.so
75c9a77ac000-75c9a77af000 r--p 00000000 fc:00 49676376                   /mydata/openjdk-mmtk/build/b0test/images/jdk/lib/libnet.so
75c9a77af000-75c9a77b7000 r-xp 00003000 fc:00 49676376                   /mydata/openjdk-mmtk/build/b0test/images/jdk/lib/libnet.so
75c9a77b7000-75c9a77b9000 r--p 0000b000 fc:00 49676376                   /mydata/openjdk-mmtk/build/b0test/images/jdk/lib/libnet.so
75c9a77b9000-75c9a77ba000 r--p 0000c000 fc:00 49676376                   /mydata/openjdk-mmtk/build/b0test/images/jdk/lib/libnet.so
75c9a77ba000-75c9a77bb000 rw-p 0000d000 fc:00 49676376                   /mydata/openjdk-mmtk/build/b0test/images/jdk/lib/libnet.so
75c9a77bb000-75c9a77c2000 r--p 00000000 fc:00 49676377                   /mydata/openjdk-mmtk/build/b0test/images/jdk/lib/libnio.so
75c9a77c2000-75c9a77cb000 r-xp 00007000 fc:00 49676377                   /mydata/openjdk-mmtk/build/b0test/images/jdk/lib/libnio.so
75c9a77cb000-75c9a77cf000 r--p 00010000 fc:00 49676377                   /mydata/openjdk-mmtk/build/b0test/images/jdk/lib/libnio.so
75c9a77cf000-75c9a77d0000 r--p 00014000 fc:00 49676377                   /mydata/openjdk-mmtk/build/b0test/images/jdk/lib/libnio.so
75c9a77d0000-75c9a77d1000 rw-p 00015000 fc:00 49676377                   /mydata/openjdk-mmtk/build/b0test/images/jdk/lib/libnio.so
75c9a77d1000-75c9a77d4000 r--p 00000000 08:03 1410420                    /usr/lib/x86_64-linux-gnu/libelf-0.190.so
75c9a77d4000-75c9a77ea000 r-xp 00003000 08:03 1410420                    /usr/lib/x86_64-linux-gnu/libelf-0.190.so
75c9a77ea000-75c9a77ee000 r--p 00019000 08:03 1410420                    /usr/lib/x86_64-linux-gnu/libelf-0.190.so
75c9a77ee000-75c9a77ef000 r--p 0001c000 08:03 1410420                    /usr/lib/x86_64-linux-gnu/libelf-0.190.so
75c9a77ef000-75c9a77f0000 rw-p 0001d000 08:03 1410420                    /usr/lib/x86_64-linux-gnu/libelf-0.190.so
75c9a77f0000-75c9a77f8000 rw-p 00000000 00:00 0 
75c9a77f8000-75c9a7800000 ---p 00000000 00:00 0 
75c9a7800000-75c9a7828000 r--p 00000000 08:03 1410238                    /usr/lib/x86_64-linux-gnu/libc.so.6
75c9a7828000-75c9a79b0000 r-xp 00028000 08:03 1410238                    /usr/lib/x86_64-linux-gnu/libc.so.6
75c9a79b0000-75c9a79ff000 r--p 001b0000 08:03 1410238                    /usr/lib/x86_64-linux-gnu/libc.so.6
75c9a79ff000-75c9a7a03000 r--p 001fe000 08:03 1410238                    /usr/lib/x86_64-linux-gnu/libc.so.6
75c9a7a03000-75c9a7a05000 rw-p 00202000 08:03 1410238                    /usr/lib/x86_64-linux-gnu/libc.so.6
75c9a7a05000-75c9a7a12000 rw-p 00000000 00:00 0 
75c9a7a15000-75c9a7a1c000 r--s 00000000 08:03 1436340                    /usr/lib/x86_64-linux-gnu/gconv/gconv-modules.cache
75c9a7a1c000-75c9a7a29000 r--p 00000000 fc:00 49676369                   /mydata/openjdk-mmtk/build/b0test/images/jdk/lib/libjava.so
75c9a7a29000-75c9a7a38000 r-xp 0000d000 fc:00 49676369                   /mydata/openjdk-mmtk/build/b0test/images/jdk/lib/libjava.so
75c9a7a38000-75c9a7a3d000 r--p 0001c000 fc:00 49676369                   /mydata/openjdk-mmtk/build/b0test/images/jdk/lib/libjava.so
75c9a7a3d000-75c9a7a3e000 r--p 00021000 fc:00 49676369                   /mydata/openjdk-mmtk/build/b0test/images/jdk/lib/libjava.so
75c9a7a3e000-75c9a7a3f000 rw-p 00022000 fc:00 49676369                   /mydata/openjdk-mmtk/build/b0test/images/jdk/lib/libjava.so
75c9a7a3f000-75c9a7a40000 rw-p 00000000 00:00 0 
75c9a7a40000-75c9a7a48000 rw-s 00000000 08:03 237600                     /tmp/hsperfdata_root/481304
75c9a7a48000-75c9a7a4c000 r--p 00000000 fc:00 49676370                   /mydata/openjdk-mmtk/build/b0test/images/jdk/lib/libjimage.so
75c9a7a4c000-75c9a7a63000 r-xp 00004000 fc:00 49676370                   /mydata/openjdk-mmtk/build/b0test/images/jdk/lib/libjimage.so
75c9a7a63000-75c9a7a68000 r--p 0001b000 fc:00 49676370                   /mydata/openjdk-mmtk/build/b0test/images/jdk/lib/libjimage.so
75c9a7a68000-75c9a7a6a000 r--p 00020000 fc:00 49676370                   /mydata/openjdk-mmtk/build/b0test/images/jdk/lib/libjimage.so
75c9a7a6a000-75c9a7a6b000 rw-p 00022000 fc:00 49676370                   /mydata/openjdk-mmtk/build/b0test/images/jdk/lib/libjimage.so
75c9a7a6b000-75c9a7a6f000 r--p 00000000 08:03 1410148                    /usr/lib/x86_64-linux-gnu/libgcc_s.so.1
75c9a7a6f000-75c9a7a93000 r-xp 00004000 08:03 1410148                    /usr/lib/x86_64-linux-gnu/libgcc_s.so.1
75c9a7a93000-75c9a7a97000 r--p 00028000 08:03 1410148                    /usr/lib/x86_64-linux-gnu/libgcc_s.so.1
75c9a7a97000-75c9a7a98000 r--p 0002b000 08:03 1410148                    /usr/lib/x86_64-linux-gnu/libgcc_s.so.1
75c9a7a98000-75c9a7a99000 rw-p 0002c000 08:03 1410148                    /usr/lib/x86_64-linux-gnu/libgcc_s.so.1
75c9a7a99000-75c9a7a9b000 rw-p 00000000 00:00 0 
75c9a7a9b000-75c9a7a9d000 r--p 00000000 08:03 1409104                    /usr/lib/x86_64-linux-gnu/libz.so.1.3
75c9a7a9d000-75c9a7aaf000 r-xp 00002000 08:03 1409104                    /usr/lib/x86_64-linux-gnu/libz.so.1.3
75c9a7aaf000-75c9a7ab5000 r--p 00014000 08:03 1409104                    /usr/lib/x86_64-linux-gnu/libz.so.1.3
75c9a7ab5000-75c9a7ab6000 r--p 0001a000 08:03 1409104                    /usr/lib/x86_64-linux-gnu/libz.so.1.3
75c9a7ab6000-75c9a7ab7000 rw-p 0001b000 08:03 1409104                    /usr/lib/x86_64-linux-gnu/libz.so.1.3
75c9a7abc000-75c9a7abd000 rw-s 00000000 00:10 68                         anon_inode:bpf-map
75c9a7abd000-75c9a7abe000 r--s 00000000 00:10 68                         anon_inode:bpf-map
75c9a7abe000-75c9a7abf000 ---p 00000000 00:00 0 
75c9a7abf000-75c9a7ac0000 r--p 00000000 00:00 0 
75c9a7ac0000-75c9a7ac1000 ---p 00000000 00:00 0 
75c9a7ac1000-75c9a7ac3000 r--p 00000000 fc:00 49676372                   /mydata/openjdk-mmtk/build/b0test/images/jdk/lib/libjli.so
75c9a7ac3000-75c9a7acd000 r-xp 00002000 fc:00 49676372                   /mydata/openjdk-mmtk/build/b0test/images/jdk/lib/libjli.so
75c9a7acd000-75c9a7ad0000 r--p 0000c000 fc:00 49676372                   /mydata/openjdk-mmtk/build/b0test/images/jdk/lib/libjli.so
75c9a7ad0000-75c9a7ad1000 r--p 0000f000 fc:00 49676372                   /mydata/openjdk-mmtk/build/b0test/images/jdk/lib/libjli.so
75c9a7ad1000-75c9a7ad2000 rw-p 00010000 fc:00 49676372                   /mydata/openjdk-mmtk/build/b0test/images/jdk/lib/libjli.so
75c9a7ad2000-75c9a7ad4000 rw-p 00000000 00:00 0 
75c9a7ad4000-75c9a7ad8000 r--p 00000000 00:00 0                          [vvar]
75c9a7ad8000-75c9a7ada000 r--p 00000000 00:00 0                          [vvar_vclock]
75c9a7ada000-75c9a7adc000 r-xp 00000000 00:00 0                          [vdso]
75c9a7adc000-75c9a7add000 r--p 00000000 08:03 1409763                    /usr/lib/x86_64-linux-gnu/ld-linux-x86-64.so.2
75c9a7add000-75c9a7b08000 r-xp 00001000 08:03 1409763                    /usr/lib/x86_64-linux-gnu/ld-linux-x86-64.so.2
75c9a7b08000-75c9a7b12000 r--p 0002c000 08:03 1409763                    /usr/lib/x86_64-linux-gnu/ld-linux-x86-64.so.2
75c9a7b12000-75c9a7b14000 r--p 00036000 08:03 1409763                    /usr/lib/x86_64-linux-gnu/ld-linux-x86-64.so.2
75c9a7b14000-75c9a7b16000 rw-p 00038000 08:03 1409763                    /usr/lib/x86_64-linux-gnu/ld-linux-x86-64.so.2
7fff90a05000-7fff90a26000 rw-p 00000000 00:00 0                          [stack]
ffffffffff600000-ffffffffff601000 --xp 00000000 00:00 0                  [vsyscall]
Total number of mappings: 573

JVMTI agents: none


VM Arguments:
jvm_args: -XX:+UseThirdPartyHeap -Xms512m -Xmx512m 
java_command: /mydata/dacapo/dacapo-23.11/dacapo-23.11-MR2-chopin.jar xalan -n 3
java_class_path (initial): /mydata/dacapo/dacapo-23.11/dacapo-23.11-MR2-chopin.jar
Launcher Type: SUN_STANDARD

[Global flags]
     intx CICompilerCount                          = 15                                        {product} {ergonomic}
   size_t InitialHeapSize                          = 536870912                                 {product} {command line}
   size_t MaxHeapSize                              = 536870912                                 {product} {command line}
   size_t MinHeapDeltaBytes                        = 524288                                    {product} {ergonomic}
   size_t MinHeapSize                              = 536870912                                 {product} {command line}
    uintx NonNMethodCodeHeapSize                   = 8192380                                {pd product} {ergonomic}
    uintx NonProfiledCodeHeapSize                  = 121732930                              {pd product} {ergonomic}
    uintx ProfiledCodeHeapSize                     = 121732930                              {pd product} {ergonomic}
    uintx ReservedCodeCacheSize                    = 251658240                              {pd product} {ergonomic}
     bool SegmentedCodeCache                       = true                                      {product} {ergonomic}
   size_t SoftMaxHeapSize                          = 536870912                              {manageable} {ergonomic}
     bool UseCompressedOops                        = true                           {product lp64_product} {ergonomic}

Logging:
Log output configuration:
 #0: stdout all=warning uptime,level,tags foldmultilines=false
 #1: stderr all=off uptime,level,tags foldmultilines=false

Release file:
IMPLEMENTOR="N/A"
JAVA_RUNTIME_VERSION="21.0.9-internal-adhoc.talzuss.openjdk-mmtk"
JAVA_VERSION="21.0.9"
JAVA_VERSION_DATE="2025-10-21"
LIBC="gnu"
MODULES="java.base java.compiler java.datatransfer java.xml java.prefs java.desktop java.instrument java.logging java.management java.security.sasl java.naming java.rmi java.management.rmi java.net.http java.scripting java.security.jgss java.transaction.xa java.sql java.sql.rowset java.xml.crypto java.se java.smartcardio jdk.accessibility jdk.internal.jvmstat jdk.attach jdk.charsets jdk.internal.opt jdk.zipfs jdk.compiler jdk.crypto.ec jdk.crypto.cryptoki jdk.dynalink jdk.internal.ed jdk.editpad jdk.hotspot.agent jdk.httpserver jdk.incubator.vector jdk.internal.le jdk.internal.vm.ci jdk.internal.vm.compiler jdk.internal.vm.compiler.management jdk.jartool jdk.javadoc jdk.jcmd jdk.management jdk.management.agent jdk.jconsole jdk.jdeps jdk.jdwp.agent jdk.jdi jdk.jfr jdk.jlink jdk.jpackage jdk.jshell jdk.jsobject jdk.jstatd jdk.localedata jdk.management.jfr jdk.naming.dns jdk.naming.rmi jdk.net jdk.nio.mapmode jdk.random jdk.sctp jdk.security.auth jdk.security.jgss jdk.unsupported jdk.unsupported.desktop jdk.xml.dom"
OS_ARCH="x86_64"
OS_NAME="Linux"
SOURCE=".:git:b557520f04b3+"

Environment Variables:
PATH=/usr/local/sbin:/usr/local/bin:/usr/sbin:/usr/bin:/sbin:/bin:/snap/bin
SHELL=/bin/bash
LANG=en_US.UTF-8
TERM=tmux-256color

Active Locale:
LC_ALL=en_US.UTF-8
LC_COLLATE=en_US.UTF-8
LC_CTYPE=en_US.UTF-8
LC_MESSAGES=en_US.UTF-8
LC_MONETARY=en_US.UTF-8
LC_NUMERIC=en_US.UTF-8
LC_TIME=en_US.UTF-8

Signal Handlers:
   SIGSEGV: crash_handler in libjvm.so, mask=11100100010111111101111111111110, flags=SA_RESTART|SA_SIGINFO, unblocked
    SIGBUS: crash_handler in libjvm.so, mask=11100100010111111101111111111110, flags=SA_RESTART|SA_SIGINFO, unblocked
    SIGFPE: crash_handler in libjvm.so, mask=11100100010111111101111111111110, flags=SA_RESTART|SA_SIGINFO, unblocked
   SIGPIPE: javaSignalHandler in libjvm.so, mask=11100100010111111101111111111110, flags=SA_RESTART|SA_SIGINFO, blocked
   SIGXFSZ: javaSignalHandler in libjvm.so, mask=11100100010111111101111111111110, flags=SA_RESTART|SA_SIGINFO, blocked
    SIGILL: crash_handler in libjvm.so, mask=11100100010111111101111111111110, flags=SA_RESTART|SA_SIGINFO, unblocked
   SIGUSR2: SR_handler in libjvm.so, mask=00000000000000000000000000000000, flags=SA_RESTART|SA_SIGINFO, blocked
    SIGHUP: UserHandler in libjvm.so, mask=11100100010111111101111111111110, flags=SA_RESTART|SA_SIGINFO, blocked
    SIGINT: UserHandler in libjvm.so, mask=11100100010111111101111111111110, flags=SA_RESTART|SA_SIGINFO, blocked
   SIGTERM: UserHandler in libjvm.so, mask=11100100010111111101111111111110, flags=SA_RESTART|SA_SIGINFO, blocked
   SIGQUIT: UserHandler in libjvm.so, mask=11100100010111111101111111111110, flags=SA_RESTART|SA_SIGINFO, blocked
   SIGTRAP: crash_handler in libjvm.so, mask=11100100010111111101111111111110, flags=SA_RESTART|SA_SIGINFO, unblocked


Periodic native trim disabled

---------------  S Y S T E M  ---------------

OS:
DISTRIB_ID=Ubuntu
DISTRIB_RELEASE=24.04
DISTRIB_CODENAME=noble
DISTRIB_DESCRIPTION="Ubuntu 24.04.4 LTS"
uname: Linux 6.17.0-bpf-fault+ #1 SMP PREEMPT_DYNAMIC Mon Jul  6 16:43:12 MDT 2026 x86_64
OS uptime: 1 days 3:47 hours
libc: glibc 2.39 NPTL 2.39 
rlimit (soft/hard): STACK 8192k/infinity , CORE 0k/0k , NPROC 513205/513205 , NOFILE 1048576/1048576 , AS infinity/infinity , CPU infinity/infinity , DATA infinity/infinity , FSIZE infinity/infinity , MEMLOCK 16436528k/16436528k
load average: 3.81 2.57 2.40

/proc/meminfo:
MemTotal:       131492232 kB
MemFree:        64030704 kB
MemAvailable:   111880040 kB
Buffers:          579424 kB
Cached:         46510080 kB
SwapCached:            0 kB
Active:          4755840 kB
Inactive:       46264840 kB
Active(anon):    3949356 kB
Inactive(anon):        0 kB
Active(file):     806484 kB
Inactive(file): 46264840 kB
Unevictable:       41912 kB
Mlocked:           38840 kB
SwapTotal:       8388604 kB
SwapFree:        8388604 kB
Zswap:                 0 kB
Zswapped:              0 kB
Dirty:             45424 kB
Writeback:             0 kB
AnonPages:       3974836 kB
Mapped:         12905276 kB
Shmem:              5316 kB
KReclaimable:    2029696 kB
Slab:            2574000 kB
SReclaimable:    2029696 kB
SUnreclaim:       544304 kB
KernelStack:       12880 kB
PageTables:        73624 kB
SecPageTables:      9776 kB
NFS_Unstable:          0 kB
Bounce:                0 kB
WritebackTmp:          0 kB
CommitLimit:    74134720 kB
Committed_AS:   165437392 kB
VmallocTotal:   34359738367 kB
VmallocUsed:       38972 kB
VmallocChunk:          0 kB
Percpu:            51072 kB
HardwareCorrupted:     0 kB
AnonHugePages:         0 kB
ShmemHugePages:        0 kB
ShmemPmdMapped:        0 kB
FileHugePages:   2177024 kB
FilePmdMapped:         0 kB
Unaccepted:            0 kB
Balloon:               0 kB
HugePages_Total:       0
HugePages_Free:        0
HugePages_Rsvd:        0
HugePages_Surp:        0
Hugepagesize:       2048 kB
Hugetlb:               0 kB
DirectMap4k:     1256256 kB
DirectMap2M:    30836736 kB
DirectMap1G:    101711872 kB

/sys/kernel/mm/transparent_hugepage/enabled: always [madvise] never
/sys/kernel/mm/transparent_hugepage/hpage_pmd_size: 2097152
/sys/kernel/mm/transparent_hugepage/defrag (defrag/compaction efforts parameter): always defer defer+madvise [madvise] never

Process Memory:
Virtual Size: 13620524140K (peak: 13620535380K)
Resident Set Size: 4537824K (peak: 4537824K) (anon: 1364444K, file: 3173380K, shmem: 0K)
Swapped out: 0K
C-Heap outstanding allocations: 1336290K, retained: 213517K
glibc malloc tunables: (default)

/proc/sys/kernel/threads-max (system-wide limit on the number of threads): 1026411
/proc/sys/vm/max_map_count (maximum number of memory map areas a process may have): 1048576
/proc/sys/vm/swappiness (control to define how aggressively the kernel swaps out anonymous memory): 60
/proc/sys/kernel/pid_max (system-wide limit on number of process identifiers): 4194304

container information not found.
Steal ticks since vm start: 0
Steal ticks percentage since vm start:  0.000

CPU: total 32 (initial active 32) (32 cores per cpu, 2 threads per core) family 23 model 49 stepping 0 microcode 0x830107c, cx8, cmov, fxsr, ht, mmx, 3dnowpref, sse, sse2, sse3, ssse3, sse4a, sse4.1, sse4.2, popcnt, lzcnt, tsc, tscinvbit, avx, avx2, aes, clmul, bmi1, bmi2, adx, sha, fma, vzeroupper, clflush, clflushopt, rdtscp, rdpid, f16c
CPU Model and flags from /proc/cpuinfo:
model name	: AMD EPYC 7302P 16-Core Processor
flags		: fpu vme de pse tsc msr pae mce cx8 apic sep mtrr pge mca cmov pat pse36 clflush mmx fxsr sse sse2 ht syscall nx mmxext fxsr_opt pdpe1gb rdtscp lm constant_tsc rep_good nopl xtopology nonstop_tsc cpuid extd_apicid aperfmperf rapl pni pclmulqdq monitor ssse3 fma cx16 sse4_1 sse4_2 movbe popcnt aes xsave avx f16c rdrand lahf_lm cmp_legacy svm extapic cr8_legacy abm sse4a misalignsse 3dnowprefetch osvw ibs skinit wdt tce topoext perfctr_core perfctr_nb bpext perfctr_llc mwaitx cpb cat_l3 cdp_l3 hw_pstate ssbd mba ibrs ibpb stibp vmmcall fsgsbase bmi1 avx2 smep bmi2 cqm rdt_a rdseed adx smap clflushopt clwb sha_ni xsaveopt xsavec xgetbv1 xsaves cqm_llc cqm_occup_llc cqm_mbm_total cqm_mbm_local clzero irperf xsaveerptr rdpru wbnoinvd amd_ppin arat npt lbrv svm_lock nrip_save tsc_scale vmcb_clean flushbyasid decodeassists pausefilter pfthreshold avic v_vmsave_vmload vgif v_spec_ctrl umip rdpid overflow_recov succor smca sev sev_es

Online cpus: 0-31
Offline cpus: 
BIOS frequency limitation: <Not Available>
Frequency switch latency (ns): <Not Available>
Available cpu frequencies: <Not Available>
Current governor: <Not Available>
Core performance/turbo boost: <Not Available>

Memory: 4k page, physical 131492232k(111880040k free), swap 8388604k(8388604k free)
Page Sizes: 4k

vm_info: OpenJDK 64-Bit Server VM (21.0.9-internal-adhoc.talzuss.openjdk-mmtk) for linux-amd64 JRE (21.0.9-internal-adhoc.talzuss.openjdk-mmtk), built on 2026-07-06T23:13:08Z by "talzuss" with gcc 13.3.0
heap_info: MMTk OpenJDK 0.32.0 (4a37ddd-dirty), using MMTk 0.32.0 (3ecdf08-dirty, BUILTIN_ENV_LOGGER, DEFAULT, EAGER_SWEEPING, VO_BIT)§Éu

END.
